La génération a démarré 31/07/2025 07:37:34.
     0>L’enregistreur d’événements du terminal n’a pas été utilisé car la sortie est redirigée vers un fichier.
       Processus = "C:\Program Files\dotnet\dotnet.exe"
       Chemin de l'exécutable MSBuild = "C:\Program Files\dotnet\sdk\9.0.302\MSBuild.dll"
       Arguments de ligne de commande = "C:\Program Files\dotnet\sdk\9.0.302\MSBuild.dll -maxcpucount -verbosity:m -tlp:default=auto -nologo -restore -consoleloggerparameters:Summary -verbosity:detailed -distributedlogger:Microsoft.DotNet.Tools.MSBuild.MSBuildLogger,C:\Program Files\dotnet\sdk\9.0.302\dotnet.dll*Microsoft.DotNet.Tools.MSBuild.MSBuildForwardingLogger,C:\Program Files\dotnet\sdk\9.0.302\dotnet.dll"
       Répertoire actif = "C:\Users\kerne\Music\Apps\DiversityPub"
       Version de MSBuild = "17.14.13+65391c53b"
       D’après la clé de Registre Windows LongPathsEnabled, la fonctionnalité LongPaths est désactivé.
       Basé sur la clé de Registre Windows VerifiedAndReputablePolicyState, état SAC = 0 : désactivé.
       C:\Users\kerne\Music\Apps\DiversityPub\DiversityPub.sln.metaproj : message : Propriété 'MSBuildExtensionsPath' avec la valeur 'C:\Program Files\dotnet\sdk\9.0.302\' développée à partir de l’environnement.
       Assembly chargé pendant Evaluation : System.Threading.Tasks.Parallel, Version=9.0.0.0, Culture=neutral, PublicKeyToken=b03f5f7f11d50a3a (emplacement : C:\Program Files\dotnet\shared\Microsoft.NETCore.App\9.0.7\System.Threading.Tasks.Parallel.dll, MVID : 4de5d855-9345-49aa-a301-03a826627923, AssemblyLoadContext : Default)
       C:\Program Files\dotnet\sdk\9.0.302\NuGet.targets(112,5): message : Réassignation de propriété : $(_GenerateRestoreGraphProjectEntryInputProperties)="
       C:\Program Files\dotnet\sdk\9.0.302\NuGet.targets(112,5): message :       ExcludeRestorePackageImports=true;
       C:\Program Files\dotnet\sdk\9.0.302\NuGet.targets(112,5): message :       _RestoreSolutionFileUsed=true;
       C:\Program Files\dotnet\sdk\9.0.302\NuGet.targets(112,5): message :       SolutionDir=C:\Users\kerne\Music\Apps\DiversityPub\;
       C:\Program Files\dotnet\sdk\9.0.302\NuGet.targets(112,5): message :       SolutionName=DiversityPub;
       C:\Program Files\dotnet\sdk\9.0.302\NuGet.targets(112,5): message :       SolutionFileName=DiversityPub.sln;
       C:\Program Files\dotnet\sdk\9.0.302\NuGet.targets(112,5): message :       SolutionPath=C:\Users\kerne\Music\Apps\DiversityPub\DiversityPub.sln;
       C:\Program Files\dotnet\sdk\9.0.302\NuGet.targets(112,5): message :       SolutionExt=.sln;
       C:\Program Files\dotnet\sdk\9.0.302\NuGet.targets(112,5): message :     " (valeur précédente : "ExcludeRestorePackageImports=true") à C:\Program Files\dotnet\sdk\9.0.302\NuGet.targets (112,5)
       Assembly chargé pendant Evaluation : System.Numerics.Vectors, Version=9.0.0.0, Culture=neutral, PublicKeyToken=b03f5f7f11d50a3a (emplacement : C:\Program Files\dotnet\shared\Microsoft.NETCore.App\9.0.7\System.Numerics.Vectors.dll, MVID : 2d920705-fa4e-45e0-b686-d83597ef985c, AssemblyLoadContext : Default)
       Remplacement de la cible "Restore" du projet "C:\Users\kerne\Music\Apps\DiversityPub\DiversityPub.sln.metaproj" par la cible "Restore" du projet "C:\Program Files\dotnet\sdk\9.0.302\NuGet.targets".
       La cible "Store" répertoriée dans un attribut BeforeTargets à "C:\Program Files\dotnet\sdk\9.0.302\Current\SolutionFile\ImportAfter\Microsoft.NET.Sdk.Solution.targets (33,11)" n'existe pas dans le projet et sera ignorée.
       La cible "VSTest" répertoriée dans un attribut BeforeTargets à "C:\Program Files\dotnet\sdk\9.0.302\Current\SolutionFile\ImportAfter\Microsoft.NET.Sdk.Solution.targets (33,11)" n'existe pas dans le projet et sera ignorée.
       La cible "_CheckForInvalidConfigurationAndPlatform" répertoriée dans un attribut BeforeTargets à "C:\Program Files\dotnet\sdk\9.0.302\NuGet.targets (711,11)" n'existe pas dans le projet et sera ignorée.
     1>Projet "C:\Users\kerne\Music\Apps\DiversityPub\DiversityPub.sln" sur le nœud 1 (Restore cible(s)).
     1>Cible "ValidateSolutionConfiguration" dans le fichier "C:\Users\kerne\Music\Apps\DiversityPub\DiversityPub.sln.metaproj" du projet "C:\Users\kerne\Music\Apps\DiversityPub\DiversityPub.sln" (point d'entrée) :
     1>Tâche "Error" ignorée en raison d'une fausse condition ; (('$(CurrentSolutionConfigurationContents)' == '') and ('$(SkipInvalidConfigurations)' != 'true')) a été évaluée comme (('<SolutionConfiguration>
  <ProjectConfiguration Project="{F46F34F1-DA9C-4A71-8A4C-E99D23277B54}" AbsolutePath="C:\Users\kerne\Music\Apps\DiversityPub\DiversityPub.csproj" BuildProjectInSolution="True">Debug|AnyCPU</ProjectConfiguration>
</SolutionConfiguration>' == '') and ('' != 'true')).
       Tâche "Warning" ignorée en raison d'une fausse condition ; (('$(CurrentSolutionConfigurationContents)' == '') and ('$(SkipInvalidConfigurations)' == 'true')) a été évaluée comme (('<SolutionConfiguration>
         <ProjectConfiguration Project="{F46F34F1-DA9C-4A71-8A4C-E99D23277B54}" AbsolutePath="C:\Users\kerne\Music\Apps\DiversityPub\DiversityPub.csproj" BuildProjectInSolution="True">Debug|AnyCPU</ProjectConfiguration>
       </SolutionConfiguration>' == '') and ('' == 'true')).
       Utilisation de la tâche "Message" à partir de l'assembly "Microsoft.Build.Tasks.Core, Version=15.1.0.0, Culture=neutral, PublicKeyToken=b03f5f7f11d50a3a".
       Tâche "Message"
         Génération de la configuration de solution "Debug|Any CPU".
       Exécution de la tâche "Message" terminée.
     1>Génération de la cible "ValidateSolutionConfiguration" terminée dans le projet "DiversityPub.sln".
     1>Cible "ValidateToolsVersions" dans le fichier "C:\Users\kerne\Music\Apps\DiversityPub\DiversityPub.sln.metaproj" du projet "C:\Users\kerne\Music\Apps\DiversityPub\DiversityPub.sln" (point d'entrée) :
       Tâche "Error" ignorée en raison d'une fausse condition ; ('$(MSBuildToolsVersion)' == '2.0' and ('$(ProjectToolsVersion)' != '2.0' and '$(ProjectToolsVersion)' != '')) a été évaluée comme ('Current' == '2.0' and ('' != '2.0' and '' != '')).
     1>Génération de la cible "ValidateToolsVersions" terminée dans le projet "DiversityPub.sln".
     1>Cible "ValidateProjects" dans le fichier "C:\Users\kerne\Music\Apps\DiversityPub\DiversityPub.sln.metaproj" du projet "C:\Users\kerne\Music\Apps\DiversityPub\DiversityPub.sln" (point d'entrée) :
     1>Génération de la cible "ValidateProjects" terminée dans le projet "DiversityPub.sln".
     1>Cible "_LoadRestoreGraphEntryPoints" dans le fichier "C:\Program Files\dotnet\sdk\9.0.302\NuGet.targets" du projet "C:\Users\kerne\Music\Apps\DiversityPub\DiversityPub.sln" (la cible "_FilterRestoreGraphProjectInputItems" en dépend) :
       Assembly chargé pendant TaskRun : NuGet.Build.Tasks, Version=6.14.0.116, Culture=neutral, PublicKeyToken=31bf3856ad364e35 (emplacement : C:\Program Files\dotnet\sdk\9.0.302\NuGet.Build.Tasks.dll, MVID : c545d64d-0cbb-4fc0-971c-b5c1c1e75cf3, AssemblyLoadContext : MSBuild plugin C:\Program Files\dotnet\sdk\9.0.302\NuGet.Build.Tasks.dll)
       Assembly chargé pendant TaskRun : System.Reflection.Metadata, Version=9.0.0.0, Culture=neutral, PublicKeyToken=b03f5f7f11d50a3a (emplacement : C:\Program Files\dotnet\shared\Microsoft.NETCore.App\9.0.7\System.Reflection.Metadata.dll, MVID : 6e38b5f6-9f55-41d1-a506-a57a273571f1, AssemblyLoadContext : Default)
       Assembly chargé pendant TaskRun : NuGet.Common, Version=6.14.0.116, Culture=neutral, PublicKeyToken=31bf3856ad364e35 (emplacement : C:\Program Files\dotnet\sdk\9.0.302\NuGet.Common.dll, MVID : 0fbb79ae-e358-4591-bc91-e34371a3d05b, AssemblyLoadContext : MSBuild plugin C:\Program Files\dotnet\sdk\9.0.302\NuGet.Build.Tasks.dll)
       Assembly chargé pendant TaskRun : NuGet.Commands, Version=6.14.0.116, Culture=neutral, PublicKeyToken=31bf3856ad364e35 (emplacement : C:\Program Files\dotnet\sdk\9.0.302\NuGet.Commands.dll, MVID : e743f127-1013-45a0-a669-058903e72acf, AssemblyLoadContext : MSBuild plugin C:\Program Files\dotnet\sdk\9.0.302\NuGet.Build.Tasks.dll)
       Assembly chargé pendant TaskRun : NuGet.ProjectModel, Version=6.14.0.116, Culture=neutral, PublicKeyToken=31bf3856ad364e35 (emplacement : C:\Program Files\dotnet\sdk\9.0.302\NuGet.ProjectModel.dll, MVID : 08d0df58-191b-4580-9b46-c281ab5b9b36, AssemblyLoadContext : MSBuild plugin C:\Program Files\dotnet\sdk\9.0.302\NuGet.Build.Tasks.dll)
       Utilisation de la tâche "GetRestoreSolutionProjectsTask" à partir de l'assembly "C:\Program Files\dotnet\sdk\9.0.302\NuGet.Build.Tasks.dll".
       Tâche "GetRestoreSolutionProjectsTask"
       Exécution de la tâche "GetRestoreSolutionProjectsTask" terminée.
     1>Génération de la cible "_LoadRestoreGraphEntryPoints" terminée dans le projet "DiversityPub.sln".
     1>Cible "_FilterRestoreGraphProjectInputItems" dans le fichier "C:\Program Files\dotnet\sdk\9.0.302\NuGet.targets" du projet "C:\Users\kerne\Music\Apps\DiversityPub\DiversityPub.sln" (la cible "_GenerateRestoreGraph" en dépend) :
       Utilisation de la tâche "RemoveDuplicates" à partir de l'assembly "Microsoft.Build.Tasks.Core, Version=15.1.0.0, Culture=neutral, PublicKeyToken=b03f5f7f11d50a3a".
       Tâche "RemoveDuplicates"
       Exécution de la tâche "RemoveDuplicates" terminée.
       Utilisation de la tâche "MSBuild" à partir de l'assembly "Microsoft.Build.Tasks.Core, Version=15.1.0.0, Culture=neutral, PublicKeyToken=b03f5f7f11d50a3a".
       Tâche "MSBuild"
         Propriétés globales :
           ExcludeRestorePackageImports=true
           _RestoreSolutionFileUsed=true
           SolutionDir=C:\Users\kerne\Music\Apps\DiversityPub\
           SolutionName=DiversityPub
           SolutionFileName=DiversityPub.sln
           SolutionPath=C:\Users\kerne\Music\Apps\DiversityPub\DiversityPub.sln
           SolutionExt=.sln
         Propriétés supplémentaires du projet "C:\Users\kerne\Music\Apps\DiversityPub\DiversityPub.csproj":
           Configuration=Debug
           Platform=AnyCPU
     0>Le « Microsoft.NET.Sdk.Web » SDK a été résolu par le programme de résolution de « DefaultSdkResolver » en « C:\Program Files\dotnet\sdk\9.0.302\Sdks\Microsoft.NET.Sdk.Web\Sdk » d’emplacement et en version «  ».
       Assembly chargé pendant Evaluation : NuGet.Frameworks, Version=6.14.0.116, Culture=neutral, PublicKeyToken=31bf3856ad364e35 (emplacement : C:\Program Files\dotnet\sdk\9.0.302\NuGet.Frameworks.dll, MVID : 6b5909cd-5145-46c4-9595-25461e82c126, AssemblyLoadContext : Assembly.LoadFile(C:\Program Files\dotnet\sdk\9.0.302\NuGet.Frameworks.dll))
       Le « Microsoft.NET.Sdk » SDK a été résolu par le programme de résolution de « DefaultSdkResolver » en « C:\Program Files\dotnet\sdk\9.0.302\Sdks\Microsoft.NET.Sdk\Sdk » d’emplacement et en version «  ».
       C:\Program Files\dotnet\sdk\9.0.302\Sdks\Microsoft.NET.Sdk\Sdk\Sdk.props(49,11): message : Propriété 'MSBuildExtensionsPath' avec la valeur 'C:\Program Files\dotnet\sdk\9.0.302\' développée à partir de l’environnement.
       C:\Program Files\dotnet\sdk\9.0.302\Current\Microsoft.Common.props(60,5): message : Réassignation de propriété : $(MSBuildProjectExtensionsPath)="C:\Users\kerne\Music\Apps\DiversityPub\obj\" (valeur précédente : "obj\") à C:\Program Files\dotnet\sdk\9.0.302\Current\Microsoft.Common.props (60,5)
       C:\Program Files\dotnet\sdk\9.0.302\Current\Microsoft.Common.props(84,119): message : Propriété 'MSBuildUserExtensionsPath' avec la valeur 'C:\Users\kerne\AppData\Local\Microsoft\MSBuild' développée à partir de l’environnement.
       La propriété "Configuration" est une propriété globale et elle ne peut pas être modifiée.
       La propriété "Platform" est une propriété globale et elle ne peut pas être modifiée.
       La propriété "Configuration" est une propriété globale et elle ne peut pas être modifiée.
       La propriété "Platform" est une propriété globale et elle ne peut pas être modifiée.
       C:\Program Files\dotnet\sdk\9.0.302\Sdks\Microsoft.NET.Sdk\targets\Microsoft.NET.Sdk.props(90,5): message : Réassignation de propriété : $(AssemblySearchPaths)="{CandidateAssemblyFiles};{HintPathFromItem}" (valeur précédente : "{CandidateAssemblyFiles}") à C:\Program Files\dotnet\sdk\9.0.302\Sdks\Microsoft.NET.Sdk\targets\Microsoft.NET.Sdk.props (90,5)
       C:\Program Files\dotnet\sdk\9.0.302\Sdks\Microsoft.NET.Sdk\targets\Microsoft.NET.Sdk.props(91,5): message : Réassignation de propriété : $(AssemblySearchPaths)="{CandidateAssemblyFiles};{HintPathFromItem};{TargetFrameworkDirectory}" (valeur précédente : "{CandidateAssemblyFiles};{HintPathFromItem}") à C:\Program Files\dotnet\sdk\9.0.302\Sdks\Microsoft.NET.Sdk\targets\Microsoft.NET.Sdk.props (91,5)
       C:\Program Files\dotnet\sdk\9.0.302\Sdks\Microsoft.NET.Sdk\targets\Microsoft.NET.Sdk.props(92,5): message : Réassignation de propriété : $(AssemblySearchPaths)="{CandidateAssemblyFiles};{HintPathFromItem};{TargetFrameworkDirectory};{RawFileName}" (valeur précédente : "{CandidateAssemblyFiles};{HintPathFromItem};{TargetFrameworkDirectory}") à C:\Program Files\dotnet\sdk\9.0.302\Sdks\Microsoft.NET.Sdk\targets\Microsoft.NET.Sdk.props (92,5)
       Le programme de résolution « DefaultSdkResolver » a tenté de résoudre le SDK « Microsoft.NET.SDK.WorkloadAutoImportPropsLocator ».
       Avertissements : null
       Erreurs : MSB4276: Le programme de résolution du SDK par défaut n’a pas pu résoudre le SDK «Microsoft.NET.SDK.WorkloadAutoImportPropsLocator», car le répertoire «C:\Program Files\dotnet\sdk\9.0.302\Sdks\Microsoft.NET.SDK.WorkloadAutoImportPropsLocator\Sdk» n’existait pas.
       Assembly chargé pendant Evaluation : Microsoft.Build.NuGetSdkResolver, Version=6.14.0.116, Culture=neutral, PublicKeyToken=31bf3856ad364e35 (emplacement : C:\Program Files\dotnet\sdk\9.0.302\Microsoft.Build.NuGetSdkResolver.dll, MVID : ee5cca45-a90e-417e-aaf7-f0e96f222226, AssemblyLoadContext : MSBuild plugin C:\Program Files\dotnet\sdk\9.0.302\Microsoft.Build.NuGetSdkResolver.dll)
       Assembly chargé pendant Evaluation : NuGet.Common, Version=6.14.0.116, Culture=neutral, PublicKeyToken=31bf3856ad364e35 (emplacement : C:\Program Files\dotnet\sdk\9.0.302\NuGet.Common.dll, MVID : 0fbb79ae-e358-4591-bc91-e34371a3d05b, AssemblyLoadContext : MSBuild plugin C:\Program Files\dotnet\sdk\9.0.302\Microsoft.Build.NuGetSdkResolver.dll)
       Assembly chargé pendant Evaluation : Microsoft.NET.Sdk.WorkloadMSBuildSdkResolver, Version=9.0.302.0, Culture=neutral, PublicKeyToken=31bf3856ad364e35 (emplacement : C:\Program Files\dotnet\sdk\9.0.302\Microsoft.NET.Sdk.WorkloadMSBuildSdkResolver.dll, MVID : 49fe4bce-2222-44ea-8759-fe0971817860, AssemblyLoadContext : MSBuild plugin C:\Program Files\dotnet\sdk\9.0.302\Microsoft.NET.Sdk.WorkloadMSBuildSdkResolver.dll)
       Assembly chargé pendant Evaluation : Microsoft.DotNet.Cli.Utils, Version=9.0.302.0, Culture=neutral, PublicKeyToken=adb9793829ddae60 (emplacement : C:\Program Files\dotnet\sdk\9.0.302\Microsoft.DotNet.Cli.Utils.dll, MVID : e1d3a3c2-74a7-4f13-b59f-b8da1c26061a, AssemblyLoadContext : MSBuild plugin C:\Program Files\dotnet\sdk\9.0.302\Microsoft.NET.Sdk.WorkloadMSBuildSdkResolver.dll)
       Assembly chargé pendant Evaluation : Microsoft.NET.Sdk.WorkloadManifestReader, Version=9.0.302.0, Culture=neutral, PublicKeyToken=adb9793829ddae60 (emplacement : C:\Program Files\dotnet\sdk\9.0.302\Microsoft.NET.Sdk.WorkloadManifestReader.dll, MVID : dd74f125-7109-49ce-b485-56580be93492, AssemblyLoadContext : MSBuild plugin C:\Program Files\dotnet\sdk\9.0.302\Microsoft.NET.Sdk.WorkloadMSBuildSdkResolver.dll)
       Assembly chargé pendant Evaluation : Microsoft.Deployment.DotNet.Releases, Version=2.0.0.0, Culture=neutral, PublicKeyToken=31bf3856ad364e35 (emplacement : C:\Program Files\dotnet\sdk\9.0.302\Microsoft.Deployment.DotNet.Releases.dll, MVID : 400d16c0-099c-46d2-bc0e-802a0637399b, AssemblyLoadContext : MSBuild plugin C:\Program Files\dotnet\sdk\9.0.302\Microsoft.NET.Sdk.WorkloadMSBuildSdkResolver.dll)
       Assembly chargé pendant Evaluation : System.Net.Sockets, Version=9.0.0.0, Culture=neutral, PublicKeyToken=b03f5f7f11d50a3a (emplacement : C:\Program Files\dotnet\shared\Microsoft.NETCore.App\9.0.7\System.Net.Sockets.dll, MVID : f81b6f7a-6ac0-44f4-bfdf-87e241efffdd, AssemblyLoadContext : Default)
       Assembly chargé pendant Evaluation : System.Threading.Overlapped, Version=9.0.0.0, Culture=neutral, PublicKeyToken=b03f5f7f11d50a3a (emplacement : C:\Program Files\dotnet\shared\Microsoft.NETCore.App\9.0.7\System.Threading.Overlapped.dll, MVID : 0605fc7e-6df9-4b3d-99a1-fe0606bfc111, AssemblyLoadContext : Default)
       Le « Microsoft.NET.SDK.WorkloadAutoImportPropsLocator » SDK a été résolu par le programme de résolution de « Microsoft.DotNet.MSBuildWorkloadSdkResolver » en « C:\Program Files\dotnet\packs\Microsoft.Android.Sdk.Windows\35.0.78\Sdk » d’emplacement et en version « null ».
       C:\Program Files\dotnet\sdk\9.0.302\Sdks\Microsoft.NET.Sdk\targets\Microsoft.NET.PackProjectTool.props(15,5): message : Réassignation de propriété : $(TargetsForTfmSpecificContentInPackage)=";PackTool;_PackProjectToolValidation" (valeur précédente : ";PackTool") à C:\Program Files\dotnet\sdk\9.0.302\Sdks\Microsoft.NET.Sdk\targets\Microsoft.NET.PackProjectTool.props (15,5)
       Le « Microsoft.NET.Sdk.Razor » SDK a été résolu par le programme de résolution de « DefaultSdkResolver » en « C:\Program Files\dotnet\sdk\9.0.302\Sdks\Microsoft.NET.Sdk.Razor\Sdk » d’emplacement et en version «  ».
       Le « Microsoft.NET.Sdk.StaticWebAssets » SDK a été résolu par le programme de résolution de « DefaultSdkResolver » en « C:\Program Files\dotnet\sdk\9.0.302\Sdks\Microsoft.NET.Sdk.StaticWebAssets\Sdk » d’emplacement et en version «  ».
       C:\Program Files\dotnet\sdk\9.0.302\Sdks\Microsoft.NET.Sdk.StaticWebAssets\Sdk\Sdk.StaticWebAssets.StaticAssets.ProjectSystem.props(23,5): message : Réassignation de propriété : $(DefaultItemExcludes)=";**\node_modules\**;node_modules\**;**\jspm_packages\**;jspm_packages\**" (valeur précédente : ";**\node_modules\**;node_modules\**") à C:\Program Files\dotnet\sdk\9.0.302\Sdks\Microsoft.NET.Sdk.StaticWebAssets\Sdk\Sdk.StaticWebAssets.StaticAssets.ProjectSystem.props (23,5)
       C:\Program Files\dotnet\sdk\9.0.302\Sdks\Microsoft.NET.Sdk.StaticWebAssets\Sdk\Sdk.StaticWebAssets.StaticAssets.ProjectSystem.props(24,5): message : Réassignation de propriété : $(DefaultItemExcludes)=";**\node_modules\**;node_modules\**;**\jspm_packages\**;jspm_packages\**;**\bower_components\**;bower_components\**" (valeur précédente : ";**\node_modules\**;node_modules\**;**\jspm_packages\**;jspm_packages\**") à C:\Program Files\dotnet\sdk\9.0.302\Sdks\Microsoft.NET.Sdk.StaticWebAssets\Sdk\Sdk.StaticWebAssets.StaticAssets.ProjectSystem.props (24,5)
       C:\Program Files\dotnet\sdk\9.0.302\Sdks\Microsoft.NET.Sdk.StaticWebAssets\Sdk\Sdk.StaticWebAssets.StaticAssets.ProjectSystem.props(25,5): message : Réassignation de propriété : $(DefaultItemExcludes)=";**\node_modules\**;node_modules\**;**\jspm_packages\**;jspm_packages\**;**\bower_components\**;bower_components\**;**\packages.lock.json" (valeur précédente : ";**\node_modules\**;node_modules\**;**\jspm_packages\**;jspm_packages\**;**\bower_components\**;bower_components\**") à C:\Program Files\dotnet\sdk\9.0.302\Sdks\Microsoft.NET.Sdk.StaticWebAssets\Sdk\Sdk.StaticWebAssets.StaticAssets.ProjectSystem.props (25,5)
       Le « Microsoft.NET.Sdk.Web.ProjectSystem » SDK a été résolu par le programme de résolution de « DefaultSdkResolver » en « C:\Program Files\dotnet\sdk\9.0.302\Sdks\Microsoft.NET.Sdk.Web.ProjectSystem\Sdk » d’emplacement et en version «  ».
       C:\Program Files\dotnet\sdk\9.0.302\Sdks\Microsoft.NET.Sdk.Web.ProjectSystem\targets\Microsoft.NET.Sdk.Web.ProjectSystem.props(16,5): message : Réassignation de propriété : $(OutputType)="Exe" (valeur précédente : "Library") à C:\Program Files\dotnet\sdk\9.0.302\Sdks\Microsoft.NET.Sdk.Web.ProjectSystem\targets\Microsoft.NET.Sdk.Web.ProjectSystem.props (16,5)
       Le « Microsoft.NET.Sdk.Publish » SDK a été résolu par le programme de résolution de « DefaultSdkResolver » en « C:\Program Files\dotnet\sdk\9.0.302\Sdks\Microsoft.NET.Sdk.Publish\Sdk » d’emplacement et en version «  ».
       Assembly chargé pendant Evaluation : System.Collections.NonGeneric, Version=9.0.0.0, Culture=neutral, PublicKeyToken=b03f5f7f11d50a3a (emplacement : C:\Program Files\dotnet\shared\Microsoft.NETCore.App\9.0.7\System.Collections.NonGeneric.dll, MVID : 352ea4aa-6a9d-4932-a019-6e2b32407bd8, AssemblyLoadContext : Default)
       La propriété "Configuration" est une propriété globale et elle ne peut pas être modifiée.
       La propriété "Platform" est une propriété globale et elle ne peut pas être modifiée.
       C:\Program Files\dotnet\sdk\9.0.302\Sdks\Microsoft.NET.Sdk\targets\Microsoft.NET.Sdk.ImportPublishProfile.targets(28,5): message : Réassignation de propriété : $(PublishProfileImported)="false" (valeur précédente : "true") à C:\Program Files\dotnet\sdk\9.0.302\Sdks\Microsoft.NET.Sdk\targets\Microsoft.NET.Sdk.ImportPublishProfile.targets (28,5)
       C:\Program Files\dotnet\sdk\9.0.302\Sdks\Microsoft.NET.Sdk\targets\Microsoft.NET.TargetFrameworkInference.targets(69,5): message : Réassignation de propriété : $(TargetPlatformVersion)="" (valeur précédente : "0.0") à C:\Program Files\dotnet\sdk\9.0.302\Sdks\Microsoft.NET.Sdk\targets\Microsoft.NET.TargetFrameworkInference.targets (69,5)
       C:\Program Files\dotnet\sdk\9.0.302\Sdks\Microsoft.NET.Sdk\targets\Microsoft.NET.DefaultOutputPaths.targets(121,5): message : Réassignation de propriété : $(DefaultItemExcludes)=";**\node_modules\**;node_modules\**;**\jspm_packages\**;jspm_packages\**;**\bower_components\**;bower_components\**;**\packages.lock.json;bin\Debug\/**" (valeur précédente : ";**\node_modules\**;node_modules\**;**\jspm_packages\**;jspm_packages\**;**\bower_components\**;bower_components\**;**\packages.lock.json") à C:\Program Files\dotnet\sdk\9.0.302\Sdks\Microsoft.NET.Sdk\targets\Microsoft.NET.DefaultOutputPaths.targets (121,5)
       C:\Program Files\dotnet\sdk\9.0.302\Sdks\Microsoft.NET.Sdk\targets\Microsoft.NET.DefaultOutputPaths.targets(122,5): message : Réassignation de propriété : $(DefaultItemExcludes)=";**\node_modules\**;node_modules\**;**\jspm_packages\**;jspm_packages\**;**\bower_components\**;bower_components\**;**\packages.lock.json;bin\Debug\/**;obj\Debug\/**" (valeur précédente : ";**\node_modules\**;node_modules\**;**\jspm_packages\**;jspm_packages\**;**\bower_components\**;bower_components\**;**\packages.lock.json;bin\Debug\/**") à C:\Program Files\dotnet\sdk\9.0.302\Sdks\Microsoft.NET.Sdk\targets\Microsoft.NET.DefaultOutputPaths.targets (122,5)
       C:\Program Files\dotnet\sdk\9.0.302\Sdks\Microsoft.NET.Sdk\targets\Microsoft.NET.DefaultOutputPaths.targets(137,5): message : Réassignation de propriété : $(OutputPath)="bin\Debug\net8.0\" (valeur précédente : "bin\Debug\") à C:\Program Files\dotnet\sdk\9.0.302\Sdks\Microsoft.NET.Sdk\targets\Microsoft.NET.DefaultOutputPaths.targets (137,5)
       C:\Program Files\dotnet\sdk\9.0.302\Sdks\Microsoft.NET.Sdk\targets\Microsoft.NET.DefaultOutputPaths.targets(142,5): message : Réassignation de propriété : $(IntermediateOutputPath)="obj\Debug\net8.0\" (valeur précédente : "obj\Debug\") à C:\Program Files\dotnet\sdk\9.0.302\Sdks\Microsoft.NET.Sdk\targets\Microsoft.NET.DefaultOutputPaths.targets (142,5)
       Le programme de résolution « DefaultSdkResolver » a tenté de résoudre le SDK « Microsoft.NET.SDK.WorkloadManifestTargetsLocator ».
       Avertissements : null
       Erreurs : MSB4276: Le programme de résolution du SDK par défaut n’a pas pu résoudre le SDK «Microsoft.NET.SDK.WorkloadManifestTargetsLocator», car le répertoire «C:\Program Files\dotnet\sdk\9.0.302\Sdks\Microsoft.NET.SDK.WorkloadManifestTargetsLocator\Sdk» n’existait pas.
       Le « Microsoft.NET.SDK.WorkloadManifestTargetsLocator » SDK a été résolu par le programme de résolution de « Microsoft.DotNet.MSBuildWorkloadSdkResolver » en « C:\Program Files\dotnet\sdk-manifests\9.0.100\microsoft.net.sdk.android\35.0.78 » d’emplacement et en version « null ».
       C:\Program Files\dotnet\sdk\9.0.302\Sdks\Microsoft.NET.Sdk\targets\Microsoft.NET.Sdk.BeforeCommon.targets(187,5): message : Réassignation de propriété : $(_FrameworkIdentifierForImplicitDefine)="NET" (valeur précédente : "NETCOREAPP") à C:\Program Files\dotnet\sdk\9.0.302\Sdks\Microsoft.NET.Sdk\targets\Microsoft.NET.Sdk.BeforeCommon.targets (187,5)
       C:\Program Files\dotnet\sdk\9.0.302\Sdks\Microsoft.NET.Sdk\targets\Microsoft.NET.Sdk.BeforeCommon.targets(192,5): message : Réassignation de propriété : $(_FrameworkVersionForImplicitDefine)="8_0" (valeur précédente : "8.0") à C:\Program Files\dotnet\sdk\9.0.302\Sdks\Microsoft.NET.Sdk\targets\Microsoft.NET.Sdk.BeforeCommon.targets (192,5)
       C:\Program Files\dotnet\sdk\9.0.302\Roslyn\Microsoft.CSharp.Core.targets(200,5): message : Réassignation de propriété : $(CommandLineArgsForDesignTimeEvaluation)="-langversion:12.0 -define:TRACE" (valeur précédente : "-langversion:12.0") à C:\Program Files\dotnet\sdk\9.0.302\Roslyn\Microsoft.CSharp.Core.targets (200,5)
       La propriété "Platform" est une propriété globale et elle ne peut pas être modifiée.
       La propriété "Configuration" est une propriété globale et elle ne peut pas être modifiée.
       C:\Program Files\dotnet\sdk\9.0.302\Microsoft.Common.CurrentVersion.targets(175,5): message : Réassignation de propriété : $(_DebugSymbolsProduced)="true" (valeur précédente : "false") à C:\Program Files\dotnet\sdk\9.0.302\Microsoft.Common.CurrentVersion.targets (175,5)
       C:\Program Files\dotnet\sdk\9.0.302\Microsoft.Common.CurrentVersion.targets(185,5): message : Réassignation de propriété : $(_DocumentationFileProduced)="false" (valeur précédente : "true") à C:\Program Files\dotnet\sdk\9.0.302\Microsoft.Common.CurrentVersion.targets (185,5)
       La propriété "SolutionName" est une propriété globale et elle ne peut pas être modifiée.
       La propriété "SolutionFileName" est une propriété globale et elle ne peut pas être modifiée.
       La propriété "SolutionPath" est une propriété globale et elle ne peut pas être modifiée.
       La propriété "SolutionDir" est une propriété globale et elle ne peut pas être modifiée.
       La propriété "SolutionExt" est une propriété globale et elle ne peut pas être modifiée.
       C:\Program Files\dotnet\sdk\9.0.302\Microsoft.Common.CurrentVersion.targets(392,5): message : Réassignation de propriété : $(MSBuildCopyMarkerName)="Diversit.B25E4754" (valeur précédente : "DiversityPub.csproj") à C:\Program Files\dotnet\sdk\9.0.302\Microsoft.Common.CurrentVersion.targets (392,5)
       C:\Program Files\dotnet\sdk\9.0.302\Microsoft.Common.CurrentVersion.targets(393,5): message : Réassignation de propriété : $(MSBuildCopyMarkerName)="Diversit.B25E4754.Up2Date" (valeur précédente : "Diversit.B25E4754") à C:\Program Files\dotnet\sdk\9.0.302\Microsoft.Common.CurrentVersion.targets (393,5)
       C:\Program Files\dotnet\sdk\9.0.302\Microsoft.Common.CurrentVersion.targets(541,5): message : Réassignation de propriété : $(ProcessorArchitecture)="msil" (valeur précédente : "") à C:\Program Files\dotnet\sdk\9.0.302\Microsoft.Common.CurrentVersion.targets (541,5)
       C:\Program Files\dotnet\sdk\9.0.302\Microsoft.Common.CurrentVersion.targets(580,5): message : Réassignation de propriété : $(DelaySign)="" (valeur précédente : "false") à C:\Program Files\dotnet\sdk\9.0.302\Microsoft.Common.CurrentVersion.targets (580,5)
       C:\Program Files\dotnet\sdk\9.0.302\Microsoft.Common.CurrentVersion.targets(2620,5): message : Propriété 'LOCALAPPDATA' avec la valeur 'C:\Users\kerne\AppData\Local' développée à partir de l’environnement.
       C:\Program Files\dotnet\sdk\9.0.302\Microsoft.Common.CurrentVersion.targets(3948,5): message : Réassignation de propriété : $(_SGenGenerateSerializationAssembliesConfig)="Auto" (valeur précédente : "") à C:\Program Files\dotnet\sdk\9.0.302\Microsoft.Common.CurrentVersion.targets (3948,5)
       C:\Program Files\dotnet\sdk\9.0.302\Microsoft.Common.CurrentVersion.targets(3949,5): message : Réassignation de propriété : $(_SGenGenerateSerializationAssembliesConfig)="Off" (valeur précédente : "Auto") à C:\Program Files\dotnet\sdk\9.0.302\Microsoft.Common.CurrentVersion.targets (3949,5)
       C:\Program Files\dotnet\sdk\9.0.302\Microsoft.Common.CurrentVersion.targets(5160,5): message : Réassignation de propriété : $(_TargetsThatPrepareProjectReferences)="
       C:\Program Files\dotnet\sdk\9.0.302\Microsoft.Common.CurrentVersion.targets(5160,5): message :       AssignProjectConfiguration;
       C:\Program Files\dotnet\sdk\9.0.302\Microsoft.Common.CurrentVersion.targets(5160,5): message :       _SplitProjectReferencesByFileExistence
       C:\Program Files\dotnet\sdk\9.0.302\Microsoft.Common.CurrentVersion.targets(5160,5): message :     " (valeur précédente : "_SplitProjectReferencesByFileExistence") à C:\Program Files\dotnet\sdk\9.0.302\Microsoft.Common.CurrentVersion.targets (5160,5)
       C:\Program Files\dotnet\sdk\9.0.302\Microsoft.Common.CurrentVersion.targets(6955,5): message : Propriété 'MSBuildExtensionsPath32' avec la valeur 'C:\Program Files\dotnet\sdk\9.0.302' développée à partir de l’environnement.
       La propriété "_RestoreSolutionFileUsed" est une propriété globale et elle ne peut pas être modifiée.
       C:\Program Files\dotnet\sdk\9.0.302\NuGet.targets(112,5): message : Réassignation de propriété : $(_GenerateRestoreGraphProjectEntryInputProperties)="
       C:\Program Files\dotnet\sdk\9.0.302\NuGet.targets(112,5): message :       ExcludeRestorePackageImports=true;
       C:\Program Files\dotnet\sdk\9.0.302\NuGet.targets(112,5): message :       _RestoreSolutionFileUsed=true;
       C:\Program Files\dotnet\sdk\9.0.302\NuGet.targets(112,5): message :       SolutionDir=C:\Users\kerne\Music\Apps\DiversityPub\;
       C:\Program Files\dotnet\sdk\9.0.302\NuGet.targets(112,5): message :       SolutionName=DiversityPub;
       C:\Program Files\dotnet\sdk\9.0.302\NuGet.targets(112,5): message :       SolutionFileName=DiversityPub.sln;
       C:\Program Files\dotnet\sdk\9.0.302\NuGet.targets(112,5): message :       SolutionPath=C:\Users\kerne\Music\Apps\DiversityPub\DiversityPub.sln;
       C:\Program Files\dotnet\sdk\9.0.302\NuGet.targets(112,5): message :       SolutionExt=.sln;
       C:\Program Files\dotnet\sdk\9.0.302\NuGet.targets(112,5): message :     " (valeur précédente : "ExcludeRestorePackageImports=true") à C:\Program Files\dotnet\sdk\9.0.302\NuGet.targets (112,5)
       C:\Program Files\dotnet\sdk\9.0.302\Sdks\Microsoft.NET.Sdk\targets\Microsoft.PackageDependencyResolution.targets(24,5): message : Réassignation de propriété : $(ProjectAssetsFile)="C:\Users\kerne\Music\Apps\DiversityPub\obj\project.assets.json" (valeur précédente : "C:\Users\kerne\Music\Apps\DiversityPub\obj\/project.assets.json") à C:\Program Files\dotnet\sdk\9.0.302\Sdks\Microsoft.NET.Sdk\targets\Microsoft.PackageDependencyResolution.targets (24,5)
       C:\Program Files\dotnet\sdk\9.0.302\Sdks\Microsoft.NET.Sdk\targets\Microsoft.PackageDependencyResolution.targets(29,5): message : Réassignation de propriété : $(ProjectAssetsCacheFile)="C:\Users\kerne\Music\Apps\DiversityPub\obj\Debug\net8.0\DiversityPub.assets.cache" (valeur précédente : "obj\Debug\net8.0\DiversityPub.assets.cache") à C:\Program Files\dotnet\sdk\9.0.302\Sdks\Microsoft.NET.Sdk\targets\Microsoft.PackageDependencyResolution.targets (29,5)
       C:\Program Files\dotnet\sdk\9.0.302\Sdks\Microsoft.NET.Sdk\targets\Microsoft.PackageDependencyResolution.targets(80,5): message : Réassignation de propriété : $(ResolveAssemblyReferencesDependsOn)="
       C:\Program Files\dotnet\sdk\9.0.302\Sdks\Microsoft.NET.Sdk\targets\Microsoft.PackageDependencyResolution.targets(80,5): message :       
       C:\Program Files\dotnet\sdk\9.0.302\Sdks\Microsoft.NET.Sdk\targets\Microsoft.PackageDependencyResolution.targets(80,5): message :       ResolveProjectReferences;
       C:\Program Files\dotnet\sdk\9.0.302\Sdks\Microsoft.NET.Sdk\targets\Microsoft.PackageDependencyResolution.targets(80,5): message :       FindInvalidProjectReferences;
       C:\Program Files\dotnet\sdk\9.0.302\Sdks\Microsoft.NET.Sdk\targets\Microsoft.PackageDependencyResolution.targets(80,5): message :       GetFrameworkPaths;
       C:\Program Files\dotnet\sdk\9.0.302\Sdks\Microsoft.NET.Sdk\targets\Microsoft.PackageDependencyResolution.targets(80,5): message :       GetReferenceAssemblyPaths;
       C:\Program Files\dotnet\sdk\9.0.302\Sdks\Microsoft.NET.Sdk\targets\Microsoft.PackageDependencyResolution.targets(80,5): message :       PrepareForBuild;
       C:\Program Files\dotnet\sdk\9.0.302\Sdks\Microsoft.NET.Sdk\targets\Microsoft.PackageDependencyResolution.targets(80,5): message :       ResolveSDKReferences;
       C:\Program Files\dotnet\sdk\9.0.302\Sdks\Microsoft.NET.Sdk\targets\Microsoft.PackageDependencyResolution.targets(80,5): message :       ExpandSDKReferences;
       C:\Program Files\dotnet\sdk\9.0.302\Sdks\Microsoft.NET.Sdk\targets\Microsoft.PackageDependencyResolution.targets(80,5): message :     ;
       C:\Program Files\dotnet\sdk\9.0.302\Sdks\Microsoft.NET.Sdk\targets\Microsoft.PackageDependencyResolution.targets(80,5): message :       ResolvePackageDependenciesForBuild;
       C:\Program Files\dotnet\sdk\9.0.302\Sdks\Microsoft.NET.Sdk\targets\Microsoft.PackageDependencyResolution.targets(80,5): message :       _HandlePackageFileConflicts;
       C:\Program Files\dotnet\sdk\9.0.302\Sdks\Microsoft.NET.Sdk\targets\Microsoft.PackageDependencyResolution.targets(80,5): message :     " (valeur précédente : "
       C:\Program Files\dotnet\sdk\9.0.302\Sdks\Microsoft.NET.Sdk\targets\Microsoft.PackageDependencyResolution.targets(80,5): message :       ResolveProjectReferences;
       C:\Program Files\dotnet\sdk\9.0.302\Sdks\Microsoft.NET.Sdk\targets\Microsoft.PackageDependencyResolution.targets(80,5): message :       FindInvalidProjectReferences;
       C:\Program Files\dotnet\sdk\9.0.302\Sdks\Microsoft.NET.Sdk\targets\Microsoft.PackageDependencyResolution.targets(80,5): message :       GetFrameworkPaths;
       C:\Program Files\dotnet\sdk\9.0.302\Sdks\Microsoft.NET.Sdk\targets\Microsoft.PackageDependencyResolution.targets(80,5): message :       GetReferenceAssemblyPaths;
       C:\Program Files\dotnet\sdk\9.0.302\Sdks\Microsoft.NET.Sdk\targets\Microsoft.PackageDependencyResolution.targets(80,5): message :       PrepareForBuild;
       C:\Program Files\dotnet\sdk\9.0.302\Sdks\Microsoft.NET.Sdk\targets\Microsoft.PackageDependencyResolution.targets(80,5): message :       ResolveSDKReferences;
       C:\Program Files\dotnet\sdk\9.0.302\Sdks\Microsoft.NET.Sdk\targets\Microsoft.PackageDependencyResolution.targets(80,5): message :       ExpandSDKReferences;
       C:\Program Files\dotnet\sdk\9.0.302\Sdks\Microsoft.NET.Sdk\targets\Microsoft.PackageDependencyResolution.targets(80,5): message :     ") à C:\Program Files\dotnet\sdk\9.0.302\Sdks\Microsoft.NET.Sdk\targets\Microsoft.PackageDependencyResolution.targets (80,5)
       C:\Program Files\dotnet\sdk\9.0.302\Sdks\Microsoft.NET.Sdk\targets\Microsoft.PackageDependencyResolution.targets(86,5): message : Réassignation de propriété : $(PrepareResourcesDependsOn)="
       C:\Program Files\dotnet\sdk\9.0.302\Sdks\Microsoft.NET.Sdk\targets\Microsoft.PackageDependencyResolution.targets(86,5): message :       ResolvePackageDependenciesForBuild;
       C:\Program Files\dotnet\sdk\9.0.302\Sdks\Microsoft.NET.Sdk\targets\Microsoft.PackageDependencyResolution.targets(86,5): message :       _HandlePackageFileConflicts;
       C:\Program Files\dotnet\sdk\9.0.302\Sdks\Microsoft.NET.Sdk\targets\Microsoft.PackageDependencyResolution.targets(86,5): message :       
       C:\Program Files\dotnet\sdk\9.0.302\Sdks\Microsoft.NET.Sdk\targets\Microsoft.PackageDependencyResolution.targets(86,5): message :       ;
       C:\Program Files\dotnet\sdk\9.0.302\Sdks\Microsoft.NET.Sdk\targets\Microsoft.PackageDependencyResolution.targets(86,5): message :       PrepareResourceNames;
       C:\Program Files\dotnet\sdk\9.0.302\Sdks\Microsoft.NET.Sdk\targets\Microsoft.PackageDependencyResolution.targets(86,5): message :       ResGen;
       C:\Program Files\dotnet\sdk\9.0.302\Sdks\Microsoft.NET.Sdk\targets\Microsoft.PackageDependencyResolution.targets(86,5): message :       CompileLicxFiles
       C:\Program Files\dotnet\sdk\9.0.302\Sdks\Microsoft.NET.Sdk\targets\Microsoft.PackageDependencyResolution.targets(86,5): message :     
       C:\Program Files\dotnet\sdk\9.0.302\Sdks\Microsoft.NET.Sdk\targets\Microsoft.PackageDependencyResolution.targets(86,5): message :     " (valeur précédente : "
       C:\Program Files\dotnet\sdk\9.0.302\Sdks\Microsoft.NET.Sdk\targets\Microsoft.PackageDependencyResolution.targets(86,5): message :       ;
       C:\Program Files\dotnet\sdk\9.0.302\Sdks\Microsoft.NET.Sdk\targets\Microsoft.PackageDependencyResolution.targets(86,5): message :       PrepareResourceNames;
       C:\Program Files\dotnet\sdk\9.0.302\Sdks\Microsoft.NET.Sdk\targets\Microsoft.PackageDependencyResolution.targets(86,5): message :       ResGen;
       C:\Program Files\dotnet\sdk\9.0.302\Sdks\Microsoft.NET.Sdk\targets\Microsoft.PackageDependencyResolution.targets(86,5): message :       CompileLicxFiles
       C:\Program Files\dotnet\sdk\9.0.302\Sdks\Microsoft.NET.Sdk\targets\Microsoft.PackageDependencyResolution.targets(86,5): message :     ") à C:\Program Files\dotnet\sdk\9.0.302\Sdks\Microsoft.NET.Sdk\targets\Microsoft.PackageDependencyResolution.targets (86,5)
       C:\Program Files\dotnet\sdk\9.0.302\Sdks\Microsoft.NET.Sdk\targets\Microsoft.NET.Sdk.DefaultItems.targets(27,5): message : Réassignation de propriété : $(DefaultItemExcludes)=";**\node_modules\**;node_modules\**;**\jspm_packages\**;jspm_packages\**;**\bower_components\**;bower_components\**;**\packages.lock.json;bin\Debug\/**;obj\Debug\/**;bin\/**" (valeur précédente : ";**\node_modules\**;node_modules\**;**\jspm_packages\**;jspm_packages\**;**\bower_components\**;bower_components\**;**\packages.lock.json;bin\Debug\/**;obj\Debug\/**") à C:\Program Files\dotnet\sdk\9.0.302\Sdks\Microsoft.NET.Sdk\targets\Microsoft.NET.Sdk.DefaultItems.targets (27,5)
       C:\Program Files\dotnet\sdk\9.0.302\Sdks\Microsoft.NET.Sdk\targets\Microsoft.NET.Sdk.DefaultItems.targets(29,5): message : Réassignation de propriété : $(DefaultItemExcludes)=";**\node_modules\**;node_modules\**;**\jspm_packages\**;jspm_packages\**;**\bower_components\**;bower_components\**;**\packages.lock.json;bin\Debug\/**;obj\Debug\/**;bin\/**;obj\/**" (valeur précédente : ";**\node_modules\**;node_modules\**;**\jspm_packages\**;jspm_packages\**;**\bower_components\**;bower_components\**;**\packages.lock.json;bin\Debug\/**;obj\Debug\/**;bin\/**") à C:\Program Files\dotnet\sdk\9.0.302\Sdks\Microsoft.NET.Sdk\targets\Microsoft.NET.Sdk.DefaultItems.targets (29,5)
       C:\Program Files\dotnet\sdk\9.0.302\Sdks\Microsoft.NET.Sdk\targets\Microsoft.NET.Sdk.DefaultItems.targets(32,5): message : Réassignation de propriété : $(DefaultItemExcludes)=";**\node_modules\**;node_modules\**;**\jspm_packages\**;jspm_packages\**;**\bower_components\**;bower_components\**;**\packages.lock.json;bin\Debug\/**;obj\Debug\/**;bin\/**;obj\/**;**/*.user" (valeur précédente : ";**\node_modules\**;node_modules\**;**\jspm_packages\**;jspm_packages\**;**\bower_components\**;bower_components\**;**\packages.lock.json;bin\Debug\/**;obj\Debug\/**;bin\/**;obj\/**") à C:\Program Files\dotnet\sdk\9.0.302\Sdks\Microsoft.NET.Sdk\targets\Microsoft.NET.Sdk.DefaultItems.targets (32,5)
       C:\Program Files\dotnet\sdk\9.0.302\Sdks\Microsoft.NET.Sdk\targets\Microsoft.NET.Sdk.DefaultItems.targets(33,5): message : Réassignation de propriété : $(DefaultItemExcludes)=";**\node_modules\**;node_modules\**;**\jspm_packages\**;jspm_packages\**;**\bower_components\**;bower_components\**;**\packages.lock.json;bin\Debug\/**;obj\Debug\/**;bin\/**;obj\/**;**/*.user;**/*.*proj" (valeur précédente : ";**\node_modules\**;node_modules\**;**\jspm_packages\**;jspm_packages\**;**\bower_components\**;bower_components\**;**\packages.lock.json;bin\Debug\/**;obj\Debug\/**;bin\/**;obj\/**;**/*.user") à C:\Program Files\dotnet\sdk\9.0.302\Sdks\Microsoft.NET.Sdk\targets\Microsoft.NET.Sdk.DefaultItems.targets (33,5)
       C:\Program Files\dotnet\sdk\9.0.302\Sdks\Microsoft.NET.Sdk\targets\Microsoft.NET.Sdk.DefaultItems.targets(34,5): message : Réassignation de propriété : $(DefaultItemExcludes)=";**\node_modules\**;node_modules\**;**\jspm_packages\**;jspm_packages\**;**\bower_components\**;bower_components\**;**\packages.lock.json;bin\Debug\/**;obj\Debug\/**;bin\/**;obj\/**;**/*.user;**/*.*proj;**/*.sln" (valeur précédente : ";**\node_modules\**;node_modules\**;**\jspm_packages\**;jspm_packages\**;**\bower_components\**;bower_components\**;**\packages.lock.json;bin\Debug\/**;obj\Debug\/**;bin\/**;obj\/**;**/*.user;**/*.*proj") à C:\Program Files\dotnet\sdk\9.0.302\Sdks\Microsoft.NET.Sdk\targets\Microsoft.NET.Sdk.DefaultItems.targets (34,5)
       C:\Program Files\dotnet\sdk\9.0.302\Sdks\Microsoft.NET.Sdk\targets\Microsoft.NET.Sdk.DefaultItems.targets(35,5): message : Réassignation de propriété : $(DefaultItemExcludes)=";**\node_modules\**;node_modules\**;**\jspm_packages\**;jspm_packages\**;**\bower_components\**;bower_components\**;**\packages.lock.json;bin\Debug\/**;obj\Debug\/**;bin\/**;obj\/**;**/*.user;**/*.*proj;**/*.sln;**/*.slnx" (valeur précédente : ";**\node_modules\**;node_modules\**;**\jspm_packages\**;jspm_packages\**;**\bower_components\**;bower_components\**;**\packages.lock.json;bin\Debug\/**;obj\Debug\/**;bin\/**;obj\/**;**/*.user;**/*.*proj;**/*.sln") à C:\Program Files\dotnet\sdk\9.0.302\Sdks\Microsoft.NET.Sdk\targets\Microsoft.NET.Sdk.DefaultItems.targets (35,5)
       C:\Program Files\dotnet\sdk\9.0.302\Sdks\Microsoft.NET.Sdk\targets\Microsoft.NET.Sdk.DefaultItems.targets(36,5): message : Réassignation de propriété : $(DefaultItemExcludes)=";**\node_modules\**;node_modules\**;**\jspm_packages\**;jspm_packages\**;**\bower_components\**;bower_components\**;**\packages.lock.json;bin\Debug\/**;obj\Debug\/**;bin\/**;obj\/**;**/*.user;**/*.*proj;**/*.sln;**/*.slnx;**/*.vssscc" (valeur précédente : ";**\node_modules\**;node_modules\**;**\jspm_packages\**;jspm_packages\**;**\bower_components\**;bower_components\**;**\packages.lock.json;bin\Debug\/**;obj\Debug\/**;bin\/**;obj\/**;**/*.user;**/*.*proj;**/*.sln;**/*.slnx") à C:\Program Files\dotnet\sdk\9.0.302\Sdks\Microsoft.NET.Sdk\targets\Microsoft.NET.Sdk.DefaultItems.targets (36,5)
       C:\Program Files\dotnet\sdk\9.0.302\Sdks\Microsoft.NET.Sdk\targets\Microsoft.NET.Sdk.DefaultItems.targets(37,5): message : Réassignation de propriété : $(DefaultItemExcludes)=";**\node_modules\**;node_modules\**;**\jspm_packages\**;jspm_packages\**;**\bower_components\**;bower_components\**;**\packages.lock.json;bin\Debug\/**;obj\Debug\/**;bin\/**;obj\/**;**/*.user;**/*.*proj;**/*.sln;**/*.slnx;**/*.vssscc;**/.DS_Store" (valeur précédente : ";**\node_modules\**;node_modules\**;**\jspm_packages\**;jspm_packages\**;**\bower_components\**;bower_components\**;**\packages.lock.json;bin\Debug\/**;obj\Debug\/**;bin\/**;obj\/**;**/*.user;**/*.*proj;**/*.sln;**/*.slnx;**/*.vssscc") à C:\Program Files\dotnet\sdk\9.0.302\Sdks\Microsoft.NET.Sdk\targets\Microsoft.NET.Sdk.DefaultItems.targets (37,5)
       C:\Program Files\dotnet\sdk\9.0.302\Sdks\Microsoft.NET.Sdk\targets\Microsoft.NET.Sdk.FrameworkReferenceResolution.targets(14,5): message : Réassignation de propriété : $(ResolveAssemblyReferencesDependsOn)="
       C:\Program Files\dotnet\sdk\9.0.302\Sdks\Microsoft.NET.Sdk\targets\Microsoft.NET.Sdk.FrameworkReferenceResolution.targets(14,5): message :       
       C:\Program Files\dotnet\sdk\9.0.302\Sdks\Microsoft.NET.Sdk\targets\Microsoft.NET.Sdk.FrameworkReferenceResolution.targets(14,5): message :       
       C:\Program Files\dotnet\sdk\9.0.302\Sdks\Microsoft.NET.Sdk\targets\Microsoft.NET.Sdk.FrameworkReferenceResolution.targets(14,5): message :       ResolveProjectReferences;
       C:\Program Files\dotnet\sdk\9.0.302\Sdks\Microsoft.NET.Sdk\targets\Microsoft.NET.Sdk.FrameworkReferenceResolution.targets(14,5): message :       FindInvalidProjectReferences;
       C:\Program Files\dotnet\sdk\9.0.302\Sdks\Microsoft.NET.Sdk\targets\Microsoft.NET.Sdk.FrameworkReferenceResolution.targets(14,5): message :       GetFrameworkPaths;
       C:\Program Files\dotnet\sdk\9.0.302\Sdks\Microsoft.NET.Sdk\targets\Microsoft.NET.Sdk.FrameworkReferenceResolution.targets(14,5): message :       GetReferenceAssemblyPaths;
       C:\Program Files\dotnet\sdk\9.0.302\Sdks\Microsoft.NET.Sdk\targets\Microsoft.NET.Sdk.FrameworkReferenceResolution.targets(14,5): message :       PrepareForBuild;
       C:\Program Files\dotnet\sdk\9.0.302\Sdks\Microsoft.NET.Sdk\targets\Microsoft.NET.Sdk.FrameworkReferenceResolution.targets(14,5): message :       ResolveSDKReferences;
       C:\Program Files\dotnet\sdk\9.0.302\Sdks\Microsoft.NET.Sdk\targets\Microsoft.NET.Sdk.FrameworkReferenceResolution.targets(14,5): message :       ExpandSDKReferences;
       C:\Program Files\dotnet\sdk\9.0.302\Sdks\Microsoft.NET.Sdk\targets\Microsoft.NET.Sdk.FrameworkReferenceResolution.targets(14,5): message :     ;
       C:\Program Files\dotnet\sdk\9.0.302\Sdks\Microsoft.NET.Sdk\targets\Microsoft.NET.Sdk.FrameworkReferenceResolution.targets(14,5): message :       ResolvePackageDependenciesForBuild;
       C:\Program Files\dotnet\sdk\9.0.302\Sdks\Microsoft.NET.Sdk\targets\Microsoft.NET.Sdk.FrameworkReferenceResolution.targets(14,5): message :       _HandlePackageFileConflicts;
       C:\Program Files\dotnet\sdk\9.0.302\Sdks\Microsoft.NET.Sdk\targets\Microsoft.NET.Sdk.FrameworkReferenceResolution.targets(14,5): message :     ;
       C:\Program Files\dotnet\sdk\9.0.302\Sdks\Microsoft.NET.Sdk\targets\Microsoft.NET.Sdk.FrameworkReferenceResolution.targets(14,5): message :       ResolveTargetingPackAssets;
       C:\Program Files\dotnet\sdk\9.0.302\Sdks\Microsoft.NET.Sdk\targets\Microsoft.NET.Sdk.FrameworkReferenceResolution.targets(14,5): message :     " (valeur précédente : "
       C:\Program Files\dotnet\sdk\9.0.302\Sdks\Microsoft.NET.Sdk\targets\Microsoft.NET.Sdk.FrameworkReferenceResolution.targets(14,5): message :       
       C:\Program Files\dotnet\sdk\9.0.302\Sdks\Microsoft.NET.Sdk\targets\Microsoft.NET.Sdk.FrameworkReferenceResolution.targets(14,5): message :       ResolveProjectReferences;
       C:\Program Files\dotnet\sdk\9.0.302\Sdks\Microsoft.NET.Sdk\targets\Microsoft.NET.Sdk.FrameworkReferenceResolution.targets(14,5): message :       FindInvalidProjectReferences;
       C:\Program Files\dotnet\sdk\9.0.302\Sdks\Microsoft.NET.Sdk\targets\Microsoft.NET.Sdk.FrameworkReferenceResolution.targets(14,5): message :       GetFrameworkPaths;
       C:\Program Files\dotnet\sdk\9.0.302\Sdks\Microsoft.NET.Sdk\targets\Microsoft.NET.Sdk.FrameworkReferenceResolution.targets(14,5): message :       GetReferenceAssemblyPaths;
       C:\Program Files\dotnet\sdk\9.0.302\Sdks\Microsoft.NET.Sdk\targets\Microsoft.NET.Sdk.FrameworkReferenceResolution.targets(14,5): message :       PrepareForBuild;
       C:\Program Files\dotnet\sdk\9.0.302\Sdks\Microsoft.NET.Sdk\targets\Microsoft.NET.Sdk.FrameworkReferenceResolution.targets(14,5): message :       ResolveSDKReferences;
       C:\Program Files\dotnet\sdk\9.0.302\Sdks\Microsoft.NET.Sdk\targets\Microsoft.NET.Sdk.FrameworkReferenceResolution.targets(14,5): message :       ExpandSDKReferences;
       C:\Program Files\dotnet\sdk\9.0.302\Sdks\Microsoft.NET.Sdk\targets\Microsoft.NET.Sdk.FrameworkReferenceResolution.targets(14,5): message :     ;
       C:\Program Files\dotnet\sdk\9.0.302\Sdks\Microsoft.NET.Sdk\targets\Microsoft.NET.Sdk.FrameworkReferenceResolution.targets(14,5): message :       ResolvePackageDependenciesForBuild;
       C:\Program Files\dotnet\sdk\9.0.302\Sdks\Microsoft.NET.Sdk\targets\Microsoft.NET.Sdk.FrameworkReferenceResolution.targets(14,5): message :       _HandlePackageFileConflicts;
       C:\Program Files\dotnet\sdk\9.0.302\Sdks\Microsoft.NET.Sdk\targets\Microsoft.NET.Sdk.FrameworkReferenceResolution.targets(14,5): message :     ") à C:\Program Files\dotnet\sdk\9.0.302\Sdks\Microsoft.NET.Sdk\targets\Microsoft.NET.Sdk.FrameworkReferenceResolution.targets (14,5)
       C:\Program Files\dotnet\sdk\9.0.302\Sdks\Microsoft.NET.Sdk\targets\Microsoft.NET.Sdk.targets(44,5): message : Réassignation de propriété : $(_GenerateRuntimeConfigurationPropertyInputsCache)="C:\Users\kerne\Music\Apps\DiversityPub\obj\Debug\net8.0\DiversityPub.genruntimeconfig.cache" (valeur précédente : "obj\Debug\net8.0\DiversityPub.genruntimeconfig.cache") à C:\Program Files\dotnet\sdk\9.0.302\Sdks\Microsoft.NET.Sdk\targets\Microsoft.NET.Sdk.targets (44,5)
       C:\Program Files\dotnet\sdk\9.0.302\Sdks\Microsoft.NET.Sdk\targets\Microsoft.NET.Sdk.targets(46,5): message : Réassignation de propriété : $(_GeneratePublishDependencyFilePropertyInputsCache)="C:\Users\kerne\Music\Apps\DiversityPub\obj\Debug\net8.0\DiversityPub.genpublishdeps.cache" (valeur précédente : "obj\Debug\net8.0\DiversityPub.genpublishdeps.cache") à C:\Program Files\dotnet\sdk\9.0.302\Sdks\Microsoft.NET.Sdk\targets\Microsoft.NET.Sdk.targets (46,5)
       C:\Program Files\dotnet\sdk\9.0.302\Sdks\Microsoft.NET.Sdk\targets\Microsoft.NET.Sdk.targets(48,5): message : Réassignation de propriété : $(_GenerateSingleFileBundlePropertyInputsCache)="C:\Users\kerne\Music\Apps\DiversityPub\obj\Debug\net8.0\DiversityPub.genbundle.cache" (valeur précédente : "obj\Debug\net8.0\DiversityPub.genbundle.cache") à C:\Program Files\dotnet\sdk\9.0.302\Sdks\Microsoft.NET.Sdk\targets\Microsoft.NET.Sdk.targets (48,5)
       C:\Program Files\dotnet\sdk\9.0.302\Sdks\Microsoft.NET.Sdk\targets\Microsoft.NET.Sdk.targets(81,5): message : Réassignation de propriété : $(GenerateRuntimeConfigDevFile)="false" (valeur précédente : "true") à C:\Program Files\dotnet\sdk\9.0.302\Sdks\Microsoft.NET.Sdk\targets\Microsoft.NET.Sdk.targets (81,5)
       C:\Program Files\dotnet\sdk\9.0.302\Sdks\Microsoft.NET.Sdk\targets\Microsoft.NET.Sdk.targets(97,5): message : Propriété 'USERPROFILE' avec la valeur 'C:\Users\kerne' développée à partir de l’environnement.
       C:\Program Files\dotnet\sdk\9.0.302\Sdks\Microsoft.NET.Sdk\targets\Microsoft.NET.Sdk.targets(97,5): message : Réassignation de propriété : $(_DefaultUserProfileRuntimeStorePath)="C:\Users\kerne" (valeur précédente : "") à C:\Program Files\dotnet\sdk\9.0.302\Sdks\Microsoft.NET.Sdk\targets\Microsoft.NET.Sdk.targets (97,5)
       C:\Program Files\dotnet\sdk\9.0.302\Sdks\Microsoft.NET.Sdk\targets\Microsoft.NET.Sdk.targets(98,5): message : Réassignation de propriété : $(_DefaultUserProfileRuntimeStorePath)="C:\Users\kerne\.dotnet\store" (valeur précédente : "C:\Users\kerne") à C:\Program Files\dotnet\sdk\9.0.302\Sdks\Microsoft.NET.Sdk\targets\Microsoft.NET.Sdk.targets (98,5)
       C:\Program Files\dotnet\sdk\9.0.302\Sdks\Microsoft.NET.Sdk\targets\Microsoft.NET.Sdk.targets(140,5): message : Réassignation de propriété : $(AvailablePlatforms)="Any CPU,x86,x64,ARM32" (valeur précédente : "Any CPU,x86,x64") à C:\Program Files\dotnet\sdk\9.0.302\Sdks\Microsoft.NET.Sdk\targets\Microsoft.NET.Sdk.targets (140,5)
       C:\Program Files\dotnet\sdk\9.0.302\Sdks\Microsoft.NET.Sdk\targets\Microsoft.NET.Sdk.targets(144,5): message : Réassignation de propriété : $(AvailablePlatforms)="Any CPU,x86,x64,ARM32,ARM64" (valeur précédente : "Any CPU,x86,x64,ARM32") à C:\Program Files\dotnet\sdk\9.0.302\Sdks\Microsoft.NET.Sdk\targets\Microsoft.NET.Sdk.targets (144,5)
       C:\Program Files\dotnet\sdk\9.0.302\Sdks\Microsoft.NET.Sdk\targets\Microsoft.NET.Sdk.targets(201,5): message : Réassignation de propriété : $(CoreBuildDependsOn)="
       C:\Program Files\dotnet\sdk\9.0.302\Sdks\Microsoft.NET.Sdk\targets\Microsoft.NET.Sdk.targets(201,5): message :       _CheckForBuildWithNoBuild;
       C:\Program Files\dotnet\sdk\9.0.302\Sdks\Microsoft.NET.Sdk\targets\Microsoft.NET.Sdk.targets(201,5): message :       
       C:\Program Files\dotnet\sdk\9.0.302\Sdks\Microsoft.NET.Sdk\targets\Microsoft.NET.Sdk.targets(201,5): message :       BuildOnlySettings;
       C:\Program Files\dotnet\sdk\9.0.302\Sdks\Microsoft.NET.Sdk\targets\Microsoft.NET.Sdk.targets(201,5): message :       PrepareForBuild;
       C:\Program Files\dotnet\sdk\9.0.302\Sdks\Microsoft.NET.Sdk\targets\Microsoft.NET.Sdk.targets(201,5): message :       PreBuildEvent;
       C:\Program Files\dotnet\sdk\9.0.302\Sdks\Microsoft.NET.Sdk\targets\Microsoft.NET.Sdk.targets(201,5): message :       ResolveReferences;
       C:\Program Files\dotnet\sdk\9.0.302\Sdks\Microsoft.NET.Sdk\targets\Microsoft.NET.Sdk.targets(201,5): message :       PrepareResources;
       C:\Program Files\dotnet\sdk\9.0.302\Sdks\Microsoft.NET.Sdk\targets\Microsoft.NET.Sdk.targets(201,5): message :       ResolveKeySource;
       C:\Program Files\dotnet\sdk\9.0.302\Sdks\Microsoft.NET.Sdk\targets\Microsoft.NET.Sdk.targets(201,5): message :       Compile;
       C:\Program Files\dotnet\sdk\9.0.302\Sdks\Microsoft.NET.Sdk\targets\Microsoft.NET.Sdk.targets(201,5): message :       ExportWindowsMDFile;
       C:\Program Files\dotnet\sdk\9.0.302\Sdks\Microsoft.NET.Sdk\targets\Microsoft.NET.Sdk.targets(201,5): message :       UnmanagedUnregistration;
       C:\Program Files\dotnet\sdk\9.0.302\Sdks\Microsoft.NET.Sdk\targets\Microsoft.NET.Sdk.targets(201,5): message :       GenerateSerializationAssemblies;
       C:\Program Files\dotnet\sdk\9.0.302\Sdks\Microsoft.NET.Sdk\targets\Microsoft.NET.Sdk.targets(201,5): message :       CreateSatelliteAssemblies;
       C:\Program Files\dotnet\sdk\9.0.302\Sdks\Microsoft.NET.Sdk\targets\Microsoft.NET.Sdk.targets(201,5): message :       GenerateManifests;
       C:\Program Files\dotnet\sdk\9.0.302\Sdks\Microsoft.NET.Sdk\targets\Microsoft.NET.Sdk.targets(201,5): message :       GetTargetPath;
       C:\Program Files\dotnet\sdk\9.0.302\Sdks\Microsoft.NET.Sdk\targets\Microsoft.NET.Sdk.targets(201,5): message :       PrepareForRun;
       C:\Program Files\dotnet\sdk\9.0.302\Sdks\Microsoft.NET.Sdk\targets\Microsoft.NET.Sdk.targets(201,5): message :       UnmanagedRegistration;
       C:\Program Files\dotnet\sdk\9.0.302\Sdks\Microsoft.NET.Sdk\targets\Microsoft.NET.Sdk.targets(201,5): message :       IncrementalClean;
       C:\Program Files\dotnet\sdk\9.0.302\Sdks\Microsoft.NET.Sdk\targets\Microsoft.NET.Sdk.targets(201,5): message :       PostBuildEvent
       C:\Program Files\dotnet\sdk\9.0.302\Sdks\Microsoft.NET.Sdk\targets\Microsoft.NET.Sdk.targets(201,5): message :     ;
       C:\Program Files\dotnet\sdk\9.0.302\Sdks\Microsoft.NET.Sdk\targets\Microsoft.NET.Sdk.targets(201,5): message :       GenerateBuildDependencyFile;
       C:\Program Files\dotnet\sdk\9.0.302\Sdks\Microsoft.NET.Sdk\targets\Microsoft.NET.Sdk.targets(201,5): message :       GenerateBuildRuntimeConfigurationFiles
       C:\Program Files\dotnet\sdk\9.0.302\Sdks\Microsoft.NET.Sdk\targets\Microsoft.NET.Sdk.targets(201,5): message :     " (valeur précédente : "
       C:\Program Files\dotnet\sdk\9.0.302\Sdks\Microsoft.NET.Sdk\targets\Microsoft.NET.Sdk.targets(201,5): message :       BuildOnlySettings;
       C:\Program Files\dotnet\sdk\9.0.302\Sdks\Microsoft.NET.Sdk\targets\Microsoft.NET.Sdk.targets(201,5): message :       PrepareForBuild;
       C:\Program Files\dotnet\sdk\9.0.302\Sdks\Microsoft.NET.Sdk\targets\Microsoft.NET.Sdk.targets(201,5): message :       PreBuildEvent;
       C:\Program Files\dotnet\sdk\9.0.302\Sdks\Microsoft.NET.Sdk\targets\Microsoft.NET.Sdk.targets(201,5): message :       ResolveReferences;
       C:\Program Files\dotnet\sdk\9.0.302\Sdks\Microsoft.NET.Sdk\targets\Microsoft.NET.Sdk.targets(201,5): message :       PrepareResources;
       C:\Program Files\dotnet\sdk\9.0.302\Sdks\Microsoft.NET.Sdk\targets\Microsoft.NET.Sdk.targets(201,5): message :       ResolveKeySource;
       C:\Program Files\dotnet\sdk\9.0.302\Sdks\Microsoft.NET.Sdk\targets\Microsoft.NET.Sdk.targets(201,5): message :       Compile;
       C:\Program Files\dotnet\sdk\9.0.302\Sdks\Microsoft.NET.Sdk\targets\Microsoft.NET.Sdk.targets(201,5): message :       ExportWindowsMDFile;
       C:\Program Files\dotnet\sdk\9.0.302\Sdks\Microsoft.NET.Sdk\targets\Microsoft.NET.Sdk.targets(201,5): message :       UnmanagedUnregistration;
       C:\Program Files\dotnet\sdk\9.0.302\Sdks\Microsoft.NET.Sdk\targets\Microsoft.NET.Sdk.targets(201,5): message :       GenerateSerializationAssemblies;
       C:\Program Files\dotnet\sdk\9.0.302\Sdks\Microsoft.NET.Sdk\targets\Microsoft.NET.Sdk.targets(201,5): message :       CreateSatelliteAssemblies;
       C:\Program Files\dotnet\sdk\9.0.302\Sdks\Microsoft.NET.Sdk\targets\Microsoft.NET.Sdk.targets(201,5): message :       GenerateManifests;
       C:\Program Files\dotnet\sdk\9.0.302\Sdks\Microsoft.NET.Sdk\targets\Microsoft.NET.Sdk.targets(201,5): message :       GetTargetPath;
       C:\Program Files\dotnet\sdk\9.0.302\Sdks\Microsoft.NET.Sdk\targets\Microsoft.NET.Sdk.targets(201,5): message :       PrepareForRun;
       C:\Program Files\dotnet\sdk\9.0.302\Sdks\Microsoft.NET.Sdk\targets\Microsoft.NET.Sdk.targets(201,5): message :       UnmanagedRegistration;
       C:\Program Files\dotnet\sdk\9.0.302\Sdks\Microsoft.NET.Sdk\targets\Microsoft.NET.Sdk.targets(201,5): message :       IncrementalClean;
       C:\Program Files\dotnet\sdk\9.0.302\Sdks\Microsoft.NET.Sdk\targets\Microsoft.NET.Sdk.targets(201,5): message :       PostBuildEvent
       C:\Program Files\dotnet\sdk\9.0.302\Sdks\Microsoft.NET.Sdk\targets\Microsoft.NET.Sdk.targets(201,5): message :     ") à C:\Program Files\dotnet\sdk\9.0.302\Sdks\Microsoft.NET.Sdk\targets\Microsoft.NET.Sdk.targets (201,5)
       C:\Program Files\dotnet\sdk\9.0.302\Sdks\Microsoft.NET.Sdk\targets\Microsoft.NET.Sdk.targets(210,5): message : Réassignation de propriété : $(CoreCleanDependsOn)="
       C:\Program Files\dotnet\sdk\9.0.302\Sdks\Microsoft.NET.Sdk\targets\Microsoft.NET.Sdk.targets(210,5): message :       _SdkBeforeClean;
       C:\Program Files\dotnet\sdk\9.0.302\Sdks\Microsoft.NET.Sdk\targets\Microsoft.NET.Sdk.targets(210,5): message :       
       C:\Program Files\dotnet\sdk\9.0.302\Sdks\Microsoft.NET.Sdk\targets\Microsoft.NET.Sdk.targets(210,5): message :     " (valeur précédente : "") à C:\Program Files\dotnet\sdk\9.0.302\Sdks\Microsoft.NET.Sdk\targets\Microsoft.NET.Sdk.targets (210,5)
       C:\Program Files\dotnet\sdk\9.0.302\Sdks\Microsoft.NET.Sdk\targets\Microsoft.NET.Sdk.targets(217,5): message : Réassignation de propriété : $(RebuildDependsOn)="
       C:\Program Files\dotnet\sdk\9.0.302\Sdks\Microsoft.NET.Sdk\targets\Microsoft.NET.Sdk.targets(217,5): message :       _SdkBeforeRebuild;
       C:\Program Files\dotnet\sdk\9.0.302\Sdks\Microsoft.NET.Sdk\targets\Microsoft.NET.Sdk.targets(217,5): message :       
       C:\Program Files\dotnet\sdk\9.0.302\Sdks\Microsoft.NET.Sdk\targets\Microsoft.NET.Sdk.targets(217,5): message :       BeforeRebuild;
       C:\Program Files\dotnet\sdk\9.0.302\Sdks\Microsoft.NET.Sdk\targets\Microsoft.NET.Sdk.targets(217,5): message :       Clean;
       C:\Program Files\dotnet\sdk\9.0.302\Sdks\Microsoft.NET.Sdk\targets\Microsoft.NET.Sdk.targets(217,5): message :       Build;
       C:\Program Files\dotnet\sdk\9.0.302\Sdks\Microsoft.NET.Sdk\targets\Microsoft.NET.Sdk.targets(217,5): message :       AfterRebuild;
       C:\Program Files\dotnet\sdk\9.0.302\Sdks\Microsoft.NET.Sdk\targets\Microsoft.NET.Sdk.targets(217,5): message :     
       C:\Program Files\dotnet\sdk\9.0.302\Sdks\Microsoft.NET.Sdk\targets\Microsoft.NET.Sdk.targets(217,5): message :     " (valeur précédente : "
       C:\Program Files\dotnet\sdk\9.0.302\Sdks\Microsoft.NET.Sdk\targets\Microsoft.NET.Sdk.targets(217,5): message :       BeforeRebuild;
       C:\Program Files\dotnet\sdk\9.0.302\Sdks\Microsoft.NET.Sdk\targets\Microsoft.NET.Sdk.targets(217,5): message :       Clean;
       C:\Program Files\dotnet\sdk\9.0.302\Sdks\Microsoft.NET.Sdk\targets\Microsoft.NET.Sdk.targets(217,5): message :       Build;
       C:\Program Files\dotnet\sdk\9.0.302\Sdks\Microsoft.NET.Sdk\targets\Microsoft.NET.Sdk.targets(217,5): message :       AfterRebuild;
       C:\Program Files\dotnet\sdk\9.0.302\Sdks\Microsoft.NET.Sdk\targets\Microsoft.NET.Sdk.targets(217,5): message :     ") à C:\Program Files\dotnet\sdk\9.0.302\Sdks\Microsoft.NET.Sdk\targets\Microsoft.NET.Sdk.targets (217,5)
       C:\Program Files\dotnet\sdk\9.0.302\Sdks\Microsoft.NET.Sdk\targets\Microsoft.NET.Sdk.targets(784,5): message : Réassignation de propriété : $(CompileDependsOn)="
       C:\Program Files\dotnet\sdk\9.0.302\Sdks\Microsoft.NET.Sdk\targets\Microsoft.NET.Sdk.targets(784,5): message :       
       C:\Program Files\dotnet\sdk\9.0.302\Sdks\Microsoft.NET.Sdk\targets\Microsoft.NET.Sdk.targets(784,5): message :       ResolveReferences;
       C:\Program Files\dotnet\sdk\9.0.302\Sdks\Microsoft.NET.Sdk\targets\Microsoft.NET.Sdk.targets(784,5): message :       ResolveKeySource;
       C:\Program Files\dotnet\sdk\9.0.302\Sdks\Microsoft.NET.Sdk\targets\Microsoft.NET.Sdk.targets(784,5): message :       SetWin32ManifestProperties;
       C:\Program Files\dotnet\sdk\9.0.302\Sdks\Microsoft.NET.Sdk\targets\Microsoft.NET.Sdk.targets(784,5): message :       _SetPreferNativeArm64Win32ManifestProperties;
       C:\Program Files\dotnet\sdk\9.0.302\Sdks\Microsoft.NET.Sdk\targets\Microsoft.NET.Sdk.targets(784,5): message :       FindReferenceAssembliesForReferences;
       C:\Program Files\dotnet\sdk\9.0.302\Sdks\Microsoft.NET.Sdk\targets\Microsoft.NET.Sdk.targets(784,5): message :       _GenerateCompileInputs;
       C:\Program Files\dotnet\sdk\9.0.302\Sdks\Microsoft.NET.Sdk\targets\Microsoft.NET.Sdk.targets(784,5): message :       BeforeCompile;
       C:\Program Files\dotnet\sdk\9.0.302\Sdks\Microsoft.NET.Sdk\targets\Microsoft.NET.Sdk.targets(784,5): message :       _TimeStampBeforeCompile;
       C:\Program Files\dotnet\sdk\9.0.302\Sdks\Microsoft.NET.Sdk\targets\Microsoft.NET.Sdk.targets(784,5): message :       _GenerateCompileDependencyCache;
       C:\Program Files\dotnet\sdk\9.0.302\Sdks\Microsoft.NET.Sdk\targets\Microsoft.NET.Sdk.targets(784,5): message :       CoreCompile;
       C:\Program Files\dotnet\sdk\9.0.302\Sdks\Microsoft.NET.Sdk\targets\Microsoft.NET.Sdk.targets(784,5): message :       _TimeStampAfterCompile;
       C:\Program Files\dotnet\sdk\9.0.302\Sdks\Microsoft.NET.Sdk\targets\Microsoft.NET.Sdk.targets(784,5): message :       AfterCompile;
       C:\Program Files\dotnet\sdk\9.0.302\Sdks\Microsoft.NET.Sdk\targets\Microsoft.NET.Sdk.targets(784,5): message :     ;
       C:\Program Files\dotnet\sdk\9.0.302\Sdks\Microsoft.NET.Sdk\targets\Microsoft.NET.Sdk.targets(784,5): message :       _CreateAppHost;
       C:\Program Files\dotnet\sdk\9.0.302\Sdks\Microsoft.NET.Sdk\targets\Microsoft.NET.Sdk.targets(784,5): message :       _CreateComHost;
       C:\Program Files\dotnet\sdk\9.0.302\Sdks\Microsoft.NET.Sdk\targets\Microsoft.NET.Sdk.targets(784,5): message :       _GetIjwHostPaths;
       C:\Program Files\dotnet\sdk\9.0.302\Sdks\Microsoft.NET.Sdk\targets\Microsoft.NET.Sdk.targets(784,5): message :     " (valeur précédente : "
       C:\Program Files\dotnet\sdk\9.0.302\Sdks\Microsoft.NET.Sdk\targets\Microsoft.NET.Sdk.targets(784,5): message :       ResolveReferences;
       C:\Program Files\dotnet\sdk\9.0.302\Sdks\Microsoft.NET.Sdk\targets\Microsoft.NET.Sdk.targets(784,5): message :       ResolveKeySource;
       C:\Program Files\dotnet\sdk\9.0.302\Sdks\Microsoft.NET.Sdk\targets\Microsoft.NET.Sdk.targets(784,5): message :       SetWin32ManifestProperties;
       C:\Program Files\dotnet\sdk\9.0.302\Sdks\Microsoft.NET.Sdk\targets\Microsoft.NET.Sdk.targets(784,5): message :       _SetPreferNativeArm64Win32ManifestProperties;
       C:\Program Files\dotnet\sdk\9.0.302\Sdks\Microsoft.NET.Sdk\targets\Microsoft.NET.Sdk.targets(784,5): message :       FindReferenceAssembliesForReferences;
       C:\Program Files\dotnet\sdk\9.0.302\Sdks\Microsoft.NET.Sdk\targets\Microsoft.NET.Sdk.targets(784,5): message :       _GenerateCompileInputs;
       C:\Program Files\dotnet\sdk\9.0.302\Sdks\Microsoft.NET.Sdk\targets\Microsoft.NET.Sdk.targets(784,5): message :       BeforeCompile;
       C:\Program Files\dotnet\sdk\9.0.302\Sdks\Microsoft.NET.Sdk\targets\Microsoft.NET.Sdk.targets(784,5): message :       _TimeStampBeforeCompile;
       C:\Program Files\dotnet\sdk\9.0.302\Sdks\Microsoft.NET.Sdk\targets\Microsoft.NET.Sdk.targets(784,5): message :       _GenerateCompileDependencyCache;
       C:\Program Files\dotnet\sdk\9.0.302\Sdks\Microsoft.NET.Sdk\targets\Microsoft.NET.Sdk.targets(784,5): message :       CoreCompile;
       C:\Program Files\dotnet\sdk\9.0.302\Sdks\Microsoft.NET.Sdk\targets\Microsoft.NET.Sdk.targets(784,5): message :       _TimeStampAfterCompile;
       C:\Program Files\dotnet\sdk\9.0.302\Sdks\Microsoft.NET.Sdk\targets\Microsoft.NET.Sdk.targets(784,5): message :       AfterCompile;
       C:\Program Files\dotnet\sdk\9.0.302\Sdks\Microsoft.NET.Sdk\targets\Microsoft.NET.Sdk.targets(784,5): message :     ") à C:\Program Files\dotnet\sdk\9.0.302\Sdks\Microsoft.NET.Sdk\targets\Microsoft.NET.Sdk.targets (784,5)
       C:\Program Files\dotnet\sdk\9.0.302\Sdks\Microsoft.NET.Sdk\targets\Microsoft.NET.Sdk.targets(1184,5): message : Réassignation de propriété : $(CreateSatelliteAssembliesDependsOn)="
       C:\Program Files\dotnet\sdk\9.0.302\Sdks\Microsoft.NET.Sdk\targets\Microsoft.NET.Sdk.targets(1184,5): message :       
       C:\Program Files\dotnet\sdk\9.0.302\Sdks\Microsoft.NET.Sdk\targets\Microsoft.NET.Sdk.targets(1184,5): message :       ;
       C:\Program Files\dotnet\sdk\9.0.302\Sdks\Microsoft.NET.Sdk\targets\Microsoft.NET.Sdk.targets(1184,5): message :       _GenerateSatelliteAssemblyInputs;
       C:\Program Files\dotnet\sdk\9.0.302\Sdks\Microsoft.NET.Sdk\targets\Microsoft.NET.Sdk.targets(1184,5): message :       ComputeIntermediateSatelliteAssemblies;
       C:\Program Files\dotnet\sdk\9.0.302\Sdks\Microsoft.NET.Sdk\targets\Microsoft.NET.Sdk.targets(1184,5): message :       GenerateSatelliteAssemblies
       C:\Program Files\dotnet\sdk\9.0.302\Sdks\Microsoft.NET.Sdk\targets\Microsoft.NET.Sdk.targets(1184,5): message :     ;
       C:\Program Files\dotnet\sdk\9.0.302\Sdks\Microsoft.NET.Sdk\targets\Microsoft.NET.Sdk.targets(1184,5): message :       CoreGenerateSatelliteAssemblies
       C:\Program Files\dotnet\sdk\9.0.302\Sdks\Microsoft.NET.Sdk\targets\Microsoft.NET.Sdk.targets(1184,5): message :     " (valeur précédente : "
       C:\Program Files\dotnet\sdk\9.0.302\Sdks\Microsoft.NET.Sdk\targets\Microsoft.NET.Sdk.targets(1184,5): message :       ;
       C:\Program Files\dotnet\sdk\9.0.302\Sdks\Microsoft.NET.Sdk\targets\Microsoft.NET.Sdk.targets(1184,5): message :       _GenerateSatelliteAssemblyInputs;
       C:\Program Files\dotnet\sdk\9.0.302\Sdks\Microsoft.NET.Sdk\targets\Microsoft.NET.Sdk.targets(1184,5): message :       ComputeIntermediateSatelliteAssemblies;
       C:\Program Files\dotnet\sdk\9.0.302\Sdks\Microsoft.NET.Sdk\targets\Microsoft.NET.Sdk.targets(1184,5): message :       GenerateSatelliteAssemblies
       C:\Program Files\dotnet\sdk\9.0.302\Sdks\Microsoft.NET.Sdk\targets\Microsoft.NET.Sdk.targets(1184,5): message :     ") à C:\Program Files\dotnet\sdk\9.0.302\Sdks\Microsoft.NET.Sdk\targets\Microsoft.NET.Sdk.targets (1184,5)
       C:\Program Files\dotnet\sdk\9.0.302\Sdks\Microsoft.SourceLink.GitLab\build\Microsoft.SourceLink.GitLab.targets(12,5): message : Réassignation de propriété : $(SourceLinkUrlInitializerTargets)=";_InitializeGitHubSourceLinkUrl;_InitializeGitLabSourceLinkUrl" (valeur précédente : ";_InitializeGitHubSourceLinkUrl") à C:\Program Files\dotnet\sdk\9.0.302\Sdks\Microsoft.SourceLink.GitLab\build\Microsoft.SourceLink.GitLab.targets (12,5)
       C:\Program Files\dotnet\sdk\9.0.302\Sdks\Microsoft.SourceLink.GitLab\build\Microsoft.SourceLink.GitLab.targets(13,5): message : Réassignation de propriété : $(SourceControlManagerUrlTranslationTargets)=";TranslateGitHubUrlsInSourceControlInformation;TranslateGitLabUrlsInSourceControlInformation" (valeur précédente : ";TranslateGitHubUrlsInSourceControlInformation") à C:\Program Files\dotnet\sdk\9.0.302\Sdks\Microsoft.SourceLink.GitLab\build\Microsoft.SourceLink.GitLab.targets (13,5)
       C:\Program Files\dotnet\sdk\9.0.302\Sdks\Microsoft.SourceLink.AzureRepos.Git\build\Microsoft.SourceLink.AzureRepos.Git.targets(12,5): message : Réassignation de propriété : $(SourceLinkUrlInitializerTargets)=";_InitializeGitHubSourceLinkUrl;_InitializeGitLabSourceLinkUrl;_InitializeAzureReposGitSourceLinkUrl" (valeur précédente : ";_InitializeGitHubSourceLinkUrl;_InitializeGitLabSourceLinkUrl") à C:\Program Files\dotnet\sdk\9.0.302\Sdks\Microsoft.SourceLink.AzureRepos.Git\build\Microsoft.SourceLink.AzureRepos.Git.targets (12,5)
       C:\Program Files\dotnet\sdk\9.0.302\Sdks\Microsoft.SourceLink.AzureRepos.Git\build\Microsoft.SourceLink.AzureRepos.Git.targets(13,5): message : Réassignation de propriété : $(SourceControlManagerUrlTranslationTargets)=";TranslateGitHubUrlsInSourceControlInformation;TranslateGitLabUrlsInSourceControlInformation;TranslateAzureReposGitUrlsInSourceControlInformation" (valeur précédente : ";TranslateGitHubUrlsInSourceControlInformation;TranslateGitLabUrlsInSourceControlInformation") à C:\Program Files\dotnet\sdk\9.0.302\Sdks\Microsoft.SourceLink.AzureRepos.Git\build\Microsoft.SourceLink.AzureRepos.Git.targets (13,5)
       C:\Program Files\dotnet\sdk\9.0.302\Sdks\Microsoft.SourceLink.Bitbucket.Git\build\Microsoft.SourceLink.Bitbucket.Git.targets(12,5): message : Réassignation de propriété : $(SourceLinkUrlInitializerTargets)=";_InitializeGitHubSourceLinkUrl;_InitializeGitLabSourceLinkUrl;_InitializeAzureReposGitSourceLinkUrl;_InitializeBitbucketGitSourceLinkUrl" (valeur précédente : ";_InitializeGitHubSourceLinkUrl;_InitializeGitLabSourceLinkUrl;_InitializeAzureReposGitSourceLinkUrl") à C:\Program Files\dotnet\sdk\9.0.302\Sdks\Microsoft.SourceLink.Bitbucket.Git\build\Microsoft.SourceLink.Bitbucket.Git.targets (12,5)
       C:\Program Files\dotnet\sdk\9.0.302\Sdks\Microsoft.SourceLink.Bitbucket.Git\build\Microsoft.SourceLink.Bitbucket.Git.targets(13,5): message : Réassignation de propriété : $(SourceControlManagerUrlTranslationTargets)=";TranslateGitHubUrlsInSourceControlInformation;TranslateGitLabUrlsInSourceControlInformation;TranslateAzureReposGitUrlsInSourceControlInformation;TranslateBitbucketGitUrlsInSourceControlInformation" (valeur précédente : ";TranslateGitHubUrlsInSourceControlInformation;TranslateGitLabUrlsInSourceControlInformation;TranslateAzureReposGitUrlsInSourceControlInformation") à C:\Program Files\dotnet\sdk\9.0.302\Sdks\Microsoft.SourceLink.Bitbucket.Git\build\Microsoft.SourceLink.Bitbucket.Git.targets (13,5)
       C:\Program Files\dotnet\sdk\9.0.302\Sdks\Microsoft.NET.Sdk\targets\Microsoft.NET.DesignerSupport.targets(21,5): message : Réassignation de propriété : $(DesignerRuntimeImplementationProjectOutputGroupDependsOn)="
       C:\Program Files\dotnet\sdk\9.0.302\Sdks\Microsoft.NET.Sdk\targets\Microsoft.NET.DesignerSupport.targets(21,5): message :       
       C:\Program Files\dotnet\sdk\9.0.302\Sdks\Microsoft.NET.Sdk\targets\Microsoft.NET.DesignerSupport.targets(21,5): message :       ;
       C:\Program Files\dotnet\sdk\9.0.302\Sdks\Microsoft.NET.Sdk\targets\Microsoft.NET.DesignerSupport.targets(21,5): message :       
       C:\Program Files\dotnet\sdk\9.0.302\Sdks\Microsoft.NET.Sdk\targets\Microsoft.NET.DesignerSupport.targets(21,5): message :       ;
       C:\Program Files\dotnet\sdk\9.0.302\Sdks\Microsoft.NET.Sdk\targets\Microsoft.NET.DesignerSupport.targets(21,5): message :       BuildOnlySettings;
       C:\Program Files\dotnet\sdk\9.0.302\Sdks\Microsoft.NET.Sdk\targets\Microsoft.NET.DesignerSupport.targets(21,5): message :       PrepareForBuild;
       C:\Program Files\dotnet\sdk\9.0.302\Sdks\Microsoft.NET.Sdk\targets\Microsoft.NET.DesignerSupport.targets(21,5): message :       AssignTargetPaths;
       C:\Program Files\dotnet\sdk\9.0.302\Sdks\Microsoft.NET.Sdk\targets\Microsoft.NET.DesignerSupport.targets(21,5): message :       ResolveReferences
       C:\Program Files\dotnet\sdk\9.0.302\Sdks\Microsoft.NET.Sdk\targets\Microsoft.NET.DesignerSupport.targets(21,5): message :     
       C:\Program Files\dotnet\sdk\9.0.302\Sdks\Microsoft.NET.Sdk\targets\Microsoft.NET.DesignerSupport.targets(21,5): message :     ;
       C:\Program Files\dotnet\sdk\9.0.302\Sdks\Microsoft.NET.Sdk\targets\Microsoft.NET.DesignerSupport.targets(21,5): message :       _GenerateDesignerDepsFile;
       C:\Program Files\dotnet\sdk\9.0.302\Sdks\Microsoft.NET.Sdk\targets\Microsoft.NET.DesignerSupport.targets(21,5): message :       _GenerateDesignerRuntimeConfigFile;
       C:\Program Files\dotnet\sdk\9.0.302\Sdks\Microsoft.NET.Sdk\targets\Microsoft.NET.DesignerSupport.targets(21,5): message :       GetCopyToOutputDirectoryItems;
       C:\Program Files\dotnet\sdk\9.0.302\Sdks\Microsoft.NET.Sdk\targets\Microsoft.NET.DesignerSupport.targets(21,5): message :       _GatherDesignerShadowCopyFiles;
       C:\Program Files\dotnet\sdk\9.0.302\Sdks\Microsoft.NET.Sdk\targets\Microsoft.NET.DesignerSupport.targets(21,5): message :     " (valeur précédente : "
       C:\Program Files\dotnet\sdk\9.0.302\Sdks\Microsoft.NET.Sdk\targets\Microsoft.NET.DesignerSupport.targets(21,5): message :       ;
       C:\Program Files\dotnet\sdk\9.0.302\Sdks\Microsoft.NET.Sdk\targets\Microsoft.NET.DesignerSupport.targets(21,5): message :       
       C:\Program Files\dotnet\sdk\9.0.302\Sdks\Microsoft.NET.Sdk\targets\Microsoft.NET.DesignerSupport.targets(21,5): message :       ;
       C:\Program Files\dotnet\sdk\9.0.302\Sdks\Microsoft.NET.Sdk\targets\Microsoft.NET.DesignerSupport.targets(21,5): message :       BuildOnlySettings;
       C:\Program Files\dotnet\sdk\9.0.302\Sdks\Microsoft.NET.Sdk\targets\Microsoft.NET.DesignerSupport.targets(21,5): message :       PrepareForBuild;
       C:\Program Files\dotnet\sdk\9.0.302\Sdks\Microsoft.NET.Sdk\targets\Microsoft.NET.DesignerSupport.targets(21,5): message :       AssignTargetPaths;
       C:\Program Files\dotnet\sdk\9.0.302\Sdks\Microsoft.NET.Sdk\targets\Microsoft.NET.DesignerSupport.targets(21,5): message :       ResolveReferences
       C:\Program Files\dotnet\sdk\9.0.302\Sdks\Microsoft.NET.Sdk\targets\Microsoft.NET.DesignerSupport.targets(21,5): message :     
       C:\Program Files\dotnet\sdk\9.0.302\Sdks\Microsoft.NET.Sdk\targets\Microsoft.NET.DesignerSupport.targets(21,5): message :     ") à C:\Program Files\dotnet\sdk\9.0.302\Sdks\Microsoft.NET.Sdk\targets\Microsoft.NET.DesignerSupport.targets (21,5)
       C:\Program Files\dotnet\sdk\9.0.302\Sdks\Microsoft.NET.Sdk\targets\Microsoft.NET.PackTool.targets(68,5): message : Réassignation de propriété : $(_GenerateToolsSettingsFileCacheFile)="C:\Users\kerne\Music\Apps\DiversityPub\obj\Debug\net8.0\DiversityPub.toolssettingsinput.cache" (valeur précédente : "obj\Debug\net8.0\DiversityPub.toolssettingsinput.cache") à C:\Program Files\dotnet\sdk\9.0.302\Sdks\Microsoft.NET.Sdk\targets\Microsoft.NET.PackTool.targets (68,5)
       C:\Program Files\dotnet\sdk\9.0.302\Sdks\Microsoft.NET.Sdk\targets\Microsoft.NET.PackTool.targets(137,5): message : Réassignation de propriété : $(_ShimInputCacheFile)="C:\Users\kerne\Music\Apps\DiversityPub\obj\Debug\net8.0\DiversityPub.shiminput.cache" (valeur précédente : "obj\Debug\net8.0\DiversityPub.shiminput.cache") à C:\Program Files\dotnet\sdk\9.0.302\Sdks\Microsoft.NET.Sdk\targets\Microsoft.NET.PackTool.targets (137,5)
       C:\Program Files\dotnet\sdk\9.0.302\Sdks\Microsoft.NET.Sdk\targets\Microsoft.NET.PackTool.targets(139,5): message : Réassignation de propriété : $(_ShimCreatedSentinelFile)="C:\Users\kerne\Music\Apps\DiversityPub\obj\Debug\net8.0\DiversityPub.shimcreated.sentinel" (valeur précédente : "obj\Debug\net8.0\DiversityPub.shimcreated.sentinel") à C:\Program Files\dotnet\sdk\9.0.302\Sdks\Microsoft.NET.Sdk\targets\Microsoft.NET.PackTool.targets (139,5)
       C:\Program Files\dotnet\sdk\9.0.302\Sdks\Microsoft.NET.Sdk\targets\Microsoft.NET.Sdk.CSharp.targets(31,5): message : Réassignation de propriété : $(DefineConstants)="TRACE;DEBUG" (valeur précédente : "TRACE") à C:\Program Files\dotnet\sdk\9.0.302\Sdks\Microsoft.NET.Sdk\targets\Microsoft.NET.Sdk.CSharp.targets (31,5)
       C:\Program Files\dotnet\sdk\9.0.302\Sdks\Microsoft.NET.Sdk\targets\Microsoft.NET.Sdk.CSharp.targets(34,5): message : Réassignation de propriété : $(DefineConstants)="TRACE;DEBUG;NET;NET8_0;NETCOREAPP" (valeur précédente : "TRACE;DEBUG") à C:\Program Files\dotnet\sdk\9.0.302\Sdks\Microsoft.NET.Sdk\targets\Microsoft.NET.Sdk.CSharp.targets (34,5)
       C:\Program Files\dotnet\sdk\9.0.302\Sdks\Microsoft.NET.Sdk\targets\Microsoft.NET.Sdk.CSharp.targets(48,5): message : Réassignation de propriété : $(WarningsAsErrors)=";NU1605;SYSLIB0011" (valeur précédente : ";NU1605") à C:\Program Files\dotnet\sdk\9.0.302\Sdks\Microsoft.NET.Sdk\targets\Microsoft.NET.Sdk.CSharp.targets (48,5)
       C:\Program Files\dotnet\sdk\9.0.302\Sdks\NuGet.Build.Tasks.Pack\build\NuGet.Build.Tasks.Pack.targets(34,5): message : Réassignation de propriété : $(PackageDescription)="Package Description" (valeur précédente : "") à C:\Program Files\dotnet\sdk\9.0.302\Sdks\NuGet.Build.Tasks.Pack\build\NuGet.Build.Tasks.Pack.targets (34,5)
       C:\Program Files\dotnet\sdk\9.0.302\Sdks\NuGet.Build.Tasks.Pack\build\NuGet.Build.Tasks.Pack.targets(59,5): message : Réassignation de propriété : $(GenerateNuspecDependsOn)="Build;_LoadPackInputItems; _GetTargetFrameworksOutput; _WalkEachTargetPerFramework; _GetPackageFiles; " (valeur précédente : "_LoadPackInputItems; _GetTargetFrameworksOutput; _WalkEachTargetPerFramework; _GetPackageFiles; ") à C:\Program Files\dotnet\sdk\9.0.302\Sdks\NuGet.Build.Tasks.Pack\build\NuGet.Build.Tasks.Pack.targets (59,5)
       C:\Program Files\dotnet\sdk\9.0.302\Sdks\Microsoft.NET.Sdk\Sdk\Sdk.targets(60,5): message : Réassignation de propriété : $(_IsNotSetContainersTargetsDir)="true" (valeur précédente : "false") à C:\Program Files\dotnet\sdk\9.0.302\Sdks\Microsoft.NET.Sdk\Sdk\Sdk.targets (60,5)
       C:\Program Files\dotnet\sdk\9.0.302\Containers\build\Microsoft.NET.Build.Containers.targets(5,5): message : Réassignation de propriété : $(_IsSDKContainerAllowedVersion)="true" (valeur précédente : "false") à C:\Program Files\dotnet\sdk\9.0.302\Containers\build\Microsoft.NET.Build.Containers.targets (5,5)
       C:\Program Files\dotnet\sdk\9.0.302\Containers\build\Microsoft.NET.Build.Containers.targets(15,5): message : Réassignation de propriété : $(_ContainerIsTargetingNet8TFM)="true" (valeur précédente : "false") à C:\Program Files\dotnet\sdk\9.0.302\Containers\build\Microsoft.NET.Build.Containers.targets (15,5)
       C:\Program Files\dotnet\sdk\9.0.302\Sdks\Microsoft.NET.Sdk.StaticWebAssets\targets\Sdk.StaticWebAssets.CurrentVersion.targets(37,18): message : Propriété 'DOTNET_HOST_PATH' avec la valeur 'C:\Program Files\dotnet\dotnet.exe' développée à partir de l’environnement.
       C:\Program Files\dotnet\sdk\9.0.302\Sdks\Microsoft.NET.Sdk.StaticWebAssets\targets\Microsoft.NET.Sdk.StaticWebAssets.targets(286,5): message : Réassignation de propriété : $(PrepareForRunDependsOn)="StaticWebAssetsPrepareForRun;
       C:\Program Files\dotnet\sdk\9.0.302\Sdks\Microsoft.NET.Sdk.StaticWebAssets\targets\Microsoft.NET.Sdk.StaticWebAssets.targets(286,5): message :       CopyFilesToOutputDirectory
       C:\Program Files\dotnet\sdk\9.0.302\Sdks\Microsoft.NET.Sdk.StaticWebAssets\targets\Microsoft.NET.Sdk.StaticWebAssets.targets(286,5): message :     " (valeur précédente : "
       C:\Program Files\dotnet\sdk\9.0.302\Sdks\Microsoft.NET.Sdk.StaticWebAssets\targets\Microsoft.NET.Sdk.StaticWebAssets.targets(286,5): message :       CopyFilesToOutputDirectory
       C:\Program Files\dotnet\sdk\9.0.302\Sdks\Microsoft.NET.Sdk.StaticWebAssets\targets\Microsoft.NET.Sdk.StaticWebAssets.targets(286,5): message :     ") à C:\Program Files\dotnet\sdk\9.0.302\Sdks\Microsoft.NET.Sdk.StaticWebAssets\targets\Microsoft.NET.Sdk.StaticWebAssets.targets (286,5)
       C:\Program Files\dotnet\sdk\9.0.302\Sdks\Microsoft.NET.Sdk.StaticWebAssets\targets\Microsoft.NET.Sdk.StaticWebAssets.targets(323,5): message : Réassignation de propriété : $(GetCopyToOutputDirectoryItemsDependsOn)="
       C:\Program Files\dotnet\sdk\9.0.302\Sdks\Microsoft.NET.Sdk.StaticWebAssets\targets\Microsoft.NET.Sdk.StaticWebAssets.targets(323,5): message :       AssignTargetPaths;
       C:\Program Files\dotnet\sdk\9.0.302\Sdks\Microsoft.NET.Sdk.StaticWebAssets\targets\Microsoft.NET.Sdk.StaticWebAssets.targets(323,5): message :       
       C:\Program Files\dotnet\sdk\9.0.302\Sdks\Microsoft.NET.Sdk.StaticWebAssets\targets\Microsoft.NET.Sdk.StaticWebAssets.targets(323,5): message :       AssignProjectConfiguration;
       C:\Program Files\dotnet\sdk\9.0.302\Sdks\Microsoft.NET.Sdk.StaticWebAssets\targets\Microsoft.NET.Sdk.StaticWebAssets.targets(323,5): message :       _SplitProjectReferencesByFileExistence
       C:\Program Files\dotnet\sdk\9.0.302\Sdks\Microsoft.NET.Sdk.StaticWebAssets\targets\Microsoft.NET.Sdk.StaticWebAssets.targets(323,5): message :     ;
       C:\Program Files\dotnet\sdk\9.0.302\Sdks\Microsoft.NET.Sdk.StaticWebAssets\targets\Microsoft.NET.Sdk.StaticWebAssets.targets(323,5): message :       _GetProjectReferenceTargetFrameworkProperties;
       C:\Program Files\dotnet\sdk\9.0.302\Sdks\Microsoft.NET.Sdk.StaticWebAssets\targets\Microsoft.NET.Sdk.StaticWebAssets.targets(323,5): message :       _PopulateCommonStateForGetCopyToOutputDirectoryItems
       C:\Program Files\dotnet\sdk\9.0.302\Sdks\Microsoft.NET.Sdk.StaticWebAssets\targets\Microsoft.NET.Sdk.StaticWebAssets.targets(323,5): message :     ;AddStaticWebAssetsManifest;AddStaticWebAssetEndpointsBuildManifest" (valeur précédente : "
       C:\Program Files\dotnet\sdk\9.0.302\Sdks\Microsoft.NET.Sdk.StaticWebAssets\targets\Microsoft.NET.Sdk.StaticWebAssets.targets(323,5): message :       AssignTargetPaths;
       C:\Program Files\dotnet\sdk\9.0.302\Sdks\Microsoft.NET.Sdk.StaticWebAssets\targets\Microsoft.NET.Sdk.StaticWebAssets.targets(323,5): message :       
       C:\Program Files\dotnet\sdk\9.0.302\Sdks\Microsoft.NET.Sdk.StaticWebAssets\targets\Microsoft.NET.Sdk.StaticWebAssets.targets(323,5): message :       AssignProjectConfiguration;
       C:\Program Files\dotnet\sdk\9.0.302\Sdks\Microsoft.NET.Sdk.StaticWebAssets\targets\Microsoft.NET.Sdk.StaticWebAssets.targets(323,5): message :       _SplitProjectReferencesByFileExistence
       C:\Program Files\dotnet\sdk\9.0.302\Sdks\Microsoft.NET.Sdk.StaticWebAssets\targets\Microsoft.NET.Sdk.StaticWebAssets.targets(323,5): message :     ;
       C:\Program Files\dotnet\sdk\9.0.302\Sdks\Microsoft.NET.Sdk.StaticWebAssets\targets\Microsoft.NET.Sdk.StaticWebAssets.targets(323,5): message :       _GetProjectReferenceTargetFrameworkProperties;
       C:\Program Files\dotnet\sdk\9.0.302\Sdks\Microsoft.NET.Sdk.StaticWebAssets\targets\Microsoft.NET.Sdk.StaticWebAssets.targets(323,5): message :       _PopulateCommonStateForGetCopyToOutputDirectoryItems
       C:\Program Files\dotnet\sdk\9.0.302\Sdks\Microsoft.NET.Sdk.StaticWebAssets\targets\Microsoft.NET.Sdk.StaticWebAssets.targets(323,5): message :     ") à C:\Program Files\dotnet\sdk\9.0.302\Sdks\Microsoft.NET.Sdk.StaticWebAssets\targets\Microsoft.NET.Sdk.StaticWebAssets.targets (323,5)
       C:\Program Files\dotnet\sdk\9.0.302\Sdks\Microsoft.NET.Sdk.StaticWebAssets\targets\Microsoft.NET.Sdk.StaticWebAssets.Pack.targets(46,5): message : Réassignation de propriété : $(GenerateNuspecDependsOn)="
       C:\Program Files\dotnet\sdk\9.0.302\Sdks\Microsoft.NET.Sdk.StaticWebAssets\targets\Microsoft.NET.Sdk.StaticWebAssets.Pack.targets(46,5): message :       IncludeStaticWebAssetsPackItems;
       C:\Program Files\dotnet\sdk\9.0.302\Sdks\Microsoft.NET.Sdk.StaticWebAssets\targets\Microsoft.NET.Sdk.StaticWebAssets.Pack.targets(46,5): message :       Build;_LoadPackInputItems; _GetTargetFrameworksOutput; _WalkEachTargetPerFramework; _GetPackageFiles; ;
       C:\Program Files\dotnet\sdk\9.0.302\Sdks\Microsoft.NET.Sdk.StaticWebAssets\targets\Microsoft.NET.Sdk.StaticWebAssets.Pack.targets(46,5): message :     " (valeur précédente : "Build;_LoadPackInputItems; _GetTargetFrameworksOutput; _WalkEachTargetPerFramework; _GetPackageFiles; ") à C:\Program Files\dotnet\sdk\9.0.302\Sdks\Microsoft.NET.Sdk.StaticWebAssets\targets\Microsoft.NET.Sdk.StaticWebAssets.Pack.targets (46,5)
       C:\Program Files\dotnet\sdk\9.0.302\Sdks\Microsoft.NET.Sdk.StaticWebAssets\targets\Microsoft.NET.Sdk.StaticWebAssets.Pack.targets(55,5): message : Réassignation de propriété : $(IncludeStaticWebAssetsPackItemsDependsOn)="
       C:\Program Files\dotnet\sdk\9.0.302\Sdks\Microsoft.NET.Sdk.StaticWebAssets\targets\Microsoft.NET.Sdk.StaticWebAssets.Pack.targets(55,5): message :       Build;
       C:\Program Files\dotnet\sdk\9.0.302\Sdks\Microsoft.NET.Sdk.StaticWebAssets\targets\Microsoft.NET.Sdk.StaticWebAssets.Pack.targets(55,5): message :       ResolveStaticWebAssetsConfiguration;LoadStaticWebAssetsBuildManifest
       C:\Program Files\dotnet\sdk\9.0.302\Sdks\Microsoft.NET.Sdk.StaticWebAssets\targets\Microsoft.NET.Sdk.StaticWebAssets.Pack.targets(55,5): message :     ;
       C:\Program Files\dotnet\sdk\9.0.302\Sdks\Microsoft.NET.Sdk.StaticWebAssets\targets\Microsoft.NET.Sdk.StaticWebAssets.Pack.targets(55,5): message :     " (valeur précédente : "
       C:\Program Files\dotnet\sdk\9.0.302\Sdks\Microsoft.NET.Sdk.StaticWebAssets\targets\Microsoft.NET.Sdk.StaticWebAssets.Pack.targets(55,5): message :       ResolveStaticWebAssetsConfiguration;LoadStaticWebAssetsBuildManifest
       C:\Program Files\dotnet\sdk\9.0.302\Sdks\Microsoft.NET.Sdk.StaticWebAssets\targets\Microsoft.NET.Sdk.StaticWebAssets.Pack.targets(55,5): message :     ") à C:\Program Files\dotnet\sdk\9.0.302\Sdks\Microsoft.NET.Sdk.StaticWebAssets\targets\Microsoft.NET.Sdk.StaticWebAssets.Pack.targets (55,5)
       C:\Program Files\dotnet\sdk\9.0.302\Sdks\Microsoft.NET.Sdk.StaticWebAssets\targets\Microsoft.NET.Sdk.StaticWebAssets.ScopedCss.targets(55,3): message : Réassignation de propriété : $(ResolveStaticWebAssetsInputsDependsOn)="
       C:\Program Files\dotnet\sdk\9.0.302\Sdks\Microsoft.NET.Sdk.StaticWebAssets\targets\Microsoft.NET.Sdk.StaticWebAssets.ScopedCss.targets(55,3): message :     
       C:\Program Files\dotnet\sdk\9.0.302\Sdks\Microsoft.NET.Sdk.StaticWebAssets\targets\Microsoft.NET.Sdk.StaticWebAssets.ScopedCss.targets(55,3): message :       ResolveCoreStaticWebAssets;
       C:\Program Files\dotnet\sdk\9.0.302\Sdks\Microsoft.NET.Sdk.StaticWebAssets\targets\Microsoft.NET.Sdk.StaticWebAssets.ScopedCss.targets(55,3): message :       GenerateComputedBuildStaticWebAssets;
       C:\Program Files\dotnet\sdk\9.0.302\Sdks\Microsoft.NET.Sdk.StaticWebAssets\targets\Microsoft.NET.Sdk.StaticWebAssets.ScopedCss.targets(55,3): message :       
       C:\Program Files\dotnet\sdk\9.0.302\Sdks\Microsoft.NET.Sdk.StaticWebAssets\targets\Microsoft.NET.Sdk.StaticWebAssets.ScopedCss.targets(55,3): message :     ;
       C:\Program Files\dotnet\sdk\9.0.302\Sdks\Microsoft.NET.Sdk.StaticWebAssets\targets\Microsoft.NET.Sdk.StaticWebAssets.ScopedCss.targets(55,3): message :     ResolveScopedCssAssets;
       C:\Program Files\dotnet\sdk\9.0.302\Sdks\Microsoft.NET.Sdk.StaticWebAssets\targets\Microsoft.NET.Sdk.StaticWebAssets.ScopedCss.targets(55,3): message :   " (valeur précédente : "
       C:\Program Files\dotnet\sdk\9.0.302\Sdks\Microsoft.NET.Sdk.StaticWebAssets\targets\Microsoft.NET.Sdk.StaticWebAssets.ScopedCss.targets(55,3): message :       ResolveCoreStaticWebAssets;
       C:\Program Files\dotnet\sdk\9.0.302\Sdks\Microsoft.NET.Sdk.StaticWebAssets\targets\Microsoft.NET.Sdk.StaticWebAssets.ScopedCss.targets(55,3): message :       GenerateComputedBuildStaticWebAssets;
       C:\Program Files\dotnet\sdk\9.0.302\Sdks\Microsoft.NET.Sdk.StaticWebAssets\targets\Microsoft.NET.Sdk.StaticWebAssets.ScopedCss.targets(55,3): message :       
       C:\Program Files\dotnet\sdk\9.0.302\Sdks\Microsoft.NET.Sdk.StaticWebAssets\targets\Microsoft.NET.Sdk.StaticWebAssets.ScopedCss.targets(55,3): message :     ") à C:\Program Files\dotnet\sdk\9.0.302\Sdks\Microsoft.NET.Sdk.StaticWebAssets\targets\Microsoft.NET.Sdk.StaticWebAssets.ScopedCss.targets (55,3)
       C:\Program Files\dotnet\sdk\9.0.302\Sdks\Microsoft.NET.Sdk.StaticWebAssets\targets\Microsoft.NET.Sdk.StaticWebAssets.ScopedCss.targets(88,3): message : Réassignation de propriété : $(GenerateComputedBuildStaticWebAssetsDependsOn)="
       C:\Program Files\dotnet\sdk\9.0.302\Sdks\Microsoft.NET.Sdk.StaticWebAssets\targets\Microsoft.NET.Sdk.StaticWebAssets.ScopedCss.targets(88,3): message :     ResolveCoreStaticWebAssets;;
       C:\Program Files\dotnet\sdk\9.0.302\Sdks\Microsoft.NET.Sdk.StaticWebAssets\targets\Microsoft.NET.Sdk.StaticWebAssets.ScopedCss.targets(88,3): message :     BundleScopedCssFiles;
       C:\Program Files\dotnet\sdk\9.0.302\Sdks\Microsoft.NET.Sdk.StaticWebAssets\targets\Microsoft.NET.Sdk.StaticWebAssets.ScopedCss.targets(88,3): message :   " (valeur précédente : "ResolveCoreStaticWebAssets;") à C:\Program Files\dotnet\sdk\9.0.302\Sdks\Microsoft.NET.Sdk.StaticWebAssets\targets\Microsoft.NET.Sdk.StaticWebAssets.ScopedCss.targets (88,3)
       C:\Program Files\dotnet\sdk\9.0.302\Sdks\Microsoft.NET.Sdk.StaticWebAssets\targets\Microsoft.NET.Sdk.StaticWebAssets.JSModules.targets(37,5): message : Réassignation de propriété : $(ResolveCoreStaticWebAssetsDependsOn)="
       C:\Program Files\dotnet\sdk\9.0.302\Sdks\Microsoft.NET.Sdk.StaticWebAssets\targets\Microsoft.NET.Sdk.StaticWebAssets.JSModules.targets(37,5): message :       
       C:\Program Files\dotnet\sdk\9.0.302\Sdks\Microsoft.NET.Sdk.StaticWebAssets\targets\Microsoft.NET.Sdk.StaticWebAssets.JSModules.targets(37,5): message :       UpdateExistingPackageStaticWebAssets;
       C:\Program Files\dotnet\sdk\9.0.302\Sdks\Microsoft.NET.Sdk.StaticWebAssets\targets\Microsoft.NET.Sdk.StaticWebAssets.JSModules.targets(37,5): message :       ResolveProjectStaticWebAssets;
       C:\Program Files\dotnet\sdk\9.0.302\Sdks\Microsoft.NET.Sdk.StaticWebAssets\targets\Microsoft.NET.Sdk.StaticWebAssets.JSModules.targets(37,5): message :       ResolveEmbeddedProjectsStaticWebAssets;
       C:\Program Files\dotnet\sdk\9.0.302\Sdks\Microsoft.NET.Sdk.StaticWebAssets\targets\Microsoft.NET.Sdk.StaticWebAssets.JSModules.targets(37,5): message :       ResolveReferencedProjectsStaticWebAssets;
       C:\Program Files\dotnet\sdk\9.0.302\Sdks\Microsoft.NET.Sdk.StaticWebAssets\targets\Microsoft.NET.Sdk.StaticWebAssets.JSModules.targets(37,5): message :       ;
       C:\Program Files\dotnet\sdk\9.0.302\Sdks\Microsoft.NET.Sdk.StaticWebAssets\targets\Microsoft.NET.Sdk.StaticWebAssets.JSModules.targets(37,5): message :     ;
       C:\Program Files\dotnet\sdk\9.0.302\Sdks\Microsoft.NET.Sdk.StaticWebAssets\targets\Microsoft.NET.Sdk.StaticWebAssets.JSModules.targets(37,5): message :       ResolveJsInitializerModuleStaticWebAssets;
       C:\Program Files\dotnet\sdk\9.0.302\Sdks\Microsoft.NET.Sdk.StaticWebAssets\targets\Microsoft.NET.Sdk.StaticWebAssets.JSModules.targets(37,5): message :     " (valeur précédente : "
       C:\Program Files\dotnet\sdk\9.0.302\Sdks\Microsoft.NET.Sdk.StaticWebAssets\targets\Microsoft.NET.Sdk.StaticWebAssets.JSModules.targets(37,5): message :       UpdateExistingPackageStaticWebAssets;
       C:\Program Files\dotnet\sdk\9.0.302\Sdks\Microsoft.NET.Sdk.StaticWebAssets\targets\Microsoft.NET.Sdk.StaticWebAssets.JSModules.targets(37,5): message :       ResolveProjectStaticWebAssets;
       C:\Program Files\dotnet\sdk\9.0.302\Sdks\Microsoft.NET.Sdk.StaticWebAssets\targets\Microsoft.NET.Sdk.StaticWebAssets.JSModules.targets(37,5): message :       ResolveEmbeddedProjectsStaticWebAssets;
       C:\Program Files\dotnet\sdk\9.0.302\Sdks\Microsoft.NET.Sdk.StaticWebAssets\targets\Microsoft.NET.Sdk.StaticWebAssets.JSModules.targets(37,5): message :       ResolveReferencedProjectsStaticWebAssets;
       C:\Program Files\dotnet\sdk\9.0.302\Sdks\Microsoft.NET.Sdk.StaticWebAssets\targets\Microsoft.NET.Sdk.StaticWebAssets.JSModules.targets(37,5): message :       ;
       C:\Program Files\dotnet\sdk\9.0.302\Sdks\Microsoft.NET.Sdk.StaticWebAssets\targets\Microsoft.NET.Sdk.StaticWebAssets.JSModules.targets(37,5): message :     ") à C:\Program Files\dotnet\sdk\9.0.302\Sdks\Microsoft.NET.Sdk.StaticWebAssets\targets\Microsoft.NET.Sdk.StaticWebAssets.JSModules.targets (37,5)
       C:\Program Files\dotnet\sdk\9.0.302\Sdks\Microsoft.NET.Sdk.StaticWebAssets\targets\Microsoft.NET.Sdk.StaticWebAssets.JSModules.targets(42,5): message : Réassignation de propriété : $(ResolveCoreStaticWebAssetsDependsOn)="
       C:\Program Files\dotnet\sdk\9.0.302\Sdks\Microsoft.NET.Sdk.StaticWebAssets\targets\Microsoft.NET.Sdk.StaticWebAssets.JSModules.targets(42,5): message :       
       C:\Program Files\dotnet\sdk\9.0.302\Sdks\Microsoft.NET.Sdk.StaticWebAssets\targets\Microsoft.NET.Sdk.StaticWebAssets.JSModules.targets(42,5): message :       
       C:\Program Files\dotnet\sdk\9.0.302\Sdks\Microsoft.NET.Sdk.StaticWebAssets\targets\Microsoft.NET.Sdk.StaticWebAssets.JSModules.targets(42,5): message :       UpdateExistingPackageStaticWebAssets;
       C:\Program Files\dotnet\sdk\9.0.302\Sdks\Microsoft.NET.Sdk.StaticWebAssets\targets\Microsoft.NET.Sdk.StaticWebAssets.JSModules.targets(42,5): message :       ResolveProjectStaticWebAssets;
       C:\Program Files\dotnet\sdk\9.0.302\Sdks\Microsoft.NET.Sdk.StaticWebAssets\targets\Microsoft.NET.Sdk.StaticWebAssets.JSModules.targets(42,5): message :       ResolveEmbeddedProjectsStaticWebAssets;
       C:\Program Files\dotnet\sdk\9.0.302\Sdks\Microsoft.NET.Sdk.StaticWebAssets\targets\Microsoft.NET.Sdk.StaticWebAssets.JSModules.targets(42,5): message :       ResolveReferencedProjectsStaticWebAssets;
       C:\Program Files\dotnet\sdk\9.0.302\Sdks\Microsoft.NET.Sdk.StaticWebAssets\targets\Microsoft.NET.Sdk.StaticWebAssets.JSModules.targets(42,5): message :       ;
       C:\Program Files\dotnet\sdk\9.0.302\Sdks\Microsoft.NET.Sdk.StaticWebAssets\targets\Microsoft.NET.Sdk.StaticWebAssets.JSModules.targets(42,5): message :     ;
       C:\Program Files\dotnet\sdk\9.0.302\Sdks\Microsoft.NET.Sdk.StaticWebAssets\targets\Microsoft.NET.Sdk.StaticWebAssets.JSModules.targets(42,5): message :       ResolveJsInitializerModuleStaticWebAssets;
       C:\Program Files\dotnet\sdk\9.0.302\Sdks\Microsoft.NET.Sdk.StaticWebAssets\targets\Microsoft.NET.Sdk.StaticWebAssets.JSModules.targets(42,5): message :     ;
       C:\Program Files\dotnet\sdk\9.0.302\Sdks\Microsoft.NET.Sdk.StaticWebAssets\targets\Microsoft.NET.Sdk.StaticWebAssets.JSModules.targets(42,5): message :       ResolveJSModuleStaticWebAssets;
       C:\Program Files\dotnet\sdk\9.0.302\Sdks\Microsoft.NET.Sdk.StaticWebAssets\targets\Microsoft.NET.Sdk.StaticWebAssets.JSModules.targets(42,5): message :     " (valeur précédente : "
       C:\Program Files\dotnet\sdk\9.0.302\Sdks\Microsoft.NET.Sdk.StaticWebAssets\targets\Microsoft.NET.Sdk.StaticWebAssets.JSModules.targets(42,5): message :       
       C:\Program Files\dotnet\sdk\9.0.302\Sdks\Microsoft.NET.Sdk.StaticWebAssets\targets\Microsoft.NET.Sdk.StaticWebAssets.JSModules.targets(42,5): message :       UpdateExistingPackageStaticWebAssets;
       C:\Program Files\dotnet\sdk\9.0.302\Sdks\Microsoft.NET.Sdk.StaticWebAssets\targets\Microsoft.NET.Sdk.StaticWebAssets.JSModules.targets(42,5): message :       ResolveProjectStaticWebAssets;
       C:\Program Files\dotnet\sdk\9.0.302\Sdks\Microsoft.NET.Sdk.StaticWebAssets\targets\Microsoft.NET.Sdk.StaticWebAssets.JSModules.targets(42,5): message :       ResolveEmbeddedProjectsStaticWebAssets;
       C:\Program Files\dotnet\sdk\9.0.302\Sdks\Microsoft.NET.Sdk.StaticWebAssets\targets\Microsoft.NET.Sdk.StaticWebAssets.JSModules.targets(42,5): message :       ResolveReferencedProjectsStaticWebAssets;
       C:\Program Files\dotnet\sdk\9.0.302\Sdks\Microsoft.NET.Sdk.StaticWebAssets\targets\Microsoft.NET.Sdk.StaticWebAssets.JSModules.targets(42,5): message :       ;
       C:\Program Files\dotnet\sdk\9.0.302\Sdks\Microsoft.NET.Sdk.StaticWebAssets\targets\Microsoft.NET.Sdk.StaticWebAssets.JSModules.targets(42,5): message :     ;
       C:\Program Files\dotnet\sdk\9.0.302\Sdks\Microsoft.NET.Sdk.StaticWebAssets\targets\Microsoft.NET.Sdk.StaticWebAssets.JSModules.targets(42,5): message :       ResolveJsInitializerModuleStaticWebAssets;
       C:\Program Files\dotnet\sdk\9.0.302\Sdks\Microsoft.NET.Sdk.StaticWebAssets\targets\Microsoft.NET.Sdk.StaticWebAssets.JSModules.targets(42,5): message :     ") à C:\Program Files\dotnet\sdk\9.0.302\Sdks\Microsoft.NET.Sdk.StaticWebAssets\targets\Microsoft.NET.Sdk.StaticWebAssets.JSModules.targets (42,5)
       C:\Program Files\dotnet\sdk\9.0.302\Sdks\Microsoft.NET.Sdk.StaticWebAssets\targets\Microsoft.NET.Sdk.StaticWebAssets.JSModules.targets(57,5): message : Réassignation de propriété : $(ResolveStaticWebAssetsInputsDependsOn)="
       C:\Program Files\dotnet\sdk\9.0.302\Sdks\Microsoft.NET.Sdk.StaticWebAssets\targets\Microsoft.NET.Sdk.StaticWebAssets.JSModules.targets(57,5): message :       ResolveJSModuleManifestBuildStaticWebAssets;
       C:\Program Files\dotnet\sdk\9.0.302\Sdks\Microsoft.NET.Sdk.StaticWebAssets\targets\Microsoft.NET.Sdk.StaticWebAssets.JSModules.targets(57,5): message :       
       C:\Program Files\dotnet\sdk\9.0.302\Sdks\Microsoft.NET.Sdk.StaticWebAssets\targets\Microsoft.NET.Sdk.StaticWebAssets.JSModules.targets(57,5): message :     
       C:\Program Files\dotnet\sdk\9.0.302\Sdks\Microsoft.NET.Sdk.StaticWebAssets\targets\Microsoft.NET.Sdk.StaticWebAssets.JSModules.targets(57,5): message :       ResolveCoreStaticWebAssets;
       C:\Program Files\dotnet\sdk\9.0.302\Sdks\Microsoft.NET.Sdk.StaticWebAssets\targets\Microsoft.NET.Sdk.StaticWebAssets.JSModules.targets(57,5): message :       GenerateComputedBuildStaticWebAssets;
       C:\Program Files\dotnet\sdk\9.0.302\Sdks\Microsoft.NET.Sdk.StaticWebAssets\targets\Microsoft.NET.Sdk.StaticWebAssets.JSModules.targets(57,5): message :       
       C:\Program Files\dotnet\sdk\9.0.302\Sdks\Microsoft.NET.Sdk.StaticWebAssets\targets\Microsoft.NET.Sdk.StaticWebAssets.JSModules.targets(57,5): message :     ;
       C:\Program Files\dotnet\sdk\9.0.302\Sdks\Microsoft.NET.Sdk.StaticWebAssets\targets\Microsoft.NET.Sdk.StaticWebAssets.JSModules.targets(57,5): message :     ResolveScopedCssAssets;
       C:\Program Files\dotnet\sdk\9.0.302\Sdks\Microsoft.NET.Sdk.StaticWebAssets\targets\Microsoft.NET.Sdk.StaticWebAssets.JSModules.targets(57,5): message :   
       C:\Program Files\dotnet\sdk\9.0.302\Sdks\Microsoft.NET.Sdk.StaticWebAssets\targets\Microsoft.NET.Sdk.StaticWebAssets.JSModules.targets(57,5): message :     " (valeur précédente : "
       C:\Program Files\dotnet\sdk\9.0.302\Sdks\Microsoft.NET.Sdk.StaticWebAssets\targets\Microsoft.NET.Sdk.StaticWebAssets.JSModules.targets(57,5): message :     
       C:\Program Files\dotnet\sdk\9.0.302\Sdks\Microsoft.NET.Sdk.StaticWebAssets\targets\Microsoft.NET.Sdk.StaticWebAssets.JSModules.targets(57,5): message :       ResolveCoreStaticWebAssets;
       C:\Program Files\dotnet\sdk\9.0.302\Sdks\Microsoft.NET.Sdk.StaticWebAssets\targets\Microsoft.NET.Sdk.StaticWebAssets.JSModules.targets(57,5): message :       GenerateComputedBuildStaticWebAssets;
       C:\Program Files\dotnet\sdk\9.0.302\Sdks\Microsoft.NET.Sdk.StaticWebAssets\targets\Microsoft.NET.Sdk.StaticWebAssets.JSModules.targets(57,5): message :       
       C:\Program Files\dotnet\sdk\9.0.302\Sdks\Microsoft.NET.Sdk.StaticWebAssets\targets\Microsoft.NET.Sdk.StaticWebAssets.JSModules.targets(57,5): message :     ;
       C:\Program Files\dotnet\sdk\9.0.302\Sdks\Microsoft.NET.Sdk.StaticWebAssets\targets\Microsoft.NET.Sdk.StaticWebAssets.JSModules.targets(57,5): message :     ResolveScopedCssAssets;
       C:\Program Files\dotnet\sdk\9.0.302\Sdks\Microsoft.NET.Sdk.StaticWebAssets\targets\Microsoft.NET.Sdk.StaticWebAssets.JSModules.targets(57,5): message :   ") à C:\Program Files\dotnet\sdk\9.0.302\Sdks\Microsoft.NET.Sdk.StaticWebAssets\targets\Microsoft.NET.Sdk.StaticWebAssets.JSModules.targets (57,5)
       C:\Program Files\dotnet\sdk\9.0.302\Sdks\Microsoft.NET.Sdk.StaticWebAssets\targets\Microsoft.NET.Sdk.StaticWebAssets.JSModules.targets(76,5): message : Réassignation de propriété : $(ResolvePublishStaticWebAssetsDependsOn)="
       C:\Program Files\dotnet\sdk\9.0.302\Sdks\Microsoft.NET.Sdk.StaticWebAssets\targets\Microsoft.NET.Sdk.StaticWebAssets.JSModules.targets(76,5): message :       ResolveJSModuleManifestPublishStaticWebAssets;
       C:\Program Files\dotnet\sdk\9.0.302\Sdks\Microsoft.NET.Sdk.StaticWebAssets\targets\Microsoft.NET.Sdk.StaticWebAssets.JSModules.targets(76,5): message :       
       C:\Program Files\dotnet\sdk\9.0.302\Sdks\Microsoft.NET.Sdk.StaticWebAssets\targets\Microsoft.NET.Sdk.StaticWebAssets.JSModules.targets(76,5): message :       ResolveCorePublishStaticWebAssets;
       C:\Program Files\dotnet\sdk\9.0.302\Sdks\Microsoft.NET.Sdk.StaticWebAssets\targets\Microsoft.NET.Sdk.StaticWebAssets.JSModules.targets(76,5): message :       GenerateComputedPublishStaticWebAssets;
       C:\Program Files\dotnet\sdk\9.0.302\Sdks\Microsoft.NET.Sdk.StaticWebAssets\targets\Microsoft.NET.Sdk.StaticWebAssets.JSModules.targets(76,5): message :       ;
       C:\Program Files\dotnet\sdk\9.0.302\Sdks\Microsoft.NET.Sdk.StaticWebAssets\targets\Microsoft.NET.Sdk.StaticWebAssets.JSModules.targets(76,5): message :     
       C:\Program Files\dotnet\sdk\9.0.302\Sdks\Microsoft.NET.Sdk.StaticWebAssets\targets\Microsoft.NET.Sdk.StaticWebAssets.JSModules.targets(76,5): message :     " (valeur précédente : "
       C:\Program Files\dotnet\sdk\9.0.302\Sdks\Microsoft.NET.Sdk.StaticWebAssets\targets\Microsoft.NET.Sdk.StaticWebAssets.JSModules.targets(76,5): message :       ResolveCorePublishStaticWebAssets;
       C:\Program Files\dotnet\sdk\9.0.302\Sdks\Microsoft.NET.Sdk.StaticWebAssets\targets\Microsoft.NET.Sdk.StaticWebAssets.JSModules.targets(76,5): message :       GenerateComputedPublishStaticWebAssets;
       C:\Program Files\dotnet\sdk\9.0.302\Sdks\Microsoft.NET.Sdk.StaticWebAssets\targets\Microsoft.NET.Sdk.StaticWebAssets.JSModules.targets(76,5): message :       ;
       C:\Program Files\dotnet\sdk\9.0.302\Sdks\Microsoft.NET.Sdk.StaticWebAssets\targets\Microsoft.NET.Sdk.StaticWebAssets.JSModules.targets(76,5): message :     ") à C:\Program Files\dotnet\sdk\9.0.302\Sdks\Microsoft.NET.Sdk.StaticWebAssets\targets\Microsoft.NET.Sdk.StaticWebAssets.JSModules.targets (76,5)
       C:\Program Files\dotnet\sdk\9.0.302\Sdks\Microsoft.NET.Sdk.StaticWebAssets\targets\Microsoft.NET.Sdk.StaticWebAssets.Compression.targets(179,5): message : Réassignation de propriété : $(ResolveBuildRelatedStaticWebAssetsDependsOn)="
       C:\Program Files\dotnet\sdk\9.0.302\Sdks\Microsoft.NET.Sdk.StaticWebAssets\targets\Microsoft.NET.Sdk.StaticWebAssets.Compression.targets(179,5): message :       ResolveBuildCompressedStaticWebAssets;
       C:\Program Files\dotnet\sdk\9.0.302\Sdks\Microsoft.NET.Sdk.StaticWebAssets\targets\Microsoft.NET.Sdk.StaticWebAssets.Compression.targets(179,5): message :       
       C:\Program Files\dotnet\sdk\9.0.302\Sdks\Microsoft.NET.Sdk.StaticWebAssets\targets\Microsoft.NET.Sdk.StaticWebAssets.Compression.targets(179,5): message :       ResolveStaticWebAssetsInputs;
       C:\Program Files\dotnet\sdk\9.0.302\Sdks\Microsoft.NET.Sdk.StaticWebAssets\targets\Microsoft.NET.Sdk.StaticWebAssets.Compression.targets(179,5): message :       
       C:\Program Files\dotnet\sdk\9.0.302\Sdks\Microsoft.NET.Sdk.StaticWebAssets\targets\Microsoft.NET.Sdk.StaticWebAssets.Compression.targets(179,5): message :     
       C:\Program Files\dotnet\sdk\9.0.302\Sdks\Microsoft.NET.Sdk.StaticWebAssets\targets\Microsoft.NET.Sdk.StaticWebAssets.Compression.targets(179,5): message :     " (valeur précédente : "
       C:\Program Files\dotnet\sdk\9.0.302\Sdks\Microsoft.NET.Sdk.StaticWebAssets\targets\Microsoft.NET.Sdk.StaticWebAssets.Compression.targets(179,5): message :       ResolveStaticWebAssetsInputs;
       C:\Program Files\dotnet\sdk\9.0.302\Sdks\Microsoft.NET.Sdk.StaticWebAssets\targets\Microsoft.NET.Sdk.StaticWebAssets.Compression.targets(179,5): message :       
       C:\Program Files\dotnet\sdk\9.0.302\Sdks\Microsoft.NET.Sdk.StaticWebAssets\targets\Microsoft.NET.Sdk.StaticWebAssets.Compression.targets(179,5): message :     ") à C:\Program Files\dotnet\sdk\9.0.302\Sdks\Microsoft.NET.Sdk.StaticWebAssets\targets\Microsoft.NET.Sdk.StaticWebAssets.Compression.targets (179,5)
       C:\Program Files\dotnet\sdk\9.0.302\Sdks\Microsoft.NET.Sdk.StaticWebAssets\targets\Microsoft.NET.Sdk.StaticWebAssets.Compression.targets(198,5): message : Réassignation de propriété : $(ResolvePublishRelatedStaticWebAssetsDependsOn)="
       C:\Program Files\dotnet\sdk\9.0.302\Sdks\Microsoft.NET.Sdk.StaticWebAssets\targets\Microsoft.NET.Sdk.StaticWebAssets.Compression.targets(198,5): message :       ResolvePublishCompressedStaticWebAssets;
       C:\Program Files\dotnet\sdk\9.0.302\Sdks\Microsoft.NET.Sdk.StaticWebAssets\targets\Microsoft.NET.Sdk.StaticWebAssets.Compression.targets(198,5): message :       
       C:\Program Files\dotnet\sdk\9.0.302\Sdks\Microsoft.NET.Sdk.StaticWebAssets\targets\Microsoft.NET.Sdk.StaticWebAssets.Compression.targets(198,5): message :     " (valeur précédente : "") à C:\Program Files\dotnet\sdk\9.0.302\Sdks\Microsoft.NET.Sdk.StaticWebAssets\targets\Microsoft.NET.Sdk.StaticWebAssets.Compression.targets (198,5)
       C:\Program Files\dotnet\sdk\9.0.302\Sdks\Microsoft.NET.Sdk.Razor\targets\Sdk.Razor.CurrentVersion.targets(205,5): message : Réassignation de propriété : $(DebugSymbolsProjectOutputGroupDependsOn)="
       C:\Program Files\dotnet\sdk\9.0.302\Sdks\Microsoft.NET.Sdk.Razor\targets\Sdk.Razor.CurrentVersion.targets(205,5): message :       ;
       C:\Program Files\dotnet\sdk\9.0.302\Sdks\Microsoft.NET.Sdk.Razor\targets\Sdk.Razor.CurrentVersion.targets(205,5): message :       _RazorAddDebugSymbolsProjectOutputGroupOutput
       C:\Program Files\dotnet\sdk\9.0.302\Sdks\Microsoft.NET.Sdk.Razor\targets\Sdk.Razor.CurrentVersion.targets(205,5): message :     " (valeur précédente : "") à C:\Program Files\dotnet\sdk\9.0.302\Sdks\Microsoft.NET.Sdk.Razor\targets\Sdk.Razor.CurrentVersion.targets (205,5)
       C:\Program Files\dotnet\sdk\9.0.302\Sdks\Microsoft.NET.Sdk.Razor\targets\Sdk.Razor.CurrentVersion.targets(210,5): message : Réassignation de propriété : $(PrepareForBuildDependsOn)="
       C:\Program Files\dotnet\sdk\9.0.302\Sdks\Microsoft.NET.Sdk.Razor\targets\Sdk.Razor.CurrentVersion.targets(210,5): message :       ;GetFrameworkPaths;GetReferenceAssemblyPaths;AssignLinkMetadata;
       C:\Program Files\dotnet\sdk\9.0.302\Sdks\Microsoft.NET.Sdk.Razor\targets\Sdk.Razor.CurrentVersion.targets(210,5): message :       ResolveRazorGenerateInputs
       C:\Program Files\dotnet\sdk\9.0.302\Sdks\Microsoft.NET.Sdk.Razor\targets\Sdk.Razor.CurrentVersion.targets(210,5): message :     " (valeur précédente : ";GetFrameworkPaths;GetReferenceAssemblyPaths;AssignLinkMetadata") à C:\Program Files\dotnet\sdk\9.0.302\Sdks\Microsoft.NET.Sdk.Razor\targets\Sdk.Razor.CurrentVersion.targets (210,5)
       C:\Program Files\dotnet\sdk\9.0.302\Sdks\Microsoft.NET.Sdk.Razor\targets\Sdk.Razor.CurrentVersion.targets(215,5): message : Réassignation de propriété : $(GenerateNuspecDependsOn)="
       C:\Program Files\dotnet\sdk\9.0.302\Sdks\Microsoft.NET.Sdk.Razor\targets\Sdk.Razor.CurrentVersion.targets(215,5): message :       ResolveRazorGenerateInputs;
       C:\Program Files\dotnet\sdk\9.0.302\Sdks\Microsoft.NET.Sdk.Razor\targets\Sdk.Razor.CurrentVersion.targets(215,5): message :       
       C:\Program Files\dotnet\sdk\9.0.302\Sdks\Microsoft.NET.Sdk.Razor\targets\Sdk.Razor.CurrentVersion.targets(215,5): message :       IncludeStaticWebAssetsPackItems;
       C:\Program Files\dotnet\sdk\9.0.302\Sdks\Microsoft.NET.Sdk.Razor\targets\Sdk.Razor.CurrentVersion.targets(215,5): message :       Build;_LoadPackInputItems; _GetTargetFrameworksOutput; _WalkEachTargetPerFramework; _GetPackageFiles; ;
       C:\Program Files\dotnet\sdk\9.0.302\Sdks\Microsoft.NET.Sdk.Razor\targets\Sdk.Razor.CurrentVersion.targets(215,5): message :     
       C:\Program Files\dotnet\sdk\9.0.302\Sdks\Microsoft.NET.Sdk.Razor\targets\Sdk.Razor.CurrentVersion.targets(215,5): message :     " (valeur précédente : "
       C:\Program Files\dotnet\sdk\9.0.302\Sdks\Microsoft.NET.Sdk.Razor\targets\Sdk.Razor.CurrentVersion.targets(215,5): message :       IncludeStaticWebAssetsPackItems;
       C:\Program Files\dotnet\sdk\9.0.302\Sdks\Microsoft.NET.Sdk.Razor\targets\Sdk.Razor.CurrentVersion.targets(215,5): message :       Build;_LoadPackInputItems; _GetTargetFrameworksOutput; _WalkEachTargetPerFramework; _GetPackageFiles; ;
       C:\Program Files\dotnet\sdk\9.0.302\Sdks\Microsoft.NET.Sdk.Razor\targets\Sdk.Razor.CurrentVersion.targets(215,5): message :     ") à C:\Program Files\dotnet\sdk\9.0.302\Sdks\Microsoft.NET.Sdk.Razor\targets\Sdk.Razor.CurrentVersion.targets (215,5)
       C:\Program Files\dotnet\sdk\9.0.302\Sdks\Microsoft.NET.Sdk.Razor\targets\Sdk.Razor.CurrentVersion.targets(220,5): message : Réassignation de propriété : $(PrepareForRunDependsOn)="
       C:\Program Files\dotnet\sdk\9.0.302\Sdks\Microsoft.NET.Sdk.Razor\targets\Sdk.Razor.CurrentVersion.targets(220,5): message :       _RazorPrepareForRun;
       C:\Program Files\dotnet\sdk\9.0.302\Sdks\Microsoft.NET.Sdk.Razor\targets\Sdk.Razor.CurrentVersion.targets(220,5): message :       StaticWebAssetsPrepareForRun;
       C:\Program Files\dotnet\sdk\9.0.302\Sdks\Microsoft.NET.Sdk.Razor\targets\Sdk.Razor.CurrentVersion.targets(220,5): message :       CopyFilesToOutputDirectory
       C:\Program Files\dotnet\sdk\9.0.302\Sdks\Microsoft.NET.Sdk.Razor\targets\Sdk.Razor.CurrentVersion.targets(220,5): message :     
       C:\Program Files\dotnet\sdk\9.0.302\Sdks\Microsoft.NET.Sdk.Razor\targets\Sdk.Razor.CurrentVersion.targets(220,5): message :     " (valeur précédente : "StaticWebAssetsPrepareForRun;
       C:\Program Files\dotnet\sdk\9.0.302\Sdks\Microsoft.NET.Sdk.Razor\targets\Sdk.Razor.CurrentVersion.targets(220,5): message :       CopyFilesToOutputDirectory
       C:\Program Files\dotnet\sdk\9.0.302\Sdks\Microsoft.NET.Sdk.Razor\targets\Sdk.Razor.CurrentVersion.targets(220,5): message :     ") à C:\Program Files\dotnet\sdk\9.0.302\Sdks\Microsoft.NET.Sdk.Razor\targets\Sdk.Razor.CurrentVersion.targets (220,5)
       C:\Program Files\dotnet\sdk\9.0.302\Sdks\Microsoft.NET.Sdk.Razor\targets\Sdk.Razor.CurrentVersion.targets(311,5): message : Réassignation de propriété : $(UseRazorBuildServer)="true" (valeur précédente : "") à C:\Program Files\dotnet\sdk\9.0.302\Sdks\Microsoft.NET.Sdk.Razor\targets\Sdk.Razor.CurrentVersion.targets (311,5)
       C:\Program Files\dotnet\sdk\9.0.302\Sdks\Microsoft.NET.Sdk.Razor\targets\Sdk.Razor.CurrentVersion.targets(317,5): message : Réassignation de propriété : $(_RazorDebugSymbolsProduced)="true" (valeur précédente : "false") à C:\Program Files\dotnet\sdk\9.0.302\Sdks\Microsoft.NET.Sdk.Razor\targets\Sdk.Razor.CurrentVersion.targets (317,5)
       C:\Program Files\dotnet\sdk\9.0.302\Sdks\Microsoft.NET.Sdk.Razor\targets\Microsoft.NET.Sdk.Razor.GenerateAssemblyInfo.targets(36,5): message : Réassignation de propriété : $(GenerateRazorTargetAssemblyInfoDependsOn)="
       C:\Program Files\dotnet\sdk\9.0.302\Sdks\Microsoft.NET.Sdk.Razor\targets\Microsoft.NET.Sdk.Razor.GenerateAssemblyInfo.targets(36,5): message :       _ResolveMvcAssemblyAttributes;
       C:\Program Files\dotnet\sdk\9.0.302\Sdks\Microsoft.NET.Sdk.Razor\targets\Microsoft.NET.Sdk.Razor.GenerateAssemblyInfo.targets(36,5): message :       
       C:\Program Files\dotnet\sdk\9.0.302\Sdks\Microsoft.NET.Sdk.Razor\targets\Microsoft.NET.Sdk.Razor.GenerateAssemblyInfo.targets(36,5): message :       GetRazorTargetAssemblyAttributes;
       C:\Program Files\dotnet\sdk\9.0.302\Sdks\Microsoft.NET.Sdk.Razor\targets\Microsoft.NET.Sdk.Razor.GenerateAssemblyInfo.targets(36,5): message :       _CreateRazorTargetAssemblyInfoInputsCacheFile;
       C:\Program Files\dotnet\sdk\9.0.302\Sdks\Microsoft.NET.Sdk.Razor\targets\Microsoft.NET.Sdk.Razor.GenerateAssemblyInfo.targets(36,5): message :       CoreGenerateRazorTargetAssemblyInfo
       C:\Program Files\dotnet\sdk\9.0.302\Sdks\Microsoft.NET.Sdk.Razor\targets\Microsoft.NET.Sdk.Razor.GenerateAssemblyInfo.targets(36,5): message :     
       C:\Program Files\dotnet\sdk\9.0.302\Sdks\Microsoft.NET.Sdk.Razor\targets\Microsoft.NET.Sdk.Razor.GenerateAssemblyInfo.targets(36,5): message :     " (valeur précédente : "
       C:\Program Files\dotnet\sdk\9.0.302\Sdks\Microsoft.NET.Sdk.Razor\targets\Microsoft.NET.Sdk.Razor.GenerateAssemblyInfo.targets(36,5): message :       GetRazorTargetAssemblyAttributes;
       C:\Program Files\dotnet\sdk\9.0.302\Sdks\Microsoft.NET.Sdk.Razor\targets\Microsoft.NET.Sdk.Razor.GenerateAssemblyInfo.targets(36,5): message :       _CreateRazorTargetAssemblyInfoInputsCacheFile;
       C:\Program Files\dotnet\sdk\9.0.302\Sdks\Microsoft.NET.Sdk.Razor\targets\Microsoft.NET.Sdk.Razor.GenerateAssemblyInfo.targets(36,5): message :       CoreGenerateRazorTargetAssemblyInfo
       C:\Program Files\dotnet\sdk\9.0.302\Sdks\Microsoft.NET.Sdk.Razor\targets\Microsoft.NET.Sdk.Razor.GenerateAssemblyInfo.targets(36,5): message :     ") à C:\Program Files\dotnet\sdk\9.0.302\Sdks\Microsoft.NET.Sdk.Razor\targets\Microsoft.NET.Sdk.Razor.GenerateAssemblyInfo.targets (36,5)
       C:\Program Files\dotnet\sdk\9.0.302\Sdks\Microsoft.NET.Sdk.Razor\targets\Microsoft.NET.Sdk.Razor.GenerateAssemblyInfo.targets(181,5): message : Réassignation de propriété : $(CoreCompileDependsOn)="
       C:\Program Files\dotnet\sdk\9.0.302\Sdks\Microsoft.NET.Sdk.Razor\targets\Microsoft.NET.Sdk.Razor.GenerateAssemblyInfo.targets(181,5): message :       ;_ComputeNonExistentFileProperty;ResolveCodeAnalysisRuleSet;
       C:\Program Files\dotnet\sdk\9.0.302\Sdks\Microsoft.NET.Sdk.Razor\targets\Microsoft.NET.Sdk.Razor.GenerateAssemblyInfo.targets(181,5): message :       _GenerateRazorAssemblyInfo
       C:\Program Files\dotnet\sdk\9.0.302\Sdks\Microsoft.NET.Sdk.Razor\targets\Microsoft.NET.Sdk.Razor.GenerateAssemblyInfo.targets(181,5): message :     " (valeur précédente : ";_ComputeNonExistentFileProperty;ResolveCodeAnalysisRuleSet") à C:\Program Files\dotnet\sdk\9.0.302\Sdks\Microsoft.NET.Sdk.Razor\targets\Microsoft.NET.Sdk.Razor.GenerateAssemblyInfo.targets (181,5)
       C:\Program Files\dotnet\sdk\9.0.302\Sdks\Microsoft.NET.Sdk.Razor\targets\Microsoft.NET.Sdk.Razor.GenerateAssemblyInfo.targets(189,5): message : Réassignation de propriété : $(_GenerateRazorAssemblyInfoDependsOn)="
       C:\Program Files\dotnet\sdk\9.0.302\Sdks\Microsoft.NET.Sdk.Razor\targets\Microsoft.NET.Sdk.Razor.GenerateAssemblyInfo.targets(189,5): message :       _ResolveMvcAssemblyAttributes;
       C:\Program Files\dotnet\sdk\9.0.302\Sdks\Microsoft.NET.Sdk.Razor\targets\Microsoft.NET.Sdk.Razor.GenerateAssemblyInfo.targets(189,5): message :       RazorGetAssemblyAttributes;PrepareForBuild;_CoreGenerateRazorAssemblyInfo;
       C:\Program Files\dotnet\sdk\9.0.302\Sdks\Microsoft.NET.Sdk.Razor\targets\Microsoft.NET.Sdk.Razor.GenerateAssemblyInfo.targets(189,5): message :     " (valeur précédente : "RazorGetAssemblyAttributes;PrepareForBuild;_CoreGenerateRazorAssemblyInfo") à C:\Program Files\dotnet\sdk\9.0.302\Sdks\Microsoft.NET.Sdk.Razor\targets\Microsoft.NET.Sdk.Razor.GenerateAssemblyInfo.targets (189,5)
       C:\Program Files\dotnet\sdk\9.0.302\Sdks\Microsoft.NET.Sdk.Razor\targets\Microsoft.NET.Sdk.Razor.MvcApplicationPartsDiscovery.targets(22,5): message : Réassignation de propriété : $(CoreCompileDependsOn)="
       C:\Program Files\dotnet\sdk\9.0.302\Sdks\Microsoft.NET.Sdk.Razor\targets\Microsoft.NET.Sdk.Razor.MvcApplicationPartsDiscovery.targets(22,5): message :       _DiscoverMvcApplicationParts;
       C:\Program Files\dotnet\sdk\9.0.302\Sdks\Microsoft.NET.Sdk.Razor\targets\Microsoft.NET.Sdk.Razor.MvcApplicationPartsDiscovery.targets(22,5): message :       
       C:\Program Files\dotnet\sdk\9.0.302\Sdks\Microsoft.NET.Sdk.Razor\targets\Microsoft.NET.Sdk.Razor.MvcApplicationPartsDiscovery.targets(22,5): message :       ;_ComputeNonExistentFileProperty;ResolveCodeAnalysisRuleSet;
       C:\Program Files\dotnet\sdk\9.0.302\Sdks\Microsoft.NET.Sdk.Razor\targets\Microsoft.NET.Sdk.Razor.MvcApplicationPartsDiscovery.targets(22,5): message :       _GenerateRazorAssemblyInfo
       C:\Program Files\dotnet\sdk\9.0.302\Sdks\Microsoft.NET.Sdk.Razor\targets\Microsoft.NET.Sdk.Razor.MvcApplicationPartsDiscovery.targets(22,5): message :     ;
       C:\Program Files\dotnet\sdk\9.0.302\Sdks\Microsoft.NET.Sdk.Razor\targets\Microsoft.NET.Sdk.Razor.MvcApplicationPartsDiscovery.targets(22,5): message :     " (valeur précédente : "
       C:\Program Files\dotnet\sdk\9.0.302\Sdks\Microsoft.NET.Sdk.Razor\targets\Microsoft.NET.Sdk.Razor.MvcApplicationPartsDiscovery.targets(22,5): message :       ;_ComputeNonExistentFileProperty;ResolveCodeAnalysisRuleSet;
       C:\Program Files\dotnet\sdk\9.0.302\Sdks\Microsoft.NET.Sdk.Razor\targets\Microsoft.NET.Sdk.Razor.MvcApplicationPartsDiscovery.targets(22,5): message :       _GenerateRazorAssemblyInfo
       C:\Program Files\dotnet\sdk\9.0.302\Sdks\Microsoft.NET.Sdk.Razor\targets\Microsoft.NET.Sdk.Razor.MvcApplicationPartsDiscovery.targets(22,5): message :     ") à C:\Program Files\dotnet\sdk\9.0.302\Sdks\Microsoft.NET.Sdk.Razor\targets\Microsoft.NET.Sdk.Razor.MvcApplicationPartsDiscovery.targets (22,5)
       C:\Program Files\dotnet\sdk\9.0.302\Sdks\Microsoft.NET.Sdk.Razor\targets\Sdk.Razor.CurrentVersion.targets(791,5): message : Réassignation de propriété : $(RazorDesignTimeTargets)="C:\Program Files\dotnet\sdk\9.0.302\Sdks\Microsoft.NET.Sdk.Razor\targets\Microsoft.NET.Sdk.Razor.DesignTime.targets" (valeur précédente : "C:\Program Files\dotnet\sdk\9.0.302\\Microsoft\VisualStudio\Razor\Microsoft.NET.Sdk.Razor.DesignTime.targets") à C:\Program Files\dotnet\sdk\9.0.302\Sdks\Microsoft.NET.Sdk.Razor\targets\Sdk.Razor.CurrentVersion.targets (791,5)
       C:\Program Files\dotnet\sdk\9.0.302\Sdks\Microsoft.NET.Sdk.Web.ProjectSystem\targets\Microsoft.NET.Sdk.Web.ProjectSystem.targets(21,5): message : Réassignation de propriété : $(RunWorkingDirectory)="C:\Users\kerne\Music\Apps\DiversityPub" (valeur précédente : "") à C:\Program Files\dotnet\sdk\9.0.302\Sdks\Microsoft.NET.Sdk.Web.ProjectSystem\targets\Microsoft.NET.Sdk.Web.ProjectSystem.targets (21,5)
       C:\Program Files\dotnet\sdk\9.0.302\Sdks\Microsoft.NET.Sdk.Publish\targets\Microsoft.NET.Sdk.Publish.targets(60,5): message : Réassignation de propriété : $(PublishProfileImported)="true" (valeur précédente : "false") à C:\Program Files\dotnet\sdk\9.0.302\Sdks\Microsoft.NET.Sdk.Publish\targets\Microsoft.NET.Sdk.Publish.targets (60,5)
       C:\Program Files\dotnet\sdk\9.0.302\Sdks\Microsoft.NET.Sdk.Publish\targets\Microsoft.NET.Sdk.Publish.targets(81,5): message : Réassignation de propriété : $(PublishConfiguration)="Debug" (valeur précédente : "") à C:\Program Files\dotnet\sdk\9.0.302\Sdks\Microsoft.NET.Sdk.Publish\targets\Microsoft.NET.Sdk.Publish.targets (81,5)
       C:\Program Files\dotnet\sdk\9.0.302\Sdks\Microsoft.NET.Sdk.Publish\targets\Microsoft.NET.Sdk.Publish.targets(87,5): message : Réassignation de propriété : $(BaseIntermediateOutputPath)="C:\Users\kerne\Music\Apps\DiversityPub\obj\" (valeur précédente : "obj\") à C:\Program Files\dotnet\sdk\9.0.302\Sdks\Microsoft.NET.Sdk.Publish\targets\Microsoft.NET.Sdk.Publish.targets (87,5)
       Remplacement de la cible "ResolveFrameworkReferences" du projet "C:\Program Files\dotnet\sdk\9.0.302\Microsoft.Common.CurrentVersion.targets" par la cible "ResolveFrameworkReferences" du projet "C:\Program Files\dotnet\sdk\9.0.302\Sdks\Microsoft.NET.Sdk\targets\Microsoft.NET.Sdk.FrameworkReferenceResolution.targets".
       Remplacement de la cible "Run" du projet "C:\Program Files\dotnet\sdk\9.0.302\Microsoft.Common.CurrentVersion.targets" par la cible "Run" du projet "C:\Program Files\dotnet\sdk\9.0.302\Sdks\Microsoft.NET.Sdk\targets\Microsoft.NET.Sdk.targets".
       Remplacement de la cible "GenerateSupportedTargetFrameworkAlias" du projet "C:\Program Files\dotnet\sdk\9.0.302\Microsoft.Common.CurrentVersion.targets" par la cible "GenerateSupportedTargetFrameworkAlias" du projet "C:\Program Files\dotnet\sdk\9.0.302\Sdks\Microsoft.NET.Sdk\targets\Microsoft.NET.Sdk.targets".
       Remplacement de la cible "GetReferenceAssemblyPaths" du projet "C:\Program Files\dotnet\sdk\9.0.302\Microsoft.Common.CurrentVersion.targets" par la cible "GetReferenceAssemblyPaths" du projet "C:\Program Files\dotnet\sdk\9.0.302\Sdks\Microsoft.NET.Sdk\targets\Microsoft.NET.DisableStandardFrameworkResolution.targets".
       Remplacement de la cible "GetFrameworkPaths" du projet "C:\Program Files\dotnet\sdk\9.0.302\Microsoft.Common.CurrentVersion.targets" par la cible "GetFrameworkPaths" du projet "C:\Program Files\dotnet\sdk\9.0.302\Sdks\Microsoft.NET.Sdk\targets\Microsoft.NET.DisableStandardFrameworkResolution.targets".
       Remplacement de la cible "DesignerRuntimeImplementationProjectOutputGroup" du projet "C:\Program Files\dotnet\sdk\9.0.302\Microsoft.Common.CurrentVersion.targets" par la cible "DesignerRuntimeImplementationProjectOutputGroup" du projet "C:\Program Files\dotnet\sdk\9.0.302\Sdks\Microsoft.NET.Sdk\targets\Microsoft.NET.DesignerSupport.targets".
       Remplacement de la cible "Publish" du projet "C:\Program Files\dotnet\sdk\9.0.302\Microsoft.Common.CurrentVersion.targets" par la cible "Publish" du projet "C:\Program Files\dotnet\sdk\9.0.302\Sdks\Microsoft.NET.Sdk\targets\Microsoft.NET.Publish.targets".
       Remplacement de la cible "ResolveReadyToRunCompilers" du projet "C:\Program Files\dotnet\sdk\9.0.302\Sdks\Microsoft.NET.Sdk\targets\Microsoft.NET.CrossGen.targets" par la cible "ResolveReadyToRunCompilers" du projet "C:\Program Files\dotnet\sdk\9.0.302\Sdks\Microsoft.NET.Sdk\targets\Microsoft.NET.Publish.targets".
       Remplacement de la cible "GetCopyToPublishDirectoryItems" du projet "C:\Program Files\dotnet\sdk\9.0.302\Microsoft.Common.CurrentVersion.targets" par la cible "GetCopyToPublishDirectoryItems" du projet "C:\Program Files\dotnet\sdk\9.0.302\Sdks\Microsoft.NET.Sdk\targets\Microsoft.NET.Publish.targets".
       Remplacement de la cible "BeforePublish" du projet "C:\Program Files\dotnet\sdk\9.0.302\Microsoft.Common.CurrentVersion.targets" par la cible "BeforePublish" du projet "C:\Program Files\dotnet\sdk\9.0.302\Sdks\Microsoft.NET.Sdk.Publish\targets\Microsoft.NET.Sdk.Publish.targets".
       Remplacement de la cible "AfterPublish" du projet "C:\Program Files\dotnet\sdk\9.0.302\Microsoft.Common.CurrentVersion.targets" par la cible "AfterPublish" du projet "C:\Program Files\dotnet\sdk\9.0.302\Sdks\Microsoft.NET.Sdk.Publish\targets\Microsoft.NET.Sdk.Publish.targets".
       La cible "CollectUpToDateCheckInputDesignTime" répertoriée dans un attribut BeforeTargets à "C:\Program Files\dotnet\sdk\9.0.302\Sdks\Microsoft.NET.Sdk.StaticWebAssets\targets\Microsoft.NET.Sdk.StaticWebAssets.ScopedCss.targets (171,5)" n'existe pas dans le projet et sera ignorée.
       La cible "CollectUpToDateCheckBuiltDesignTime" répertoriée dans un attribut BeforeTargets à "C:\Program Files\dotnet\sdk\9.0.302\Sdks\Microsoft.NET.Sdk.StaticWebAssets\targets\Microsoft.NET.Sdk.StaticWebAssets.ScopedCss.targets (171,5)" n'existe pas dans le projet et sera ignorée.
       La cible "RazorGenerateComponentDeclaration" répertoriée dans un attribut AfterTargets à "C:\Program Files\dotnet\sdk\9.0.302\Sdks\Microsoft.NET.Sdk.Razor\targets\Microsoft.NET.Sdk.Razor.DesignTime.targets (55,53)" n'existe pas dans le projet et sera ignorée.
     1>Le projet "C:\Users\kerne\Music\Apps\DiversityPub\DiversityPub.sln" (1) génère "C:\Users\kerne\Music\Apps\DiversityPub\DiversityPub.csproj" (2) sur le nœud 1 (_IsProjectRestoreSupported cible(s)).
     2>Cible "_IsProjectRestoreSupported" dans le fichier "C:\Program Files\dotnet\sdk\9.0.302\NuGet.targets" du projet "C:\Users\kerne\Music\Apps\DiversityPub\DiversityPub.csproj" (point d'entrée) :
     2>Génération de la cible "_IsProjectRestoreSupported" terminée dans le projet "DiversityPub.csproj".
     2>Génération du projet "C:\Users\kerne\Music\Apps\DiversityPub\DiversityPub.csproj" terminée (_IsProjectRestoreSupported cible(s)).
     1>Exécution de la tâche "MSBuild" terminée.
       Tâche "MSBuild" ignorée en raison d'une fausse condition ; ( '$(RestoreUseSkipNonexistentTargets)' != 'true' ) a été évaluée comme ( 'true' != 'true' ).
       Utilisation de la tâche "WarnForInvalidProjectsTask" à partir de l'assembly "C:\Program Files\dotnet\sdk\9.0.302\NuGet.Build.Tasks.dll".
       Tâche "WarnForInvalidProjectsTask"
       Exécution de la tâche "WarnForInvalidProjectsTask" terminée.
     1>Génération de la cible "_FilterRestoreGraphProjectInputItems" terminée dans le projet "DiversityPub.sln".
       Cible "_FilterRestoreGraphProjectInputItems" ignorée. Elle a été générée.
     1>Cible "_GetAllRestoreProjectPathItems" dans le fichier "C:\Program Files\dotnet\sdk\9.0.302\NuGet.targets" du projet "C:\Users\kerne\Music\Apps\DiversityPub\DiversityPub.sln" (la cible "_GenerateRestoreGraph" en dépend) :
       Utilisation de la tâche "NuGetMessageTask" à partir de l'assembly "C:\Program Files\dotnet\sdk\9.0.302\NuGet.Build.Tasks.dll".
       Tâche "NuGetMessageTask"
         Assembly chargé pendant TaskRun (NuGet.Build.Tasks.NuGetMessageTask) : NuGet.Build.Tasks.resources, Version=6.14.0.116, Culture=fr, PublicKeyToken=31bf3856ad364e35, processorArchitecture=MSIL (emplacement : C:\Program Files\dotnet\sdk\9.0.302\fr\NuGet.Build.Tasks.resources.dll, MVID : b8b94ee4-56ee-4a0b-9c4d-28c7b7d02719, AssemblyLoadContext : MSBuild plugin C:\Program Files\dotnet\sdk\9.0.302\NuGet.Build.Tasks.dll)
         Identification des projets à restaurer...
       Exécution de la tâche "NuGetMessageTask" terminée.
       Tâche "MSBuild"
         Propriétés globales :
           ExcludeRestorePackageImports=true
           _RestoreSolutionFileUsed=true
           SolutionDir=C:\Users\kerne\Music\Apps\DiversityPub\
           SolutionName=DiversityPub
           SolutionFileName=DiversityPub.sln
           SolutionPath=C:\Users\kerne\Music\Apps\DiversityPub\DiversityPub.sln
           SolutionExt=.sln
         Propriétés supplémentaires du projet "C:\Users\kerne\Music\Apps\DiversityPub\DiversityPub.csproj":
           Configuration=Debug
           Platform=AnyCPU
     1>Le projet "C:\Users\kerne\Music\Apps\DiversityPub\DiversityPub.sln" (1) génère "C:\Users\kerne\Music\Apps\DiversityPub\DiversityPub.csproj" (2:2) sur le nœud 1 (_GenerateRestoreProjectPathWalk cible(s)).
   2:2>Cible "_GenerateRestoreProjectPathItemsAllFrameworks" ignorée en raison d'une fausse condition ; ( '$(TargetFrameworks)' != '' ) a été évaluée comme ( '' != '' ).
   2:2>Cible "_GenerateRestoreProjectPathItemsPerFramework" dans le fichier "C:\Program Files\dotnet\sdk\9.0.302\NuGet.targets" du projet "C:\Users\kerne\Music\Apps\DiversityPub\DiversityPub.csproj" (la cible "_GenerateRestoreProjectPathItemsCurrentProject" en dépend) :
       Utilisation de la tâche "ConvertToAbsolutePath" à partir de l'assembly "Microsoft.Build.Tasks.Core, Version=15.1.0.0, Culture=neutral, PublicKeyToken=b03f5f7f11d50a3a".
       Tâche "ConvertToAbsolutePath"
       Exécution de la tâche "ConvertToAbsolutePath" terminée.
   2:2>Génération de la cible "_GenerateRestoreProjectPathItemsPerFramework" terminée dans le projet "DiversityPub.csproj".
   2:2>Cible "_GenerateRestoreProjectPathItemsCurrentProject" dans le fichier "C:\Program Files\dotnet\sdk\9.0.302\NuGet.targets" du projet "C:\Users\kerne\Music\Apps\DiversityPub\DiversityPub.csproj" (la cible "_GenerateRestoreProjectPathItems" en dépend) :
   2:2>Génération de la cible "_GenerateRestoreProjectPathItemsCurrentProject" terminée dans le projet "DiversityPub.csproj".
   2:2>Cible "_GenerateRestoreProjectPathItems" dans le fichier "C:\Program Files\dotnet\sdk\9.0.302\NuGet.targets" du projet "C:\Users\kerne\Music\Apps\DiversityPub\DiversityPub.csproj" (la cible "_GenerateRestoreProjectPathWalk" en dépend) :
       Utilisation de la tâche "RemoveDuplicates" à partir de l'assembly "Microsoft.Build.Tasks.Core, Version=15.1.0.0, Culture=neutral, PublicKeyToken=b03f5f7f11d50a3a".
       Tâche "RemoveDuplicates"
       Exécution de la tâche "RemoveDuplicates" terminée.
   2:2>Génération de la cible "_GenerateRestoreProjectPathItems" terminée dans le projet "DiversityPub.csproj".
   2:2>Cible "_GenerateRestoreProjectPathWalk" dans le fichier "C:\Program Files\dotnet\sdk\9.0.302\NuGet.targets" du projet "C:\Users\kerne\Music\Apps\DiversityPub\DiversityPub.csproj" (point d'entrée) :
       Utilisation de la tâche "MSBuild" à partir de l'assembly "Microsoft.Build.Tasks.Core, Version=15.1.0.0, Culture=neutral, PublicKeyToken=b03f5f7f11d50a3a".
       Tâche "MSBuild"
       Exécution de la tâche "MSBuild" terminée.
       Tâche "MSBuild" ignorée en raison d'une fausse condition ; ( '$(RestoreUseSkipNonexistentTargets)' != 'true' ) a été évaluée comme ( 'true' != 'true' ).
       Tâche "RemoveDuplicates"
       Exécution de la tâche "RemoveDuplicates" terminée.
   2:2>Génération de la cible "_GenerateRestoreProjectPathWalk" terminée dans le projet "DiversityPub.csproj".
   2:2>Génération du projet "C:\Users\kerne\Music\Apps\DiversityPub\DiversityPub.csproj" terminée (_GenerateRestoreProjectPathWalk cible(s)).
     1>Exécution de la tâche "MSBuild" terminée.
       Tâche "MSBuild" ignorée en raison d'une fausse condition ; ( '$(RestoreUseSkipNonexistentTargets)' != 'true' ) a été évaluée comme ( 'true' != 'true' ).
       Tâche "RemoveDuplicates"
       Exécution de la tâche "RemoveDuplicates" terminée.
       Tâche "MSBuild"
         Propriétés globales :
           ExcludeRestorePackageImports=true
           _RestoreSolutionFileUsed=true
           SolutionDir=C:\Users\kerne\Music\Apps\DiversityPub\
           SolutionName=DiversityPub
           SolutionFileName=DiversityPub.sln
           SolutionPath=C:\Users\kerne\Music\Apps\DiversityPub\DiversityPub.sln
           SolutionExt=.sln
         Propriétés supplémentaires du projet "C:\Users\kerne\Music\Apps\DiversityPub\DiversityPub.csproj":
           Configuration=Debug
           Platform=AnyCPU
     1>Le projet "C:\Users\kerne\Music\Apps\DiversityPub\DiversityPub.sln" (1) génère "C:\Users\kerne\Music\Apps\DiversityPub\DiversityPub.csproj" (2:3) sur le nœud 1 (_IsProjectRestoreSupported cible(s)).
   2:3>Cible "_IsProjectRestoreSupported" ignorée. Elle a été générée.
   2:3>Génération du projet "C:\Users\kerne\Music\Apps\DiversityPub\DiversityPub.csproj" terminée (_IsProjectRestoreSupported cible(s)).
     1>Exécution de la tâche "MSBuild" terminée.
       Tâche "MSBuild" ignorée en raison d'une fausse condition ; ( '$(RestoreUseSkipNonexistentTargets)' != 'true' ) a été évaluée comme ( 'true' != 'true' ).
     1>Génération de la cible "_GetAllRestoreProjectPathItems" terminée dans le projet "DiversityPub.sln".
     1>Cible "_GenerateRestoreGraph" dans le fichier "C:\Program Files\dotnet\sdk\9.0.302\NuGet.targets" du projet "C:\Users\kerne\Music\Apps\DiversityPub\DiversityPub.sln" (la cible "Restore" en dépend) :
       Tâche "Message"
         Generating dg file
       Exécution de la tâche "Message" terminée.
       Tâche "Message"
         C:\Users\kerne\Music\Apps\DiversityPub\DiversityPub.csproj
       Exécution de la tâche "Message" terminée.
       Tâche "MSBuild"
         Propriétés globales :
           ExcludeRestorePackageImports=true
           _RestoreSolutionFileUsed=true
           SolutionDir=C:\Users\kerne\Music\Apps\DiversityPub\
           SolutionName=DiversityPub
           SolutionFileName=DiversityPub.sln
           SolutionPath=C:\Users\kerne\Music\Apps\DiversityPub\DiversityPub.sln
           SolutionExt=.sln
         Propriétés supplémentaires du projet "C:\Users\kerne\Music\Apps\DiversityPub\DiversityPub.csproj":
           Configuration=Debug
           Platform=AnyCPU
     1>Le projet "C:\Users\kerne\Music\Apps\DiversityPub\DiversityPub.sln" (1) génère "C:\Users\kerne\Music\Apps\DiversityPub\DiversityPub.csproj" (2:4) sur le nœud 1 (_GenerateRestoreGraphProjectEntry cible(s)).
   2:4>Cible "_GetProjectJsonPath" dans le fichier "C:\Program Files\dotnet\sdk\9.0.302\NuGet.targets" du projet "C:\Users\kerne\Music\Apps\DiversityPub\DiversityPub.csproj" (la cible "_GetRestoreProjectStyle" en dépend) :
   2:4>Tâche "GetRestoreProjectJsonPathTask" ignorée en raison d'une fausse condition ; ( '$(RestoreProjectStyle)' == 'ProjectJson' OR '$(RestoreProjectStyle)' == '' ) a été évaluée comme ( 'PackageReference' == 'ProjectJson' OR 'PackageReference' == '' ).
   2:4>Génération de la cible "_GetProjectJsonPath" terminée dans le projet "DiversityPub.csproj".
       Cible "_CheckForUnsupportedTargetPlatformIdentifier" ignorée en raison d'une fausse condition ; ('$(TargetPlatformIdentifier)' != '' and '$(TargetFrameworkIdentifier)' == '.NETCoreApp' and $([MSBuild]::VersionGreaterThanOrEquals($(TargetFrameworkVersion), 5.0)) And ('$(DesignTimeBuild)' != 'true' Or '@(MissingWorkloadPack)' == '')) a été évaluée comme ('' != '' and '.NETCoreApp' == '.NETCoreApp' and True And ('' != 'true' Or '' == '')).
       Cible "_CheckForMissingWorkload" ignorée en raison d'une fausse condition ; ('@(MissingWorkloadPack)' != '' And '$(DesignTimeBuild)' != 'true') a été évaluée comme ('' != '' And '' != 'true').
   2:4>Cible "_CheckForUnsupportedNETCoreVersion" dans le fichier "C:\Program Files\dotnet\sdk\9.0.302\Sdks\Microsoft.NET.Sdk\targets\Microsoft.NET.TargetFrameworkInference.targets" du projet "C:\Users\kerne\Music\Apps\DiversityPub\DiversityPub.csproj" (la cible "CollectPackageReferences" en dépend) :
       Tâche "NETSdkError" ignorée en raison d'une fausse condition ; ('$(_TargetFrameworkVersionWithoutV)' > '$(NETCoreAppMaximumVersion)' and '$(DisplayVSMessage)' != 'true') a été évaluée comme ('8.0' > '9.0' and '' != 'true').
       Tâche "NETSdkError" ignorée en raison d'une fausse condition ; ('$(DisplayVSMessage)' == 'true') a été évaluée comme ('' == 'true').
   2:4>Génération de la cible "_CheckForUnsupportedNETCoreVersion" terminée dans le projet "DiversityPub.csproj".
       Cible "_CheckForEolTargetFrameworks" ignorée en raison d'une fausse condition ; ('@(_EolNetCoreTargetFrameworkVersions->AnyHaveMetadataValue('Identity', '$(_TargetFrameworkVersionWithoutV)'))' and '$(TargetFrameworkIdentifier)' == '.NETCoreApp' and '$(CheckEolTargetFramework)' == 'true') a été évaluée comme ('false' and '.NETCoreApp' == '.NETCoreApp' and 'true' == 'true').
       Cible "_CheckForEolWorkloads" ignorée en raison d'une fausse condition ; ('@(EolWorkload)' != '' and '$(CheckEolWorkloads)' == 'true') a été évaluée comme ('' != '' and 'true' == 'true').
       Cible "_CheckForNotRecommendedNETStandardVersion" ignorée en raison d'une fausse condition ; ('$(TargetFrameworkIdentifier)' == '.NETStandard' and $([MSBuild]::VersionLessThan($(TargetFrameworkVersion), '2.0'))) a été évaluée comme ('.NETCoreApp' == '.NETStandard' and False).
   2:4>Cible "_CheckForUnsupportedCppNETCoreVersion" dans le fichier "C:\Program Files\dotnet\sdk\9.0.302\Sdks\Microsoft.NET.Sdk\targets\Microsoft.NET.TargetFrameworkInference.targets" du projet "C:\Users\kerne\Music\Apps\DiversityPub\DiversityPub.csproj" (la cible "CollectPackageReferences" en dépend) :
       Tâche "NETSdkError" ignorée en raison d'une fausse condition ; ('$(TargetFrameworkIdentifier)' == '.NETCoreApp' and '$(_TargetFrameworkVersionWithoutV)' < '3.1' and ('$(Language)' == 'C++' and '$(_EnablePackageReferencesInVCProjects)' != 'true')) a été évaluée comme ('.NETCoreApp' == '.NETCoreApp' and '8.0' < '3.1' and ('C#' == 'C++' and '' != 'true')).
   2:4>Génération de la cible "_CheckForUnsupportedCppNETCoreVersion" terminée dans le projet "DiversityPub.csproj".
       Cible "_CheckForUnsupportedNETStandardVersion" ignorée en raison d'une fausse condition ; ('$(TargetFrameworkIdentifier)' == '.NETStandard' And '$(NETStandardMaximumVersion)' != '') a été évaluée comme ('.NETCoreApp' == '.NETStandard' And '' != '').
       Cible "_CheckForUnsupportedTargetFrameworkAndFeatureCombination" ignorée en raison d'une fausse condition ; ('$(TargetFrameworkIdentifier)' == '.NETFramework') a été évaluée comme ('.NETCoreApp' == '.NETFramework').
   2:4>Cible "UpdateAspNetToFrameworkReference" dans le fichier "C:\Program Files\dotnet\sdk\9.0.302\Sdks\Microsoft.NET.Sdk\targets\Microsoft.NET.Sdk.DefaultItems.Shared.targets" du projet "C:\Users\kerne\Music\Apps\DiversityPub\DiversityPub.csproj" (la cible "ApplyImplicitVersions" en dépend) :
       Utilisation de la tâche "CheckIfPackageReferenceShouldBeFrameworkReference" à partir de l'assembly "C:\Program Files\dotnet\sdk\9.0.302\Sdks\Microsoft.NET.Sdk\targets\..\tools\net9.0\Microsoft.NET.Build.Tasks.dll".
       Tâche "CheckIfPackageReferenceShouldBeFrameworkReference"
       Exécution de la tâche "CheckIfPackageReferenceShouldBeFrameworkReference" terminée.
       Tâche "NETSdkError" ignorée en raison d'une fausse condition ; ('$(_ShouldRemoveAspNetCoreAll)' == 'true') a été évaluée comme ('False' == 'true').
       Tâche "CheckIfPackageReferenceShouldBeFrameworkReference"
       Exécution de la tâche "CheckIfPackageReferenceShouldBeFrameworkReference" terminée.
       Tâche "NETSdkWarning" ignorée en raison d'une fausse condition ; ('$(_ShouldRemoveAspNetCoreApp)' == 'true') a été évaluée comme ('False' == 'true').
   2:4>Génération de la cible "UpdateAspNetToFrameworkReference" terminée dans le projet "DiversityPub.csproj".
       Cible "IncludeTargetingPackReference" ignorée en raison d'une fausse condition ; ('$(TargetFrameworkMoniker)' != '' and '$(TargetFrameworkIdentifier)' == '.NETFramework' and '$(AutomaticallyUseReferenceAssemblyPackages)' == 'true') a été évaluée comme ('.NETCoreApp,Version=v8.0' != '' and '.NETCoreApp' == '.NETFramework' and 'true' == 'true').
   2:4>Cible "CheckForImplicitPackageReferenceOverrides" dans le fichier "C:\Program Files\dotnet\sdk\9.0.302\Sdks\Microsoft.NET.Sdk\targets\Microsoft.NET.Sdk.DefaultItems.Shared.targets" du projet "C:\Users\kerne\Music\Apps\DiversityPub\DiversityPub.csproj" (la cible "ApplyImplicitVersions" en dépend) :
       Utilisation de la tâche "CheckForImplicitPackageReferenceOverrides" à partir de l'assembly "C:\Program Files\dotnet\sdk\9.0.302\Sdks\Microsoft.NET.Sdk\targets\..\tools\net9.0\Microsoft.NET.Build.Tasks.dll".
       Tâche "CheckForImplicitPackageReferenceOverrides"
       Exécution de la tâche "CheckForImplicitPackageReferenceOverrides" terminée.
   2:4>Génération de la cible "CheckForImplicitPackageReferenceOverrides" terminée dans le projet "DiversityPub.csproj".
   2:4>Cible "ApplyImplicitVersions" dans le fichier "C:\Program Files\dotnet\sdk\9.0.302\Sdks\Microsoft.NET.Sdk\targets\Microsoft.NET.Sdk.DefaultItems.Shared.targets" du projet "C:\Users\kerne\Music\Apps\DiversityPub\DiversityPub.csproj" (la cible "CollectPackageReferences" en dépend) :
       Utilisation de la tâche "ApplyImplicitVersions" à partir de l'assembly "C:\Program Files\dotnet\sdk\9.0.302\Sdks\Microsoft.NET.Sdk\targets\..\tools\net9.0\Microsoft.NET.Build.Tasks.dll".
       Tâche "ApplyImplicitVersions"
       Exécution de la tâche "ApplyImplicitVersions" terminée.
   2:4>Génération de la cible "ApplyImplicitVersions" terminée dans le projet "DiversityPub.csproj".
       Cible "CheckForImplicitPackageReferenceOverrides" ignorée. Elle a été générée.
       Cible "AddWindowsSdkKnownFrameworkReferences" ignorée en raison d'une fausse condition ; ('$(TargetFrameworkIdentifier)' == '.NETCoreApp' And '$(TargetPlatformIdentifier)' == 'Windows'
                            And ('$(Language)' != 'C++' Or '$(IncludeWindowsSDKRefFrameworkReferences)' == 'true')) a été évaluée comme ('.NETCoreApp' == '.NETCoreApp' And '' == 'Windows'
                            And ('C#' != 'C++' Or '' == 'true')).
       Cible "_NormalizeTargetPlatformVersion" ignorée en raison d'une fausse condition ; ('$(TargetPlatformVersion)' != '' and '$(TargetFrameworkIdentifier)' == '.NETCoreApp' and $([MSBuild]::VersionGreaterThanOrEquals($(TargetFrameworkVersion), 5.0)) and ('$(Language)' != 'C++' or '$(_EnablePackageReferencesInVCProjects)' == 'true')) a été évaluée comme ('' != '' and '.NETCoreApp' == '.NETCoreApp' and True and ('C#' != 'C++' or '' == 'true')).
   2:4>Cible "_CheckForLanguageAndFeatureCombinationSupport" dans le fichier "C:\Program Files\dotnet\sdk\9.0.302\Sdks\Microsoft.NET.Sdk\targets\Microsoft.NET.RuntimeIdentifierInference.targets" du projet "C:\Users\kerne\Music\Apps\DiversityPub\DiversityPub.csproj" (la cible "ProcessFrameworkReferences" en dépend) :
       Tâche "NETSdkError" ignorée en raison d'une fausse condition ; (('$(Language)' == 'C++' and '$(_EnablePackageReferencesInVCProjects)' != 'true') and $(OutputType) != 'library' and '$(TargetFrameworkIdentifier)' == '.NETCoreApp') a été évaluée comme (('C#' == 'C++' and '' != 'true') and Exe != 'library' and '.NETCoreApp' == '.NETCoreApp').
       Tâche "NETSdkError" ignorée en raison d'une fausse condition ; (('$(Language)' == 'C++' and '$(_EnablePackageReferencesInVCProjects)' != 'true') and $(EnableComHosting) == 'true') a été évaluée comme (('C#' == 'C++' and '' != 'true') and  == 'true').
       Tâche "NETSdkError" ignorée en raison d'une fausse condition ; (('$(Language)' == 'C++' and '$(_EnablePackageReferencesInVCProjects)' != 'true') and $(SelfContained) == 'true') a été évaluée comme (('C#' == 'C++' and '' != 'true') and false == 'true').
   2:4>Génération de la cible "_CheckForLanguageAndFeatureCombinationSupport" terminée dans le projet "DiversityPub.csproj".
   2:4>Cible "_ComputeToolPackInputsToProcessFrameworkReferences" dans le fichier "C:\Program Files\dotnet\sdk\9.0.302\Sdks\Microsoft.NET.Sdk\targets\Microsoft.NET.Publish.targets" du projet "C:\Users\kerne\Music\Apps\DiversityPub\DiversityPub.csproj" (la cible "ProcessFrameworkReferences" en dépend) :
   2:4>Génération de la cible "_ComputeToolPackInputsToProcessFrameworkReferences" terminée dans le projet "DiversityPub.csproj".
   2:4>Cible "ProcessFrameworkReferences" dans le fichier "C:\Program Files\dotnet\sdk\9.0.302\Sdks\Microsoft.NET.Sdk\targets\Microsoft.NET.Sdk.FrameworkReferenceResolution.targets" du projet "C:\Users\kerne\Music\Apps\DiversityPub\DiversityPub.csproj" (la cible "CollectPackageReferences" en dépend) :
       Utilisation de la tâche "CheckForDuplicateFrameworkReferences" à partir de l'assembly "C:\Program Files\dotnet\sdk\9.0.302\Sdks\Microsoft.NET.Sdk\targets\..\tools\net9.0\Microsoft.NET.Build.Tasks.dll".
       Tâche "CheckForDuplicateFrameworkReferences"
       Exécution de la tâche "CheckForDuplicateFrameworkReferences" terminée.
       Utilisation de la tâche "ProcessFrameworkReferences" à partir de l'assembly "C:\Program Files\dotnet\sdk\9.0.302\Sdks\Microsoft.NET.Sdk\targets\..\tools\net9.0\Microsoft.NET.Build.Tasks.dll".
       Tâche "ProcessFrameworkReferences"
       Exécution de la tâche "ProcessFrameworkReferences" terminée.
       Utilisation de la tâche "ResolveAppHosts" à partir de l'assembly "C:\Program Files\dotnet\sdk\9.0.302\Sdks\Microsoft.NET.Sdk\targets\..\tools\net9.0\Microsoft.NET.Build.Tasks.dll".
       Tâche "ResolveAppHosts"
       Exécution de la tâche "ResolveAppHosts" terminée.
   2:4>Génération de la cible "ProcessFrameworkReferences" terminée dans le projet "DiversityPub.csproj".
       Cible "IncludeTargetingPackReference" ignorée en raison d'une fausse condition ; ('$(TargetFrameworkMoniker)' != '' and '$(TargetFrameworkIdentifier)' == '.NETFramework' and '$(AutomaticallyUseReferenceAssemblyPackages)' == 'true') a été évaluée comme ('.NETCoreApp,Version=v8.0' != '' and '.NETCoreApp' == '.NETFramework' and 'true' == 'true').
       Cible "_CheckMicrosoftNetCompilersToolsetFrameworkPackageReference" ignorée en raison d'une fausse condition ; ('$(MSBuildRuntimeType)' == 'Full') a été évaluée comme ('Core' == 'Full').
   2:4>Cible "_CheckForObsoleteDotNetCliToolReferences" dans le fichier "C:\Program Files\dotnet\sdk\9.0.302\Sdks\Microsoft.NET.Sdk\targets\Microsoft.NET.ObsoleteReferences.targets" du projet "C:\Users\kerne\Music\Apps\DiversityPub\DiversityPub.csproj" (la cible "CollectPackageReferences" en dépend) :
       Tâche "NETSdkWarning" ignorée en raison d'une fausse condition ; ( '%(_ReferenceToObsoleteDotNetCliTool.Identity)' != '' ) a été évaluée comme ( '' != '' ).
   2:4>Génération de la cible "_CheckForObsoleteDotNetCliToolReferences" terminée dans le projet "DiversityPub.csproj".
   2:4>Cible "CollectPackageReferences" dans le fichier "C:\Program Files\dotnet\sdk\9.0.302\NuGet.targets" du projet "C:\Users\kerne\Music\Apps\DiversityPub\DiversityPub.csproj" (la cible "_GetRestoreProjectStyle" en dépend) :
       Utilisation de la tâche "CheckForDuplicateNuGetItemsTask" à partir de l'assembly "C:\Program Files\dotnet\sdk\9.0.302\NuGet.Build.Tasks.dll".
       Tâche "CheckForDuplicateNuGetItemsTask"
       Exécution de la tâche "CheckForDuplicateNuGetItemsTask" terminée.
   2:4>Génération de la cible "CollectPackageReferences" terminée dans le projet "DiversityPub.csproj".
   2:4>Cible "_GetRestoreProjectStyle" dans le fichier "C:\Program Files\dotnet\sdk\9.0.302\NuGet.targets" du projet "C:\Users\kerne\Music\Apps\DiversityPub\DiversityPub.csproj" (la cible "_GenerateRestoreSpecs" en dépend) :
       Utilisation de la tâche "GetRestoreProjectStyleTask" à partir de l'assembly "C:\Program Files\dotnet\sdk\9.0.302\NuGet.Build.Tasks.dll".
       Tâche "GetRestoreProjectStyleTask"
       Exécution de la tâche "GetRestoreProjectStyleTask" terminée.
   2:4>Génération de la cible "_GetRestoreProjectStyle" terminée dans le projet "DiversityPub.csproj".
   2:4>Cible "_GenerateRestoreSpecs" dans le fichier "C:\Program Files\dotnet\sdk\9.0.302\NuGet.targets" du projet "C:\Users\kerne\Music\Apps\DiversityPub\DiversityPub.csproj" (la cible "_GenerateRestoreGraphProjectEntry" en dépend) :
       Utilisation de la tâche "Message" à partir de l'assembly "Microsoft.Build.Tasks.Core, Version=15.1.0.0, Culture=neutral, PublicKeyToken=b03f5f7f11d50a3a".
       Tâche "Message"
         Restore entry point C:\Users\kerne\Music\Apps\DiversityPub\DiversityPub.csproj
       Exécution de la tâche "Message" terminée.
   2:4>Génération de la cible "_GenerateRestoreSpecs" terminée dans le projet "DiversityPub.csproj".
   2:4>Cible "_GetRestoreSettingsOverrides" dans le fichier "C:\Program Files\dotnet\sdk\9.0.302\NuGet.targets" du projet "C:\Users\kerne\Music\Apps\DiversityPub\DiversityPub.csproj" (la cible "_GetRestoreSettings" en dépend) :
       Tâche "MSBuild" ignorée en raison d'une fausse condition ; ( '$(RestorePackagesPath)' != '' ) a été évaluée comme ( '' != '' ).
       Tâche "MSBuild" ignorée en raison d'une fausse condition ; ( '$(RestoreRepositoryPathOverride)' != '' ) a été évaluée comme ( '' != '' ).
       Tâche "MSBuild" ignorée en raison d'une fausse condition ; ( '$(RestoreSources)' != '' ) a été évaluée comme ( '' != '' ).
       Tâche "MSBuild" ignorée en raison d'une fausse condition ; ( '$(RestoreFallbackFolders)' != '' ) a été évaluée comme ( '' != '' ).
   2:4>Génération de la cible "_GetRestoreSettingsOverrides" terminée dans le projet "DiversityPub.csproj".
   2:4>Cible "_GetRestoreSettingsPerFramework" dans le fichier "C:\Program Files\dotnet\sdk\9.0.302\NuGet.targets" du projet "C:\Users\kerne\Music\Apps\DiversityPub\DiversityPub.csproj" (la cible "_GetRestoreSettingsCurrentProject" en dépend) :
   2:4>Génération de la cible "_GetRestoreSettingsPerFramework" terminée dans le projet "DiversityPub.csproj".
   2:4>Cible "_GetRestoreSettingsCurrentProject" dans le fichier "C:\Program Files\dotnet\sdk\9.0.302\NuGet.targets" du projet "C:\Users\kerne\Music\Apps\DiversityPub\DiversityPub.csproj" (la cible "_GetRestoreSettings" en dépend) :
   2:4>Génération de la cible "_GetRestoreSettingsCurrentProject" terminée dans le projet "DiversityPub.csproj".
       Cible "_GetRestoreSettingsAllFrameworks" ignorée en raison d'une fausse condition ; ( '$(TargetFrameworks)' != '' AND '$(PackageReferenceCompatibleProjectStyle)' == 'true' ) a été évaluée comme ( '' != '' AND 'True' == 'true' ).
   2:4>Cible "_GetRestoreSettings" dans le fichier "C:\Program Files\dotnet\sdk\9.0.302\NuGet.targets" du projet "C:\Users\kerne\Music\Apps\DiversityPub\DiversityPub.csproj" (la cible "_GenerateDotnetCliToolReferenceSpecs" en dépend) :
       Utilisation de la tâche "GetRestoreSettingsTask" à partir de l'assembly "C:\Program Files\dotnet\sdk\9.0.302\NuGet.Build.Tasks.dll".
       Tâche "GetRestoreSettingsTask"
         Assembly chargé pendant TaskRun (NuGet.Build.Tasks.GetRestoreSettingsTask) : NuGet.Configuration, Version=6.14.0.116, Culture=neutral, PublicKeyToken=31bf3856ad364e35 (emplacement : C:\Program Files\dotnet\sdk\9.0.302\NuGet.Configuration.dll, MVID : b0f2e3cc-b478-45a0-a863-e83c6e00406f, AssemblyLoadContext : MSBuild plugin C:\Program Files\dotnet\sdk\9.0.302\NuGet.Build.Tasks.dll)
       Exécution de la tâche "GetRestoreSettingsTask" terminée.
   2:4>Génération de la cible "_GetRestoreSettings" terminée dans le projet "DiversityPub.csproj".
   2:4>Cible "_GenerateDotnetCliToolReferenceSpecs" dans le fichier "C:\Program Files\dotnet\sdk\9.0.302\NuGet.targets" du projet "C:\Users\kerne\Music\Apps\DiversityPub\DiversityPub.csproj" (la cible "_GenerateRestoreGraphProjectEntry" en dépend) :
       Utilisation de la tâche "GetRestoreDotnetCliToolsTask" à partir de l'assembly "C:\Program Files\dotnet\sdk\9.0.302\NuGet.Build.Tasks.dll".
       Tâche "GetRestoreDotnetCliToolsTask"
       Exécution de la tâche "GetRestoreDotnetCliToolsTask" terminée.
   2:4>Génération de la cible "_GenerateDotnetCliToolReferenceSpecs" terminée dans le projet "DiversityPub.csproj".
   2:4>Cible "_GenerateRestoreGraphProjectEntry" dans le fichier "C:\Program Files\dotnet\sdk\9.0.302\NuGet.targets" du projet "C:\Users\kerne\Music\Apps\DiversityPub\DiversityPub.csproj" (point d'entrée) :
   2:4>Génération de la cible "_GenerateRestoreGraphProjectEntry" terminée dans le projet "DiversityPub.csproj".
   2:4>Génération du projet "C:\Users\kerne\Music\Apps\DiversityPub\DiversityPub.csproj" terminée (_GenerateRestoreGraphProjectEntry cible(s)).
     1>Exécution de la tâche "MSBuild" terminée.
       Tâche "MSBuild"
         Propriétés globales :
           ExcludeRestorePackageImports=true
           _RestoreSolutionFileUsed=true
           SolutionDir=C:\Users\kerne\Music\Apps\DiversityPub\
           SolutionName=DiversityPub
           SolutionFileName=DiversityPub.sln
           SolutionPath=C:\Users\kerne\Music\Apps\DiversityPub\DiversityPub.sln
           SolutionExt=.sln
         Propriétés supplémentaires du projet "C:\Users\kerne\Music\Apps\DiversityPub\DiversityPub.csproj":
           Configuration=Debug
           Platform=AnyCPU
     1>Le projet "C:\Users\kerne\Music\Apps\DiversityPub\DiversityPub.sln" (1) génère "C:\Users\kerne\Music\Apps\DiversityPub\DiversityPub.csproj" (2:5) sur le nœud 1 (_GenerateProjectRestoreGraph cible(s)).
   2:5>Cible "_GetRestoreProjectStyle" ignorée. Elle a été générée.
       Cible "_GetRestoreProjectStyle" ignorée. Elle a été générée.
       Cible "_GetRestoreProjectStyle" ignorée. Elle a été générée.
   2:5>Cible "_GetRestoreTargetFrameworkOverride" dans le fichier "C:\Program Files\dotnet\sdk\9.0.302\NuGet.targets" du projet "C:\Users\kerne\Music\Apps\DiversityPub\DiversityPub.csproj" (la cible "_GetRestoreTargetFrameworksOutput" en dépend) :
       Tâche "GetGlobalPropertyValueTask" ignorée en raison d'une fausse condition ; ( '$(TargetFrameworks)' != '' ) a été évaluée comme ( '' != '' ).
   2:5>Génération de la cible "_GetRestoreTargetFrameworkOverride" terminée dans le projet "DiversityPub.csproj".
   2:5>Cible "_GetRestoreTargetFrameworksOutput" dans le fichier "C:\Program Files\dotnet\sdk\9.0.302\NuGet.targets" du projet "C:\Users\kerne\Music\Apps\DiversityPub\DiversityPub.csproj" (la cible "_GenerateRestoreProjectSpec" en dépend) :
       Utilisation de la tâche "GetProjectTargetFrameworksTask" à partir de l'assembly "C:\Program Files\dotnet\sdk\9.0.302\NuGet.Build.Tasks.dll".
       Tâche "GetProjectTargetFrameworksTask"
       Exécution de la tâche "GetProjectTargetFrameworksTask" terminée.
   2:5>Génération de la cible "_GetRestoreTargetFrameworksOutput" terminée dans le projet "DiversityPub.csproj".
       Cible "_GetRestoreSettings" ignorée. Elle a été générée.
   2:5>Cible "_GenerateRestoreProjectSpec" dans le fichier "C:\Program Files\dotnet\sdk\9.0.302\NuGet.targets" du projet "C:\Users\kerne\Music\Apps\DiversityPub\DiversityPub.csproj" (la cible "_GenerateProjectRestoreGraph" en dépend) :
       Tâche "ConvertToAbsolutePath"
       Exécution de la tâche "ConvertToAbsolutePath" terminée.
   2:5>Génération de la cible "_GenerateRestoreProjectSpec" terminée dans le projet "DiversityPub.csproj".
       Cible "_GenerateProjectRestoreGraphAllFrameworks" ignorée en raison d'une fausse condition ; ( '$(TargetFrameworks)' != '' ) a été évaluée comme ( '' != '' ).
       Cible "_GetRestoreProjectStyle" ignorée. Elle a été générée.
       Cible "CollectPackageReferences" ignorée. Elle a été générée.
   2:5>Cible "CollectPackageDownloads" dans le fichier "C:\Program Files\dotnet\sdk\9.0.302\NuGet.targets" du projet "C:\Users\kerne\Music\Apps\DiversityPub\DiversityPub.csproj" (la cible "_CollectRestoreInputs" en dépend) :
       Tâche "CheckForDuplicateNuGetItemsTask"
       Exécution de la tâche "CheckForDuplicateNuGetItemsTask" terminée.
   2:5>Génération de la cible "CollectPackageDownloads" terminée dans le projet "DiversityPub.csproj".
   2:5>Cible "CollectFrameworkReferences" dans le fichier "C:\Program Files\dotnet\sdk\9.0.302\NuGet.targets" du projet "C:\Users\kerne\Music\Apps\DiversityPub\DiversityPub.csproj" (la cible "_CollectRestoreInputs" en dépend) :
   2:5>Génération de la cible "CollectFrameworkReferences" terminée dans le projet "DiversityPub.csproj".
   2:5>Cible "CollectCentralPackageVersions" dans le fichier "C:\Program Files\dotnet\sdk\9.0.302\NuGet.targets" du projet "C:\Users\kerne\Music\Apps\DiversityPub\DiversityPub.csproj" (la cible "_CollectRestoreInputs" en dépend) :
       Tâche "CheckForDuplicateNuGetItemsTask"
       Exécution de la tâche "CheckForDuplicateNuGetItemsTask" terminée.
   2:5>Génération de la cible "CollectCentralPackageVersions" terminée dans le projet "DiversityPub.csproj".
   2:5>Cible "CollectNuGetAuditSuppressions" dans le fichier "C:\Program Files\dotnet\sdk\9.0.302\NuGet.targets" du projet "C:\Users\kerne\Music\Apps\DiversityPub\DiversityPub.csproj" (la cible "_CollectRestoreInputs" en dépend) :
       Tâche "CheckForDuplicateNuGetItemsTask"
       Exécution de la tâche "CheckForDuplicateNuGetItemsTask" terminée.
   2:5>Génération de la cible "CollectNuGetAuditSuppressions" terminée dans le projet "DiversityPub.csproj".
       Cible "AddPrunePackageReferences" ignorée en raison d'une fausse condition ; ('$(RestoreEnablePackagePruning)' == 'true') a été évaluée comme ('false' == 'true').
   2:5>Cible "CollectPrunePackageReferences" dans le fichier "C:\Program Files\dotnet\sdk\9.0.302\NuGet.targets" du projet "C:\Users\kerne\Music\Apps\DiversityPub\DiversityPub.csproj" (la cible "_CollectRestoreInputs" en dépend) :
       Tâche "CheckForDuplicateNuGetItemsTask"
       Exécution de la tâche "CheckForDuplicateNuGetItemsTask" terminée.
   2:5>Génération de la cible "CollectPrunePackageReferences" terminée dans le projet "DiversityPub.csproj".
   2:5>Cible "_CollectRestoreInputs" dans le fichier "C:\Program Files\dotnet\sdk\9.0.302\NuGet.targets" du projet "C:\Users\kerne\Music\Apps\DiversityPub\DiversityPub.csproj" (la cible "_GenerateProjectRestoreGraphPerFramework" en dépend) :
   2:5>Génération de la cible "_CollectRestoreInputs" terminée dans le projet "DiversityPub.csproj".
       Cible "PrepRestoreForStoreProjects" ignorée en raison d'une fausse condition ; ('$(StorePackageName)' != '') a été évaluée comme ('' != '').
   2:5>Cible "_GenerateProjectRestoreGraphPerFramework" dans le fichier "C:\Program Files\dotnet\sdk\9.0.302\NuGet.targets" du projet "C:\Users\kerne\Music\Apps\DiversityPub\DiversityPub.csproj" (la cible "_GenerateProjectRestoreGraphCurrentProject" en dépend) :
       Utilisation de la tâche "GetRestoreProjectReferencesTask" à partir de l'assembly "C:\Program Files\dotnet\sdk\9.0.302\NuGet.Build.Tasks.dll".
       Tâche "GetRestoreProjectReferencesTask"
       Exécution de la tâche "GetRestoreProjectReferencesTask" terminée.
       Utilisation de la tâche "GetRestorePackageReferencesTask" à partir de l'assembly "C:\Program Files\dotnet\sdk\9.0.302\NuGet.Build.Tasks.dll".
       Tâche "GetRestorePackageReferencesTask"
       Exécution de la tâche "GetRestorePackageReferencesTask" terminée.
       Tâche "GetCentralPackageVersionsTask" ignorée en raison d'une fausse condition ; ( '$(PackageReferenceCompatibleProjectStyle)' == 'true' AND '$(_CentralPackageVersionsEnabled)' == 'true' ) a été évaluée comme ( 'True' == 'true' AND '' == 'true' ).
       Utilisation de la tâche "GetRestorePackageDownloadsTask" à partir de l'assembly "C:\Program Files\dotnet\sdk\9.0.302\NuGet.Build.Tasks.dll".
       Tâche "GetRestorePackageDownloadsTask"
       Exécution de la tâche "GetRestorePackageDownloadsTask" terminée.
       Utilisation de la tâche "GetRestoreFrameworkReferencesTask" à partir de l'assembly "C:\Program Files\dotnet\sdk\9.0.302\NuGet.Build.Tasks.dll".
       Tâche "GetRestoreFrameworkReferencesTask"
       Exécution de la tâche "GetRestoreFrameworkReferencesTask" terminée.
       Utilisation de la tâche "GetRestoreNuGetAuditSuppressionsTask" à partir de l'assembly "C:\Program Files\dotnet\sdk\9.0.302\NuGet.Build.Tasks.dll".
       Tâche "GetRestoreNuGetAuditSuppressionsTask"
       Exécution de la tâche "GetRestoreNuGetAuditSuppressionsTask" terminée.
       Utilisation de la tâche "GetRestorePrunePackageReferencesTask" à partir de l'assembly "C:\Program Files\dotnet\sdk\9.0.302\NuGet.Build.Tasks.dll".
       Tâche "GetRestorePrunePackageReferencesTask"
       Exécution de la tâche "GetRestorePrunePackageReferencesTask" terminée.
   2:5>Génération de la cible "_GenerateProjectRestoreGraphPerFramework" terminée dans le projet "DiversityPub.csproj".
   2:5>Cible "_GenerateProjectRestoreGraphCurrentProject" dans le fichier "C:\Program Files\dotnet\sdk\9.0.302\NuGet.targets" du projet "C:\Users\kerne\Music\Apps\DiversityPub\DiversityPub.csproj" (la cible "_GenerateRestoreDependencies" en dépend) :
   2:5>Génération de la cible "_GenerateProjectRestoreGraphCurrentProject" terminée dans le projet "DiversityPub.csproj".
   2:5>Cible "_GenerateRestoreDependencies" dans le fichier "C:\Program Files\dotnet\sdk\9.0.302\NuGet.targets" du projet "C:\Users\kerne\Music\Apps\DiversityPub\DiversityPub.csproj" (la cible "_GenerateProjectRestoreGraph" en dépend) :
   2:5>Génération de la cible "_GenerateRestoreDependencies" terminée dans le projet "DiversityPub.csproj".
   2:5>Cible "_GenerateProjectRestoreGraph" dans le fichier "C:\Program Files\dotnet\sdk\9.0.302\NuGet.targets" du projet "C:\Users\kerne\Music\Apps\DiversityPub\DiversityPub.csproj" (point d'entrée) :
   2:5>Génération de la cible "_GenerateProjectRestoreGraph" terminée dans le projet "DiversityPub.csproj".
   2:5>Génération du projet "C:\Users\kerne\Music\Apps\DiversityPub\DiversityPub.csproj" terminée (_GenerateProjectRestoreGraph cible(s)).
     1>Exécution de la tâche "MSBuild" terminée.
     1>Génération de la cible "_GenerateRestoreGraph" terminée dans le projet "DiversityPub.sln".
     1>Cible "Restore" dans le fichier "C:\Program Files\dotnet\sdk\9.0.302\NuGet.targets" du projet "C:\Users\kerne\Music\Apps\DiversityPub\DiversityPub.sln" (point d'entrée) :
       Tâche "RemoveDuplicates"
       Exécution de la tâche "RemoveDuplicates" terminée.
       Utilisation de la tâche "RestoreTask" à partir de l'assembly "C:\Program Files\dotnet\sdk\9.0.302\NuGet.Build.Tasks.dll".
       Tâche "RestoreTask"
         Assembly chargé pendant TaskRun (NuGet.Build.Tasks.RestoreTask) : NuGet.Packaging, Version=6.14.0.116, Culture=neutral, PublicKeyToken=31bf3856ad364e35 (emplacement : C:\Program Files\dotnet\sdk\9.0.302\NuGet.Packaging.dll, MVID : cdc50a13-9777-4bbf-997e-763beae18a61, AssemblyLoadContext : MSBuild plugin C:\Program Files\dotnet\sdk\9.0.302\NuGet.Build.Tasks.dll)
         Assembly chargé pendant TaskRun (NuGet.Build.Tasks.RestoreTask) : NuGet.LibraryModel, Version=6.14.0.116, Culture=neutral, PublicKeyToken=31bf3856ad364e35 (emplacement : C:\Program Files\dotnet\sdk\9.0.302\NuGet.LibraryModel.dll, MVID : e00b38b3-9e45-44a2-8023-8c8ae09208b7, AssemblyLoadContext : MSBuild plugin C:\Program Files\dotnet\sdk\9.0.302\NuGet.Build.Tasks.dll)
         Assembly chargé pendant TaskRun (NuGet.Build.Tasks.RestoreTask) : NuGet.Versioning, Version=6.14.0.116, Culture=neutral, PublicKeyToken=31bf3856ad364e35 (emplacement : C:\Program Files\dotnet\sdk\9.0.302\NuGet.Versioning.dll, MVID : ecae64d3-0ef8-4164-9110-1e65ba08bca4, AssemblyLoadContext : MSBuild plugin C:\Program Files\dotnet\sdk\9.0.302\NuGet.Build.Tasks.dll)
         Assembly chargé pendant TaskRun (NuGet.Build.Tasks.RestoreTask) : NuGet.Frameworks, Version=6.14.0.116, Culture=neutral, PublicKeyToken=31bf3856ad364e35 (emplacement : C:\Program Files\dotnet\sdk\9.0.302\NuGet.Frameworks.dll, MVID : 6b5909cd-5145-46c4-9595-25461e82c126, AssemblyLoadContext : MSBuild plugin C:\Program Files\dotnet\sdk\9.0.302\NuGet.Build.Tasks.dll)
         Assembly chargé pendant TaskRun (NuGet.Build.Tasks.RestoreTask) : System.Buffers, Version=9.0.0.0, Culture=neutral, PublicKeyToken=cc7b13ffcd2ddd51 (emplacement : C:\Program Files\dotnet\shared\Microsoft.NETCore.App\9.0.7\System.Buffers.dll, MVID : 75218568-4740-4dea-a12e-341922b87ddf, AssemblyLoadContext : Default)
         Assembly chargé pendant TaskRun (NuGet.Build.Tasks.RestoreTask) : NuGet.Protocol, Version=6.14.0.116, Culture=neutral, PublicKeyToken=31bf3856ad364e35 (emplacement : C:\Program Files\dotnet\sdk\9.0.302\NuGet.Protocol.dll, MVID : f8777b05-1686-441b-9cec-a9710c5aa900, AssemblyLoadContext : MSBuild plugin C:\Program Files\dotnet\sdk\9.0.302\NuGet.Build.Tasks.dll)
         Assembly chargé pendant TaskRun (NuGet.Build.Tasks.RestoreTask) : NuGet.Credentials, Version=6.14.0.116, Culture=neutral, PublicKeyToken=31bf3856ad364e35 (emplacement : C:\Program Files\dotnet\sdk\9.0.302\NuGet.Credentials.dll, MVID : bd6612c0-8432-48ef-9aa9-96a29d2c500a, AssemblyLoadContext : MSBuild plugin C:\Program Files\dotnet\sdk\9.0.302\NuGet.Build.Tasks.dll)
         Assembly chargé pendant TaskRun (NuGet.Build.Tasks.RestoreTask) : NuGet.Packaging.resources, Version=6.14.0.116, Culture=fr, PublicKeyToken=31bf3856ad364e35, processorArchitecture=MSIL (emplacement : C:\Program Files\dotnet\sdk\9.0.302\fr\NuGet.Packaging.resources.dll, MVID : 3a1fe6c1-4456-4bd0-8211-61afec1b7454, AssemblyLoadContext : MSBuild plugin C:\Program Files\dotnet\sdk\9.0.302\NuGet.Build.Tasks.dll)
         La validation de la chaîne de certificats X.509 utilisera le magasin de confiance par défaut sélectionné par .NET pour le code de signature.
         La validation de la chaîne de certificats X.509 utilisera le magasin de confiance par défaut sélectionné par .NET pour le timestamp.
         Assembly chargé pendant TaskRun (NuGet.Build.Tasks.RestoreTask) : NuGet.DependencyResolver.Core, Version=6.14.0.116, Culture=neutral, PublicKeyToken=31bf3856ad364e35 (emplacement : C:\Program Files\dotnet\sdk\9.0.302\NuGet.DependencyResolver.Core.dll, MVID : 6b197cc7-1c4a-4e48-895c-328987fdea28, AssemblyLoadContext : MSBuild plugin C:\Program Files\dotnet\sdk\9.0.302\NuGet.Build.Tasks.dll)
         Assembly chargé pendant TaskRun (NuGet.Build.Tasks.RestoreTask) : NuGet.Commands.resources, Version=6.14.0.116, Culture=fr, PublicKeyToken=31bf3856ad364e35, processorArchitecture=MSIL (emplacement : C:\Program Files\dotnet\sdk\9.0.302\fr\NuGet.Commands.resources.dll, MVID : 4f91b3c5-4eb6-4340-a32c-1eef14951df4, AssemblyLoadContext : MSBuild plugin C:\Program Files\dotnet\sdk\9.0.302\NuGet.Build.Tasks.dll)
         Exécution d'une restauration avec 8 travaux simultanés.
         Lecture du fichier projet C:\Users\kerne\Music\Apps\DiversityPub\DiversityPub.csproj.
         Assembly chargé pendant TaskRun (NuGet.Build.Tasks.RestoreTask) : Newtonsoft.Json, Version=13.0.0.0, Culture=neutral, PublicKeyToken=30ad4fe6b2a6aeed (emplacement : C:\Program Files\dotnet\sdk\9.0.302\Newtonsoft.Json.dll, MVID : 7e62198b-eab2-4380-bbac-29171862d1d8, AssemblyLoadContext : MSBuild plugin C:\Program Files\dotnet\sdk\9.0.302\NuGet.Build.Tasks.dll)
         Assembly chargé pendant TaskRun (NuGet.Build.Tasks.RestoreTask) : System.Runtime.Serialization.Primitives, Version=9.0.0.0, Culture=neutral, PublicKeyToken=b03f5f7f11d50a3a (emplacement : C:\Program Files\dotnet\shared\Microsoft.NETCore.App\9.0.7\System.Runtime.Serialization.Primitives.dll, MVID : 55ab6106-6a46-4e62-a99c-16e7410f07f1, AssemblyLoadContext : Default)
         Assembly chargé pendant TaskRun (NuGet.Build.Tasks.RestoreTask) : System.Runtime.Numerics, Version=9.0.0.0, Culture=neutral, PublicKeyToken=b03f5f7f11d50a3a (emplacement : C:\Program Files\dotnet\shared\Microsoft.NETCore.App\9.0.7\System.Runtime.Numerics.dll, MVID : 5f1f83ee-024d-416c-b8e1-e4eb970d35ee, AssemblyLoadContext : Default)
         Assembly chargé pendant TaskRun (NuGet.Build.Tasks.RestoreTask) : System.Text.Encodings.Web, Version=9.0.0.0, Culture=neutral, PublicKeyToken=cc7b13ffcd2ddd51 (emplacement : C:\Program Files\dotnet\shared\Microsoft.NETCore.App\9.0.7\System.Text.Encodings.Web.dll, MVID : 1414a2fe-4288-4350-97f4-f96dcc9a21db, AssemblyLoadContext : Default)
         Les entrées de restauration pour 'DiversityPub' n'ont pas changé. Aucune autre action n'est nécessaire pour effectuer la restauration.
         Validation de la restauration...
         Le fichier d'actifs n'a pas changé. Écriture du fichier d'actifs ignorée. Chemin : C:\Users\kerne\Music\Apps\DiversityPub\obj\project.assets.json
         Restauration no-op. Le cache ne sera pas mis à jour. Chemin : C:\Users\kerne\Music\Apps\DiversityPub\obj\project.nuget.cache
         Assembly chargé pendant TaskRun (NuGet.Build.Tasks.RestoreTask) : NuGet.Common.resources, Version=6.14.0.116, Culture=fr, PublicKeyToken=31bf3856ad364e35, processorArchitecture=MSIL (emplacement : C:\Program Files\dotnet\sdk\9.0.302\fr\NuGet.Common.resources.dll, MVID : 78f01f0b-ccac-4b31-a5f5-c875488f8064, AssemblyLoadContext : MSBuild plugin C:\Program Files\dotnet\sdk\9.0.302\NuGet.Build.Tasks.dll)
         Restauration effectuée de C:\Users\kerne\Music\Apps\DiversityPub\DiversityPub.csproj (en 125 ms).
         
         Fichiers de configuration NuGet utilisés :
             C:\Users\kerne\AppData\Roaming\NuGet\NuGet.Config
             C:\Program Files (x86)\NuGet\Config\Microsoft.VisualStudio.FallbackLocation.config
             C:\Program Files (x86)\NuGet\Config\Microsoft.VisualStudio.Offline.config
         
         Flux utilisés :
             https://api.nuget.org/v3/index.json
             C:\Program Files (x86)\Microsoft SDKs\NuGetPackages\
             C:\Program Files\dotnet\library-packs
         Tous les projets sont à jour pour la restauration.
       Exécution de la tâche "RestoreTask" terminée.
     1>Génération de la cible "Restore" terminée dans le projet "DiversityPub.sln".
     1>Génération du projet "C:\Users\kerne\Music\Apps\DiversityPub\DiversityPub.sln" terminée (Restore cible(s)).
     0>C:\Users\kerne\Music\Apps\DiversityPub\DiversityPub.sln.metaproj : message : Propriété 'MSBuildExtensionsPath' avec la valeur 'C:\Program Files\dotnet\sdk\9.0.302\' développée à partir de l’environnement.
       C:\Program Files\dotnet\sdk\9.0.302\NuGet.targets(112,5): message : Réassignation de propriété : $(_GenerateRestoreGraphProjectEntryInputProperties)="
       C:\Program Files\dotnet\sdk\9.0.302\NuGet.targets(112,5): message :       ExcludeRestorePackageImports=true;
       C:\Program Files\dotnet\sdk\9.0.302\NuGet.targets(112,5): message :       _RestoreSolutionFileUsed=true;
       C:\Program Files\dotnet\sdk\9.0.302\NuGet.targets(112,5): message :       SolutionDir=C:\Users\kerne\Music\Apps\DiversityPub\;
       C:\Program Files\dotnet\sdk\9.0.302\NuGet.targets(112,5): message :       SolutionName=DiversityPub;
       C:\Program Files\dotnet\sdk\9.0.302\NuGet.targets(112,5): message :       SolutionFileName=DiversityPub.sln;
       C:\Program Files\dotnet\sdk\9.0.302\NuGet.targets(112,5): message :       SolutionPath=C:\Users\kerne\Music\Apps\DiversityPub\DiversityPub.sln;
       C:\Program Files\dotnet\sdk\9.0.302\NuGet.targets(112,5): message :       SolutionExt=.sln;
       C:\Program Files\dotnet\sdk\9.0.302\NuGet.targets(112,5): message :     " (valeur précédente : "ExcludeRestorePackageImports=true") à C:\Program Files\dotnet\sdk\9.0.302\NuGet.targets (112,5)
       La cible "Store" répertoriée dans un attribut BeforeTargets à "C:\Program Files\dotnet\sdk\9.0.302\Current\SolutionFile\ImportAfter\Microsoft.NET.Sdk.Solution.targets (33,11)" n'existe pas dans le projet et sera ignorée.
       La cible "VSTest" répertoriée dans un attribut BeforeTargets à "C:\Program Files\dotnet\sdk\9.0.302\Current\SolutionFile\ImportAfter\Microsoft.NET.Sdk.Solution.targets (33,11)" n'existe pas dans le projet et sera ignorée.
       La cible "_CheckForInvalidConfigurationAndPlatform" répertoriée dans un attribut BeforeTargets à "C:\Program Files\dotnet\sdk\9.0.302\NuGet.targets (711,11)" n'existe pas dans le projet et sera ignorée.
   1:2>Projet "C:\Users\kerne\Music\Apps\DiversityPub\DiversityPub.sln" sur le nœud 1 (cibles par défaut).
   1:2>Cible "ValidateSolutionConfiguration" dans le fichier "C:\Users\kerne\Music\Apps\DiversityPub\DiversityPub.sln.metaproj" du projet "C:\Users\kerne\Music\Apps\DiversityPub\DiversityPub.sln" (point d'entrée) :
   1:2>Tâche "Error" ignorée en raison d'une fausse condition ; (('$(CurrentSolutionConfigurationContents)' == '') and ('$(SkipInvalidConfigurations)' != 'true')) a été évaluée comme (('<SolutionConfiguration>
  <ProjectConfiguration Project="{F46F34F1-DA9C-4A71-8A4C-E99D23277B54}" AbsolutePath="C:\Users\kerne\Music\Apps\DiversityPub\DiversityPub.csproj" BuildProjectInSolution="True">Debug|AnyCPU</ProjectConfiguration>
</SolutionConfiguration>' == '') and ('' != 'true')).
       Tâche "Warning" ignorée en raison d'une fausse condition ; (('$(CurrentSolutionConfigurationContents)' == '') and ('$(SkipInvalidConfigurations)' == 'true')) a été évaluée comme (('<SolutionConfiguration>
         <ProjectConfiguration Project="{F46F34F1-DA9C-4A71-8A4C-E99D23277B54}" AbsolutePath="C:\Users\kerne\Music\Apps\DiversityPub\DiversityPub.csproj" BuildProjectInSolution="True">Debug|AnyCPU</ProjectConfiguration>
       </SolutionConfiguration>' == '') and ('' == 'true')).
       Utilisation de la tâche "Message" à partir de l'assembly "Microsoft.Build.Tasks.Core, Version=15.1.0.0, Culture=neutral, PublicKeyToken=b03f5f7f11d50a3a".
       Tâche "Message"
         Génération de la configuration de solution "Debug|Any CPU".
       Exécution de la tâche "Message" terminée.
   1:2>Génération de la cible "ValidateSolutionConfiguration" terminée dans le projet "DiversityPub.sln".
   1:2>Cible "ValidateToolsVersions" dans le fichier "C:\Users\kerne\Music\Apps\DiversityPub\DiversityPub.sln.metaproj" du projet "C:\Users\kerne\Music\Apps\DiversityPub\DiversityPub.sln" (point d'entrée) :
       Tâche "Error" ignorée en raison d'une fausse condition ; ('$(MSBuildToolsVersion)' == '2.0' and ('$(ProjectToolsVersion)' != '2.0' and '$(ProjectToolsVersion)' != '')) a été évaluée comme ('Current' == '2.0' and ('' != '2.0' and '' != '')).
   1:2>Génération de la cible "ValidateToolsVersions" terminée dans le projet "DiversityPub.sln".
   1:2>Cible "ValidateProjects" dans le fichier "C:\Users\kerne\Music\Apps\DiversityPub\DiversityPub.sln.metaproj" du projet "C:\Users\kerne\Music\Apps\DiversityPub\DiversityPub.sln" (point d'entrée) :
   1:2>Génération de la cible "ValidateProjects" terminée dans le projet "DiversityPub.sln".
       Cible "_CheckForSolutionLevelRuntimeIdentifier" ignorée en raison d'une fausse condition ; ('$(RuntimeIdentifier)' != '') a été évaluée comme ('' != '').
       Cible "_CheckForSolutionLevelOutputPath" ignorée en raison d'une fausse condition ; ('$(_CommandLineDefinedOutputPath)' == 'true') a été évaluée comme ('' == 'true').
   1:2>Cible "Build" dans le fichier "C:\Users\kerne\Music\Apps\DiversityPub\DiversityPub.sln.metaproj" du projet "C:\Users\kerne\Music\Apps\DiversityPub\DiversityPub.sln" (point d'entrée) :
       Utilisation de la tâche "MSBuild" à partir de l'assembly "Microsoft.Build.Tasks.Core, Version=15.1.0.0, Culture=neutral, PublicKeyToken=b03f5f7f11d50a3a".
       Tâche "MSBuild"
         Propriétés globales :
           BuildingSolutionFile=true
           CurrentSolutionConfigurationContents=<SolutionConfiguration>
           <ProjectConfiguration Project="{F46F34F1-DA9C-4A71-8A4C-E99D23277B54}" AbsolutePath="C:\Users\kerne\Music\Apps\DiversityPub\DiversityPub.csproj" BuildProjectInSolution="True">Debug|AnyCPU</ProjectConfiguration>
         </SolutionConfiguration>
           SolutionDir=C:\Users\kerne\Music\Apps\DiversityPub\
           SolutionExt=.sln
           SolutionFileName=DiversityPub.sln
           SolutionName=DiversityPub
           SolutionPath=C:\Users\kerne\Music\Apps\DiversityPub\DiversityPub.sln
         Propriétés supplémentaires du projet "C:\Users\kerne\Music\Apps\DiversityPub\DiversityPub.csproj":
           Configuration=Debug
           Platform=AnyCPU
     0>Le « Microsoft.NET.Sdk.Web » SDK a été résolu par le programme de résolution de « DefaultSdkResolver » en « C:\Program Files\dotnet\sdk\9.0.302\Sdks\Microsoft.NET.Sdk.Web\Sdk » d’emplacement et en version «  ».
       Le « Microsoft.NET.Sdk » SDK a été résolu par le programme de résolution de « DefaultSdkResolver » en « C:\Program Files\dotnet\sdk\9.0.302\Sdks\Microsoft.NET.Sdk\Sdk » d’emplacement et en version «  ».
       C:\Program Files\dotnet\sdk\9.0.302\Sdks\Microsoft.NET.Sdk\Sdk\Sdk.props(49,11): message : Propriété 'MSBuildExtensionsPath' avec la valeur 'C:\Program Files\dotnet\sdk\9.0.302\' développée à partir de l’environnement.
       C:\Program Files\dotnet\sdk\9.0.302\Current\Microsoft.Common.props(60,5): message : Réassignation de propriété : $(MSBuildProjectExtensionsPath)="C:\Users\kerne\Music\Apps\DiversityPub\obj\" (valeur précédente : "obj\") à C:\Program Files\dotnet\sdk\9.0.302\Current\Microsoft.Common.props (60,5)
       C:\Users\kerne\Music\Apps\DiversityPub\obj\DiversityPub.csproj.nuget.g.props(7,5): message : Propriété 'USERPROFILE' avec la valeur 'C:\Users\kerne' développée à partir de l’environnement.
       C:\Program Files\dotnet\sdk\9.0.302\Current\Microsoft.Common.props(84,119): message : Propriété 'MSBuildUserExtensionsPath' avec la valeur 'C:\Users\kerne\AppData\Local\Microsoft\MSBuild' développée à partir de l’environnement.
       La propriété "Configuration" est une propriété globale et elle ne peut pas être modifiée.
       La propriété "Platform" est une propriété globale et elle ne peut pas être modifiée.
       La propriété "Configuration" est une propriété globale et elle ne peut pas être modifiée.
       La propriété "Platform" est une propriété globale et elle ne peut pas être modifiée.
       C:\Program Files\dotnet\sdk\9.0.302\Sdks\Microsoft.NET.Sdk\targets\Microsoft.NET.Sdk.props(90,5): message : Réassignation de propriété : $(AssemblySearchPaths)="{CandidateAssemblyFiles};{HintPathFromItem}" (valeur précédente : "{CandidateAssemblyFiles}") à C:\Program Files\dotnet\sdk\9.0.302\Sdks\Microsoft.NET.Sdk\targets\Microsoft.NET.Sdk.props (90,5)
       C:\Program Files\dotnet\sdk\9.0.302\Sdks\Microsoft.NET.Sdk\targets\Microsoft.NET.Sdk.props(91,5): message : Réassignation de propriété : $(AssemblySearchPaths)="{CandidateAssemblyFiles};{HintPathFromItem};{TargetFrameworkDirectory}" (valeur précédente : "{CandidateAssemblyFiles};{HintPathFromItem}") à C:\Program Files\dotnet\sdk\9.0.302\Sdks\Microsoft.NET.Sdk\targets\Microsoft.NET.Sdk.props (91,5)
       C:\Program Files\dotnet\sdk\9.0.302\Sdks\Microsoft.NET.Sdk\targets\Microsoft.NET.Sdk.props(92,5): message : Réassignation de propriété : $(AssemblySearchPaths)="{CandidateAssemblyFiles};{HintPathFromItem};{TargetFrameworkDirectory};{RawFileName}" (valeur précédente : "{CandidateAssemblyFiles};{HintPathFromItem};{TargetFrameworkDirectory}") à C:\Program Files\dotnet\sdk\9.0.302\Sdks\Microsoft.NET.Sdk\targets\Microsoft.NET.Sdk.props (92,5)
       Le programme de résolution « DefaultSdkResolver » a tenté de résoudre le SDK « Microsoft.NET.SDK.WorkloadAutoImportPropsLocator ».
       Avertissements : null
       Erreurs : MSB4276: Le programme de résolution du SDK par défaut n’a pas pu résoudre le SDK «Microsoft.NET.SDK.WorkloadAutoImportPropsLocator», car le répertoire «C:\Program Files\dotnet\sdk\9.0.302\Sdks\Microsoft.NET.SDK.WorkloadAutoImportPropsLocator\Sdk» n’existait pas.
       Le « Microsoft.NET.SDK.WorkloadAutoImportPropsLocator » SDK a été résolu par le programme de résolution de « Microsoft.DotNet.MSBuildWorkloadSdkResolver » en « C:\Program Files\dotnet\packs\Microsoft.Android.Sdk.Windows\35.0.78\Sdk » d’emplacement et en version « null ».
       C:\Program Files\dotnet\sdk\9.0.302\Sdks\Microsoft.NET.Sdk\targets\Microsoft.NET.PackProjectTool.props(15,5): message : Réassignation de propriété : $(TargetsForTfmSpecificContentInPackage)=";PackTool;_PackProjectToolValidation" (valeur précédente : ";PackTool") à C:\Program Files\dotnet\sdk\9.0.302\Sdks\Microsoft.NET.Sdk\targets\Microsoft.NET.PackProjectTool.props (15,5)
       Le « Microsoft.NET.Sdk.Razor » SDK a été résolu par le programme de résolution de « DefaultSdkResolver » en « C:\Program Files\dotnet\sdk\9.0.302\Sdks\Microsoft.NET.Sdk.Razor\Sdk » d’emplacement et en version «  ».
       Le « Microsoft.NET.Sdk.StaticWebAssets » SDK a été résolu par le programme de résolution de « DefaultSdkResolver » en « C:\Program Files\dotnet\sdk\9.0.302\Sdks\Microsoft.NET.Sdk.StaticWebAssets\Sdk » d’emplacement et en version «  ».
       C:\Program Files\dotnet\sdk\9.0.302\Sdks\Microsoft.NET.Sdk.StaticWebAssets\Sdk\Sdk.StaticWebAssets.StaticAssets.ProjectSystem.props(23,5): message : Réassignation de propriété : $(DefaultItemExcludes)=";**\node_modules\**;node_modules\**;**\jspm_packages\**;jspm_packages\**" (valeur précédente : ";**\node_modules\**;node_modules\**") à C:\Program Files\dotnet\sdk\9.0.302\Sdks\Microsoft.NET.Sdk.StaticWebAssets\Sdk\Sdk.StaticWebAssets.StaticAssets.ProjectSystem.props (23,5)
       C:\Program Files\dotnet\sdk\9.0.302\Sdks\Microsoft.NET.Sdk.StaticWebAssets\Sdk\Sdk.StaticWebAssets.StaticAssets.ProjectSystem.props(24,5): message : Réassignation de propriété : $(DefaultItemExcludes)=";**\node_modules\**;node_modules\**;**\jspm_packages\**;jspm_packages\**;**\bower_components\**;bower_components\**" (valeur précédente : ";**\node_modules\**;node_modules\**;**\jspm_packages\**;jspm_packages\**") à C:\Program Files\dotnet\sdk\9.0.302\Sdks\Microsoft.NET.Sdk.StaticWebAssets\Sdk\Sdk.StaticWebAssets.StaticAssets.ProjectSystem.props (24,5)
       C:\Program Files\dotnet\sdk\9.0.302\Sdks\Microsoft.NET.Sdk.StaticWebAssets\Sdk\Sdk.StaticWebAssets.StaticAssets.ProjectSystem.props(25,5): message : Réassignation de propriété : $(DefaultItemExcludes)=";**\node_modules\**;node_modules\**;**\jspm_packages\**;jspm_packages\**;**\bower_components\**;bower_components\**;**\packages.lock.json" (valeur précédente : ";**\node_modules\**;node_modules\**;**\jspm_packages\**;jspm_packages\**;**\bower_components\**;bower_components\**") à C:\Program Files\dotnet\sdk\9.0.302\Sdks\Microsoft.NET.Sdk.StaticWebAssets\Sdk\Sdk.StaticWebAssets.StaticAssets.ProjectSystem.props (25,5)
       Le « Microsoft.NET.Sdk.Web.ProjectSystem » SDK a été résolu par le programme de résolution de « DefaultSdkResolver » en « C:\Program Files\dotnet\sdk\9.0.302\Sdks\Microsoft.NET.Sdk.Web.ProjectSystem\Sdk » d’emplacement et en version «  ».
       C:\Program Files\dotnet\sdk\9.0.302\Sdks\Microsoft.NET.Sdk.Web.ProjectSystem\targets\Microsoft.NET.Sdk.Web.ProjectSystem.props(16,5): message : Réassignation de propriété : $(OutputType)="Exe" (valeur précédente : "Library") à C:\Program Files\dotnet\sdk\9.0.302\Sdks\Microsoft.NET.Sdk.Web.ProjectSystem\targets\Microsoft.NET.Sdk.Web.ProjectSystem.props (16,5)
       Le « Microsoft.NET.Sdk.Publish » SDK a été résolu par le programme de résolution de « DefaultSdkResolver » en « C:\Program Files\dotnet\sdk\9.0.302\Sdks\Microsoft.NET.Sdk.Publish\Sdk » d’emplacement et en version «  ».
       La propriété "Configuration" est une propriété globale et elle ne peut pas être modifiée.
       La propriété "Platform" est une propriété globale et elle ne peut pas être modifiée.
       C:\Program Files\dotnet\sdk\9.0.302\Sdks\Microsoft.NET.Sdk\targets\Microsoft.NET.Sdk.ImportPublishProfile.targets(28,5): message : Réassignation de propriété : $(PublishProfileImported)="false" (valeur précédente : "true") à C:\Program Files\dotnet\sdk\9.0.302\Sdks\Microsoft.NET.Sdk\targets\Microsoft.NET.Sdk.ImportPublishProfile.targets (28,5)
       C:\Program Files\dotnet\sdk\9.0.302\Sdks\Microsoft.NET.Sdk\targets\Microsoft.NET.TargetFrameworkInference.targets(69,5): message : Réassignation de propriété : $(TargetPlatformVersion)="" (valeur précédente : "0.0") à C:\Program Files\dotnet\sdk\9.0.302\Sdks\Microsoft.NET.Sdk\targets\Microsoft.NET.TargetFrameworkInference.targets (69,5)
       C:\Program Files\dotnet\sdk\9.0.302\Sdks\Microsoft.NET.Sdk\targets\Microsoft.NET.DefaultOutputPaths.targets(121,5): message : Réassignation de propriété : $(DefaultItemExcludes)=";**\node_modules\**;node_modules\**;**\jspm_packages\**;jspm_packages\**;**\bower_components\**;bower_components\**;**\packages.lock.json;bin\Debug\/**" (valeur précédente : ";**\node_modules\**;node_modules\**;**\jspm_packages\**;jspm_packages\**;**\bower_components\**;bower_components\**;**\packages.lock.json") à C:\Program Files\dotnet\sdk\9.0.302\Sdks\Microsoft.NET.Sdk\targets\Microsoft.NET.DefaultOutputPaths.targets (121,5)
       C:\Program Files\dotnet\sdk\9.0.302\Sdks\Microsoft.NET.Sdk\targets\Microsoft.NET.DefaultOutputPaths.targets(122,5): message : Réassignation de propriété : $(DefaultItemExcludes)=";**\node_modules\**;node_modules\**;**\jspm_packages\**;jspm_packages\**;**\bower_components\**;bower_components\**;**\packages.lock.json;bin\Debug\/**;obj\Debug\/**" (valeur précédente : ";**\node_modules\**;node_modules\**;**\jspm_packages\**;jspm_packages\**;**\bower_components\**;bower_components\**;**\packages.lock.json;bin\Debug\/**") à C:\Program Files\dotnet\sdk\9.0.302\Sdks\Microsoft.NET.Sdk\targets\Microsoft.NET.DefaultOutputPaths.targets (122,5)
       C:\Program Files\dotnet\sdk\9.0.302\Sdks\Microsoft.NET.Sdk\targets\Microsoft.NET.DefaultOutputPaths.targets(137,5): message : Réassignation de propriété : $(OutputPath)="bin\Debug\net8.0\" (valeur précédente : "bin\Debug\") à C:\Program Files\dotnet\sdk\9.0.302\Sdks\Microsoft.NET.Sdk\targets\Microsoft.NET.DefaultOutputPaths.targets (137,5)
       C:\Program Files\dotnet\sdk\9.0.302\Sdks\Microsoft.NET.Sdk\targets\Microsoft.NET.DefaultOutputPaths.targets(142,5): message : Réassignation de propriété : $(IntermediateOutputPath)="obj\Debug\net8.0\" (valeur précédente : "obj\Debug\") à C:\Program Files\dotnet\sdk\9.0.302\Sdks\Microsoft.NET.Sdk\targets\Microsoft.NET.DefaultOutputPaths.targets (142,5)
       Le programme de résolution « DefaultSdkResolver » a tenté de résoudre le SDK « Microsoft.NET.SDK.WorkloadManifestTargetsLocator ».
       Avertissements : null
       Erreurs : MSB4276: Le programme de résolution du SDK par défaut n’a pas pu résoudre le SDK «Microsoft.NET.SDK.WorkloadManifestTargetsLocator», car le répertoire «C:\Program Files\dotnet\sdk\9.0.302\Sdks\Microsoft.NET.SDK.WorkloadManifestTargetsLocator\Sdk» n’existait pas.
       Le « Microsoft.NET.SDK.WorkloadManifestTargetsLocator » SDK a été résolu par le programme de résolution de « Microsoft.DotNet.MSBuildWorkloadSdkResolver » en « C:\Program Files\dotnet\sdk-manifests\9.0.100\microsoft.net.sdk.android\35.0.78 » d’emplacement et en version « null ».
       C:\Program Files\dotnet\sdk\9.0.302\Sdks\Microsoft.NET.Sdk\targets\Microsoft.NET.Sdk.BeforeCommon.targets(187,5): message : Réassignation de propriété : $(_FrameworkIdentifierForImplicitDefine)="NET" (valeur précédente : "NETCOREAPP") à C:\Program Files\dotnet\sdk\9.0.302\Sdks\Microsoft.NET.Sdk\targets\Microsoft.NET.Sdk.BeforeCommon.targets (187,5)
       C:\Program Files\dotnet\sdk\9.0.302\Sdks\Microsoft.NET.Sdk\targets\Microsoft.NET.Sdk.BeforeCommon.targets(192,5): message : Réassignation de propriété : $(_FrameworkVersionForImplicitDefine)="8_0" (valeur précédente : "8.0") à C:\Program Files\dotnet\sdk\9.0.302\Sdks\Microsoft.NET.Sdk\targets\Microsoft.NET.Sdk.BeforeCommon.targets (192,5)
       C:\Program Files\dotnet\sdk\9.0.302\Roslyn\Microsoft.CSharp.Core.targets(200,5): message : Réassignation de propriété : $(CommandLineArgsForDesignTimeEvaluation)="-langversion:12.0 -define:TRACE" (valeur précédente : "-langversion:12.0") à C:\Program Files\dotnet\sdk\9.0.302\Roslyn\Microsoft.CSharp.Core.targets (200,5)
       La propriété "Platform" est une propriété globale et elle ne peut pas être modifiée.
       La propriété "Configuration" est une propriété globale et elle ne peut pas être modifiée.
       C:\Program Files\dotnet\sdk\9.0.302\Microsoft.Common.CurrentVersion.targets(175,5): message : Réassignation de propriété : $(_DebugSymbolsProduced)="true" (valeur précédente : "false") à C:\Program Files\dotnet\sdk\9.0.302\Microsoft.Common.CurrentVersion.targets (175,5)
       C:\Program Files\dotnet\sdk\9.0.302\Microsoft.Common.CurrentVersion.targets(185,5): message : Réassignation de propriété : $(_DocumentationFileProduced)="false" (valeur précédente : "true") à C:\Program Files\dotnet\sdk\9.0.302\Microsoft.Common.CurrentVersion.targets (185,5)
       La propriété "SolutionName" est une propriété globale et elle ne peut pas être modifiée.
       La propriété "SolutionFileName" est une propriété globale et elle ne peut pas être modifiée.
       La propriété "SolutionPath" est une propriété globale et elle ne peut pas être modifiée.
       La propriété "SolutionDir" est une propriété globale et elle ne peut pas être modifiée.
       La propriété "SolutionExt" est une propriété globale et elle ne peut pas être modifiée.
       C:\Program Files\dotnet\sdk\9.0.302\Microsoft.Common.CurrentVersion.targets(392,5): message : Réassignation de propriété : $(MSBuildCopyMarkerName)="Diversit.B25E4754" (valeur précédente : "DiversityPub.csproj") à C:\Program Files\dotnet\sdk\9.0.302\Microsoft.Common.CurrentVersion.targets (392,5)
       C:\Program Files\dotnet\sdk\9.0.302\Microsoft.Common.CurrentVersion.targets(393,5): message : Réassignation de propriété : $(MSBuildCopyMarkerName)="Diversit.B25E4754.Up2Date" (valeur précédente : "Diversit.B25E4754") à C:\Program Files\dotnet\sdk\9.0.302\Microsoft.Common.CurrentVersion.targets (393,5)
       C:\Program Files\dotnet\sdk\9.0.302\Microsoft.Common.CurrentVersion.targets(541,5): message : Réassignation de propriété : $(ProcessorArchitecture)="msil" (valeur précédente : "") à C:\Program Files\dotnet\sdk\9.0.302\Microsoft.Common.CurrentVersion.targets (541,5)
       C:\Program Files\dotnet\sdk\9.0.302\Microsoft.Common.CurrentVersion.targets(580,5): message : Réassignation de propriété : $(DelaySign)="" (valeur précédente : "false") à C:\Program Files\dotnet\sdk\9.0.302\Microsoft.Common.CurrentVersion.targets (580,5)
       C:\Program Files\dotnet\sdk\9.0.302\Microsoft.Common.CurrentVersion.targets(2620,5): message : Propriété 'LOCALAPPDATA' avec la valeur 'C:\Users\kerne\AppData\Local' développée à partir de l’environnement.
       C:\Program Files\dotnet\sdk\9.0.302\Microsoft.Common.CurrentVersion.targets(3948,5): message : Réassignation de propriété : $(_SGenGenerateSerializationAssembliesConfig)="Auto" (valeur précédente : "") à C:\Program Files\dotnet\sdk\9.0.302\Microsoft.Common.CurrentVersion.targets (3948,5)
       C:\Program Files\dotnet\sdk\9.0.302\Microsoft.Common.CurrentVersion.targets(3949,5): message : Réassignation de propriété : $(_SGenGenerateSerializationAssembliesConfig)="Off" (valeur précédente : "Auto") à C:\Program Files\dotnet\sdk\9.0.302\Microsoft.Common.CurrentVersion.targets (3949,5)
       C:\Program Files\dotnet\sdk\9.0.302\Microsoft.Common.CurrentVersion.targets(5160,5): message : Réassignation de propriété : $(_TargetsThatPrepareProjectReferences)="
       C:\Program Files\dotnet\sdk\9.0.302\Microsoft.Common.CurrentVersion.targets(5160,5): message :       AssignProjectConfiguration;
       C:\Program Files\dotnet\sdk\9.0.302\Microsoft.Common.CurrentVersion.targets(5160,5): message :       _SplitProjectReferencesByFileExistence
       C:\Program Files\dotnet\sdk\9.0.302\Microsoft.Common.CurrentVersion.targets(5160,5): message :     " (valeur précédente : "_SplitProjectReferencesByFileExistence") à C:\Program Files\dotnet\sdk\9.0.302\Microsoft.Common.CurrentVersion.targets (5160,5)
       C:\Program Files\dotnet\sdk\9.0.302\Microsoft.Common.CurrentVersion.targets(6955,5): message : Propriété 'MSBuildExtensionsPath32' avec la valeur 'C:\Program Files\dotnet\sdk\9.0.302' développée à partir de l’environnement.
       C:\Program Files\dotnet\sdk\9.0.302\Sdks\Microsoft.NET.Sdk\targets\Microsoft.PackageDependencyResolution.targets(29,5): message : Réassignation de propriété : $(ProjectAssetsCacheFile)="C:\Users\kerne\Music\Apps\DiversityPub\obj\Debug\net8.0\DiversityPub.assets.cache" (valeur précédente : "obj\Debug\net8.0\DiversityPub.assets.cache") à C:\Program Files\dotnet\sdk\9.0.302\Sdks\Microsoft.NET.Sdk\targets\Microsoft.PackageDependencyResolution.targets (29,5)
       C:\Program Files\dotnet\sdk\9.0.302\Sdks\Microsoft.NET.Sdk\targets\Microsoft.PackageDependencyResolution.targets(80,5): message : Réassignation de propriété : $(ResolveAssemblyReferencesDependsOn)="
       C:\Program Files\dotnet\sdk\9.0.302\Sdks\Microsoft.NET.Sdk\targets\Microsoft.PackageDependencyResolution.targets(80,5): message :       
       C:\Program Files\dotnet\sdk\9.0.302\Sdks\Microsoft.NET.Sdk\targets\Microsoft.PackageDependencyResolution.targets(80,5): message :       ResolveProjectReferences;
       C:\Program Files\dotnet\sdk\9.0.302\Sdks\Microsoft.NET.Sdk\targets\Microsoft.PackageDependencyResolution.targets(80,5): message :       FindInvalidProjectReferences;
       C:\Program Files\dotnet\sdk\9.0.302\Sdks\Microsoft.NET.Sdk\targets\Microsoft.PackageDependencyResolution.targets(80,5): message :       GetFrameworkPaths;
       C:\Program Files\dotnet\sdk\9.0.302\Sdks\Microsoft.NET.Sdk\targets\Microsoft.PackageDependencyResolution.targets(80,5): message :       GetReferenceAssemblyPaths;
       C:\Program Files\dotnet\sdk\9.0.302\Sdks\Microsoft.NET.Sdk\targets\Microsoft.PackageDependencyResolution.targets(80,5): message :       PrepareForBuild;
       C:\Program Files\dotnet\sdk\9.0.302\Sdks\Microsoft.NET.Sdk\targets\Microsoft.PackageDependencyResolution.targets(80,5): message :       ResolveSDKReferences;
       C:\Program Files\dotnet\sdk\9.0.302\Sdks\Microsoft.NET.Sdk\targets\Microsoft.PackageDependencyResolution.targets(80,5): message :       ExpandSDKReferences;
       C:\Program Files\dotnet\sdk\9.0.302\Sdks\Microsoft.NET.Sdk\targets\Microsoft.PackageDependencyResolution.targets(80,5): message :     ;
       C:\Program Files\dotnet\sdk\9.0.302\Sdks\Microsoft.NET.Sdk\targets\Microsoft.PackageDependencyResolution.targets(80,5): message :       ResolvePackageDependenciesForBuild;
       C:\Program Files\dotnet\sdk\9.0.302\Sdks\Microsoft.NET.Sdk\targets\Microsoft.PackageDependencyResolution.targets(80,5): message :       _HandlePackageFileConflicts;
       C:\Program Files\dotnet\sdk\9.0.302\Sdks\Microsoft.NET.Sdk\targets\Microsoft.PackageDependencyResolution.targets(80,5): message :     " (valeur précédente : "
       C:\Program Files\dotnet\sdk\9.0.302\Sdks\Microsoft.NET.Sdk\targets\Microsoft.PackageDependencyResolution.targets(80,5): message :       ResolveProjectReferences;
       C:\Program Files\dotnet\sdk\9.0.302\Sdks\Microsoft.NET.Sdk\targets\Microsoft.PackageDependencyResolution.targets(80,5): message :       FindInvalidProjectReferences;
       C:\Program Files\dotnet\sdk\9.0.302\Sdks\Microsoft.NET.Sdk\targets\Microsoft.PackageDependencyResolution.targets(80,5): message :       GetFrameworkPaths;
       C:\Program Files\dotnet\sdk\9.0.302\Sdks\Microsoft.NET.Sdk\targets\Microsoft.PackageDependencyResolution.targets(80,5): message :       GetReferenceAssemblyPaths;
       C:\Program Files\dotnet\sdk\9.0.302\Sdks\Microsoft.NET.Sdk\targets\Microsoft.PackageDependencyResolution.targets(80,5): message :       PrepareForBuild;
       C:\Program Files\dotnet\sdk\9.0.302\Sdks\Microsoft.NET.Sdk\targets\Microsoft.PackageDependencyResolution.targets(80,5): message :       ResolveSDKReferences;
       C:\Program Files\dotnet\sdk\9.0.302\Sdks\Microsoft.NET.Sdk\targets\Microsoft.PackageDependencyResolution.targets(80,5): message :       ExpandSDKReferences;
       C:\Program Files\dotnet\sdk\9.0.302\Sdks\Microsoft.NET.Sdk\targets\Microsoft.PackageDependencyResolution.targets(80,5): message :     ") à C:\Program Files\dotnet\sdk\9.0.302\Sdks\Microsoft.NET.Sdk\targets\Microsoft.PackageDependencyResolution.targets (80,5)
       C:\Program Files\dotnet\sdk\9.0.302\Sdks\Microsoft.NET.Sdk\targets\Microsoft.PackageDependencyResolution.targets(86,5): message : Réassignation de propriété : $(PrepareResourcesDependsOn)="
       C:\Program Files\dotnet\sdk\9.0.302\Sdks\Microsoft.NET.Sdk\targets\Microsoft.PackageDependencyResolution.targets(86,5): message :       ResolvePackageDependenciesForBuild;
       C:\Program Files\dotnet\sdk\9.0.302\Sdks\Microsoft.NET.Sdk\targets\Microsoft.PackageDependencyResolution.targets(86,5): message :       _HandlePackageFileConflicts;
       C:\Program Files\dotnet\sdk\9.0.302\Sdks\Microsoft.NET.Sdk\targets\Microsoft.PackageDependencyResolution.targets(86,5): message :       
       C:\Program Files\dotnet\sdk\9.0.302\Sdks\Microsoft.NET.Sdk\targets\Microsoft.PackageDependencyResolution.targets(86,5): message :       ;
       C:\Program Files\dotnet\sdk\9.0.302\Sdks\Microsoft.NET.Sdk\targets\Microsoft.PackageDependencyResolution.targets(86,5): message :       PrepareResourceNames;
       C:\Program Files\dotnet\sdk\9.0.302\Sdks\Microsoft.NET.Sdk\targets\Microsoft.PackageDependencyResolution.targets(86,5): message :       ResGen;
       C:\Program Files\dotnet\sdk\9.0.302\Sdks\Microsoft.NET.Sdk\targets\Microsoft.PackageDependencyResolution.targets(86,5): message :       CompileLicxFiles
       C:\Program Files\dotnet\sdk\9.0.302\Sdks\Microsoft.NET.Sdk\targets\Microsoft.PackageDependencyResolution.targets(86,5): message :     
       C:\Program Files\dotnet\sdk\9.0.302\Sdks\Microsoft.NET.Sdk\targets\Microsoft.PackageDependencyResolution.targets(86,5): message :     " (valeur précédente : "
       C:\Program Files\dotnet\sdk\9.0.302\Sdks\Microsoft.NET.Sdk\targets\Microsoft.PackageDependencyResolution.targets(86,5): message :       ;
       C:\Program Files\dotnet\sdk\9.0.302\Sdks\Microsoft.NET.Sdk\targets\Microsoft.PackageDependencyResolution.targets(86,5): message :       PrepareResourceNames;
       C:\Program Files\dotnet\sdk\9.0.302\Sdks\Microsoft.NET.Sdk\targets\Microsoft.PackageDependencyResolution.targets(86,5): message :       ResGen;
       C:\Program Files\dotnet\sdk\9.0.302\Sdks\Microsoft.NET.Sdk\targets\Microsoft.PackageDependencyResolution.targets(86,5): message :       CompileLicxFiles
       C:\Program Files\dotnet\sdk\9.0.302\Sdks\Microsoft.NET.Sdk\targets\Microsoft.PackageDependencyResolution.targets(86,5): message :     ") à C:\Program Files\dotnet\sdk\9.0.302\Sdks\Microsoft.NET.Sdk\targets\Microsoft.PackageDependencyResolution.targets (86,5)
       C:\Program Files\dotnet\sdk\9.0.302\Sdks\Microsoft.NET.Sdk\targets\Microsoft.NET.Sdk.DefaultItems.targets(27,5): message : Réassignation de propriété : $(DefaultItemExcludes)=";**\node_modules\**;node_modules\**;**\jspm_packages\**;jspm_packages\**;**\bower_components\**;bower_components\**;**\packages.lock.json;bin\Debug\/**;obj\Debug\/**;bin\/**" (valeur précédente : ";**\node_modules\**;node_modules\**;**\jspm_packages\**;jspm_packages\**;**\bower_components\**;bower_components\**;**\packages.lock.json;bin\Debug\/**;obj\Debug\/**") à C:\Program Files\dotnet\sdk\9.0.302\Sdks\Microsoft.NET.Sdk\targets\Microsoft.NET.Sdk.DefaultItems.targets (27,5)
       C:\Program Files\dotnet\sdk\9.0.302\Sdks\Microsoft.NET.Sdk\targets\Microsoft.NET.Sdk.DefaultItems.targets(29,5): message : Réassignation de propriété : $(DefaultItemExcludes)=";**\node_modules\**;node_modules\**;**\jspm_packages\**;jspm_packages\**;**\bower_components\**;bower_components\**;**\packages.lock.json;bin\Debug\/**;obj\Debug\/**;bin\/**;obj\/**" (valeur précédente : ";**\node_modules\**;node_modules\**;**\jspm_packages\**;jspm_packages\**;**\bower_components\**;bower_components\**;**\packages.lock.json;bin\Debug\/**;obj\Debug\/**;bin\/**") à C:\Program Files\dotnet\sdk\9.0.302\Sdks\Microsoft.NET.Sdk\targets\Microsoft.NET.Sdk.DefaultItems.targets (29,5)
       C:\Program Files\dotnet\sdk\9.0.302\Sdks\Microsoft.NET.Sdk\targets\Microsoft.NET.Sdk.DefaultItems.targets(32,5): message : Réassignation de propriété : $(DefaultItemExcludes)=";**\node_modules\**;node_modules\**;**\jspm_packages\**;jspm_packages\**;**\bower_components\**;bower_components\**;**\packages.lock.json;bin\Debug\/**;obj\Debug\/**;bin\/**;obj\/**;**/*.user" (valeur précédente : ";**\node_modules\**;node_modules\**;**\jspm_packages\**;jspm_packages\**;**\bower_components\**;bower_components\**;**\packages.lock.json;bin\Debug\/**;obj\Debug\/**;bin\/**;obj\/**") à C:\Program Files\dotnet\sdk\9.0.302\Sdks\Microsoft.NET.Sdk\targets\Microsoft.NET.Sdk.DefaultItems.targets (32,5)
       C:\Program Files\dotnet\sdk\9.0.302\Sdks\Microsoft.NET.Sdk\targets\Microsoft.NET.Sdk.DefaultItems.targets(33,5): message : Réassignation de propriété : $(DefaultItemExcludes)=";**\node_modules\**;node_modules\**;**\jspm_packages\**;jspm_packages\**;**\bower_components\**;bower_components\**;**\packages.lock.json;bin\Debug\/**;obj\Debug\/**;bin\/**;obj\/**;**/*.user;**/*.*proj" (valeur précédente : ";**\node_modules\**;node_modules\**;**\jspm_packages\**;jspm_packages\**;**\bower_components\**;bower_components\**;**\packages.lock.json;bin\Debug\/**;obj\Debug\/**;bin\/**;obj\/**;**/*.user") à C:\Program Files\dotnet\sdk\9.0.302\Sdks\Microsoft.NET.Sdk\targets\Microsoft.NET.Sdk.DefaultItems.targets (33,5)
       C:\Program Files\dotnet\sdk\9.0.302\Sdks\Microsoft.NET.Sdk\targets\Microsoft.NET.Sdk.DefaultItems.targets(34,5): message : Réassignation de propriété : $(DefaultItemExcludes)=";**\node_modules\**;node_modules\**;**\jspm_packages\**;jspm_packages\**;**\bower_components\**;bower_components\**;**\packages.lock.json;bin\Debug\/**;obj\Debug\/**;bin\/**;obj\/**;**/*.user;**/*.*proj;**/*.sln" (valeur précédente : ";**\node_modules\**;node_modules\**;**\jspm_packages\**;jspm_packages\**;**\bower_components\**;bower_components\**;**\packages.lock.json;bin\Debug\/**;obj\Debug\/**;bin\/**;obj\/**;**/*.user;**/*.*proj") à C:\Program Files\dotnet\sdk\9.0.302\Sdks\Microsoft.NET.Sdk\targets\Microsoft.NET.Sdk.DefaultItems.targets (34,5)
       C:\Program Files\dotnet\sdk\9.0.302\Sdks\Microsoft.NET.Sdk\targets\Microsoft.NET.Sdk.DefaultItems.targets(35,5): message : Réassignation de propriété : $(DefaultItemExcludes)=";**\node_modules\**;node_modules\**;**\jspm_packages\**;jspm_packages\**;**\bower_components\**;bower_components\**;**\packages.lock.json;bin\Debug\/**;obj\Debug\/**;bin\/**;obj\/**;**/*.user;**/*.*proj;**/*.sln;**/*.slnx" (valeur précédente : ";**\node_modules\**;node_modules\**;**\jspm_packages\**;jspm_packages\**;**\bower_components\**;bower_components\**;**\packages.lock.json;bin\Debug\/**;obj\Debug\/**;bin\/**;obj\/**;**/*.user;**/*.*proj;**/*.sln") à C:\Program Files\dotnet\sdk\9.0.302\Sdks\Microsoft.NET.Sdk\targets\Microsoft.NET.Sdk.DefaultItems.targets (35,5)
       C:\Program Files\dotnet\sdk\9.0.302\Sdks\Microsoft.NET.Sdk\targets\Microsoft.NET.Sdk.DefaultItems.targets(36,5): message : Réassignation de propriété : $(DefaultItemExcludes)=";**\node_modules\**;node_modules\**;**\jspm_packages\**;jspm_packages\**;**\bower_components\**;bower_components\**;**\packages.lock.json;bin\Debug\/**;obj\Debug\/**;bin\/**;obj\/**;**/*.user;**/*.*proj;**/*.sln;**/*.slnx;**/*.vssscc" (valeur précédente : ";**\node_modules\**;node_modules\**;**\jspm_packages\**;jspm_packages\**;**\bower_components\**;bower_components\**;**\packages.lock.json;bin\Debug\/**;obj\Debug\/**;bin\/**;obj\/**;**/*.user;**/*.*proj;**/*.sln;**/*.slnx") à C:\Program Files\dotnet\sdk\9.0.302\Sdks\Microsoft.NET.Sdk\targets\Microsoft.NET.Sdk.DefaultItems.targets (36,5)
       C:\Program Files\dotnet\sdk\9.0.302\Sdks\Microsoft.NET.Sdk\targets\Microsoft.NET.Sdk.DefaultItems.targets(37,5): message : Réassignation de propriété : $(DefaultItemExcludes)=";**\node_modules\**;node_modules\**;**\jspm_packages\**;jspm_packages\**;**\bower_components\**;bower_components\**;**\packages.lock.json;bin\Debug\/**;obj\Debug\/**;bin\/**;obj\/**;**/*.user;**/*.*proj;**/*.sln;**/*.slnx;**/*.vssscc;**/.DS_Store" (valeur précédente : ";**\node_modules\**;node_modules\**;**\jspm_packages\**;jspm_packages\**;**\bower_components\**;bower_components\**;**\packages.lock.json;bin\Debug\/**;obj\Debug\/**;bin\/**;obj\/**;**/*.user;**/*.*proj;**/*.sln;**/*.slnx;**/*.vssscc") à C:\Program Files\dotnet\sdk\9.0.302\Sdks\Microsoft.NET.Sdk\targets\Microsoft.NET.Sdk.DefaultItems.targets (37,5)
       C:\Program Files\dotnet\sdk\9.0.302\Sdks\Microsoft.NET.Sdk\targets\Microsoft.NET.Sdk.FrameworkReferenceResolution.targets(14,5): message : Réassignation de propriété : $(ResolveAssemblyReferencesDependsOn)="
       C:\Program Files\dotnet\sdk\9.0.302\Sdks\Microsoft.NET.Sdk\targets\Microsoft.NET.Sdk.FrameworkReferenceResolution.targets(14,5): message :       
       C:\Program Files\dotnet\sdk\9.0.302\Sdks\Microsoft.NET.Sdk\targets\Microsoft.NET.Sdk.FrameworkReferenceResolution.targets(14,5): message :       
       C:\Program Files\dotnet\sdk\9.0.302\Sdks\Microsoft.NET.Sdk\targets\Microsoft.NET.Sdk.FrameworkReferenceResolution.targets(14,5): message :       ResolveProjectReferences;
       C:\Program Files\dotnet\sdk\9.0.302\Sdks\Microsoft.NET.Sdk\targets\Microsoft.NET.Sdk.FrameworkReferenceResolution.targets(14,5): message :       FindInvalidProjectReferences;
       C:\Program Files\dotnet\sdk\9.0.302\Sdks\Microsoft.NET.Sdk\targets\Microsoft.NET.Sdk.FrameworkReferenceResolution.targets(14,5): message :       GetFrameworkPaths;
       C:\Program Files\dotnet\sdk\9.0.302\Sdks\Microsoft.NET.Sdk\targets\Microsoft.NET.Sdk.FrameworkReferenceResolution.targets(14,5): message :       GetReferenceAssemblyPaths;
       C:\Program Files\dotnet\sdk\9.0.302\Sdks\Microsoft.NET.Sdk\targets\Microsoft.NET.Sdk.FrameworkReferenceResolution.targets(14,5): message :       PrepareForBuild;
       C:\Program Files\dotnet\sdk\9.0.302\Sdks\Microsoft.NET.Sdk\targets\Microsoft.NET.Sdk.FrameworkReferenceResolution.targets(14,5): message :       ResolveSDKReferences;
       C:\Program Files\dotnet\sdk\9.0.302\Sdks\Microsoft.NET.Sdk\targets\Microsoft.NET.Sdk.FrameworkReferenceResolution.targets(14,5): message :       ExpandSDKReferences;
       C:\Program Files\dotnet\sdk\9.0.302\Sdks\Microsoft.NET.Sdk\targets\Microsoft.NET.Sdk.FrameworkReferenceResolution.targets(14,5): message :     ;
       C:\Program Files\dotnet\sdk\9.0.302\Sdks\Microsoft.NET.Sdk\targets\Microsoft.NET.Sdk.FrameworkReferenceResolution.targets(14,5): message :       ResolvePackageDependenciesForBuild;
       C:\Program Files\dotnet\sdk\9.0.302\Sdks\Microsoft.NET.Sdk\targets\Microsoft.NET.Sdk.FrameworkReferenceResolution.targets(14,5): message :       _HandlePackageFileConflicts;
       C:\Program Files\dotnet\sdk\9.0.302\Sdks\Microsoft.NET.Sdk\targets\Microsoft.NET.Sdk.FrameworkReferenceResolution.targets(14,5): message :     ;
       C:\Program Files\dotnet\sdk\9.0.302\Sdks\Microsoft.NET.Sdk\targets\Microsoft.NET.Sdk.FrameworkReferenceResolution.targets(14,5): message :       ResolveTargetingPackAssets;
       C:\Program Files\dotnet\sdk\9.0.302\Sdks\Microsoft.NET.Sdk\targets\Microsoft.NET.Sdk.FrameworkReferenceResolution.targets(14,5): message :     " (valeur précédente : "
       C:\Program Files\dotnet\sdk\9.0.302\Sdks\Microsoft.NET.Sdk\targets\Microsoft.NET.Sdk.FrameworkReferenceResolution.targets(14,5): message :       
       C:\Program Files\dotnet\sdk\9.0.302\Sdks\Microsoft.NET.Sdk\targets\Microsoft.NET.Sdk.FrameworkReferenceResolution.targets(14,5): message :       ResolveProjectReferences;
       C:\Program Files\dotnet\sdk\9.0.302\Sdks\Microsoft.NET.Sdk\targets\Microsoft.NET.Sdk.FrameworkReferenceResolution.targets(14,5): message :       FindInvalidProjectReferences;
       C:\Program Files\dotnet\sdk\9.0.302\Sdks\Microsoft.NET.Sdk\targets\Microsoft.NET.Sdk.FrameworkReferenceResolution.targets(14,5): message :       GetFrameworkPaths;
       C:\Program Files\dotnet\sdk\9.0.302\Sdks\Microsoft.NET.Sdk\targets\Microsoft.NET.Sdk.FrameworkReferenceResolution.targets(14,5): message :       GetReferenceAssemblyPaths;
       C:\Program Files\dotnet\sdk\9.0.302\Sdks\Microsoft.NET.Sdk\targets\Microsoft.NET.Sdk.FrameworkReferenceResolution.targets(14,5): message :       PrepareForBuild;
       C:\Program Files\dotnet\sdk\9.0.302\Sdks\Microsoft.NET.Sdk\targets\Microsoft.NET.Sdk.FrameworkReferenceResolution.targets(14,5): message :       ResolveSDKReferences;
       C:\Program Files\dotnet\sdk\9.0.302\Sdks\Microsoft.NET.Sdk\targets\Microsoft.NET.Sdk.FrameworkReferenceResolution.targets(14,5): message :       ExpandSDKReferences;
       C:\Program Files\dotnet\sdk\9.0.302\Sdks\Microsoft.NET.Sdk\targets\Microsoft.NET.Sdk.FrameworkReferenceResolution.targets(14,5): message :     ;
       C:\Program Files\dotnet\sdk\9.0.302\Sdks\Microsoft.NET.Sdk\targets\Microsoft.NET.Sdk.FrameworkReferenceResolution.targets(14,5): message :       ResolvePackageDependenciesForBuild;
       C:\Program Files\dotnet\sdk\9.0.302\Sdks\Microsoft.NET.Sdk\targets\Microsoft.NET.Sdk.FrameworkReferenceResolution.targets(14,5): message :       _HandlePackageFileConflicts;
       C:\Program Files\dotnet\sdk\9.0.302\Sdks\Microsoft.NET.Sdk\targets\Microsoft.NET.Sdk.FrameworkReferenceResolution.targets(14,5): message :     ") à C:\Program Files\dotnet\sdk\9.0.302\Sdks\Microsoft.NET.Sdk\targets\Microsoft.NET.Sdk.FrameworkReferenceResolution.targets (14,5)
       C:\Program Files\dotnet\sdk\9.0.302\Sdks\Microsoft.NET.Sdk\targets\Microsoft.NET.Sdk.targets(44,5): message : Réassignation de propriété : $(_GenerateRuntimeConfigurationPropertyInputsCache)="C:\Users\kerne\Music\Apps\DiversityPub\obj\Debug\net8.0\DiversityPub.genruntimeconfig.cache" (valeur précédente : "obj\Debug\net8.0\DiversityPub.genruntimeconfig.cache") à C:\Program Files\dotnet\sdk\9.0.302\Sdks\Microsoft.NET.Sdk\targets\Microsoft.NET.Sdk.targets (44,5)
       C:\Program Files\dotnet\sdk\9.0.302\Sdks\Microsoft.NET.Sdk\targets\Microsoft.NET.Sdk.targets(46,5): message : Réassignation de propriété : $(_GeneratePublishDependencyFilePropertyInputsCache)="C:\Users\kerne\Music\Apps\DiversityPub\obj\Debug\net8.0\DiversityPub.genpublishdeps.cache" (valeur précédente : "obj\Debug\net8.0\DiversityPub.genpublishdeps.cache") à C:\Program Files\dotnet\sdk\9.0.302\Sdks\Microsoft.NET.Sdk\targets\Microsoft.NET.Sdk.targets (46,5)
       C:\Program Files\dotnet\sdk\9.0.302\Sdks\Microsoft.NET.Sdk\targets\Microsoft.NET.Sdk.targets(48,5): message : Réassignation de propriété : $(_GenerateSingleFileBundlePropertyInputsCache)="C:\Users\kerne\Music\Apps\DiversityPub\obj\Debug\net8.0\DiversityPub.genbundle.cache" (valeur précédente : "obj\Debug\net8.0\DiversityPub.genbundle.cache") à C:\Program Files\dotnet\sdk\9.0.302\Sdks\Microsoft.NET.Sdk\targets\Microsoft.NET.Sdk.targets (48,5)
       C:\Program Files\dotnet\sdk\9.0.302\Sdks\Microsoft.NET.Sdk\targets\Microsoft.NET.Sdk.targets(81,5): message : Réassignation de propriété : $(GenerateRuntimeConfigDevFile)="false" (valeur précédente : "true") à C:\Program Files\dotnet\sdk\9.0.302\Sdks\Microsoft.NET.Sdk\targets\Microsoft.NET.Sdk.targets (81,5)
       C:\Program Files\dotnet\sdk\9.0.302\Sdks\Microsoft.NET.Sdk\targets\Microsoft.NET.Sdk.targets(97,5): message : Réassignation de propriété : $(_DefaultUserProfileRuntimeStorePath)="C:\Users\kerne" (valeur précédente : "") à C:\Program Files\dotnet\sdk\9.0.302\Sdks\Microsoft.NET.Sdk\targets\Microsoft.NET.Sdk.targets (97,5)
       C:\Program Files\dotnet\sdk\9.0.302\Sdks\Microsoft.NET.Sdk\targets\Microsoft.NET.Sdk.targets(98,5): message : Réassignation de propriété : $(_DefaultUserProfileRuntimeStorePath)="C:\Users\kerne\.dotnet\store" (valeur précédente : "C:\Users\kerne") à C:\Program Files\dotnet\sdk\9.0.302\Sdks\Microsoft.NET.Sdk\targets\Microsoft.NET.Sdk.targets (98,5)
       C:\Program Files\dotnet\sdk\9.0.302\Sdks\Microsoft.NET.Sdk\targets\Microsoft.NET.Sdk.targets(140,5): message : Réassignation de propriété : $(AvailablePlatforms)="Any CPU,x86,x64,ARM32" (valeur précédente : "Any CPU,x86,x64") à C:\Program Files\dotnet\sdk\9.0.302\Sdks\Microsoft.NET.Sdk\targets\Microsoft.NET.Sdk.targets (140,5)
       C:\Program Files\dotnet\sdk\9.0.302\Sdks\Microsoft.NET.Sdk\targets\Microsoft.NET.Sdk.targets(144,5): message : Réassignation de propriété : $(AvailablePlatforms)="Any CPU,x86,x64,ARM32,ARM64" (valeur précédente : "Any CPU,x86,x64,ARM32") à C:\Program Files\dotnet\sdk\9.0.302\Sdks\Microsoft.NET.Sdk\targets\Microsoft.NET.Sdk.targets (144,5)
       C:\Program Files\dotnet\sdk\9.0.302\Sdks\Microsoft.NET.Sdk\targets\Microsoft.NET.Sdk.targets(201,5): message : Réassignation de propriété : $(CoreBuildDependsOn)="
       C:\Program Files\dotnet\sdk\9.0.302\Sdks\Microsoft.NET.Sdk\targets\Microsoft.NET.Sdk.targets(201,5): message :       _CheckForBuildWithNoBuild;
       C:\Program Files\dotnet\sdk\9.0.302\Sdks\Microsoft.NET.Sdk\targets\Microsoft.NET.Sdk.targets(201,5): message :       
       C:\Program Files\dotnet\sdk\9.0.302\Sdks\Microsoft.NET.Sdk\targets\Microsoft.NET.Sdk.targets(201,5): message :       BuildOnlySettings;
       C:\Program Files\dotnet\sdk\9.0.302\Sdks\Microsoft.NET.Sdk\targets\Microsoft.NET.Sdk.targets(201,5): message :       PrepareForBuild;
       C:\Program Files\dotnet\sdk\9.0.302\Sdks\Microsoft.NET.Sdk\targets\Microsoft.NET.Sdk.targets(201,5): message :       PreBuildEvent;
       C:\Program Files\dotnet\sdk\9.0.302\Sdks\Microsoft.NET.Sdk\targets\Microsoft.NET.Sdk.targets(201,5): message :       ResolveReferences;
       C:\Program Files\dotnet\sdk\9.0.302\Sdks\Microsoft.NET.Sdk\targets\Microsoft.NET.Sdk.targets(201,5): message :       PrepareResources;
       C:\Program Files\dotnet\sdk\9.0.302\Sdks\Microsoft.NET.Sdk\targets\Microsoft.NET.Sdk.targets(201,5): message :       ResolveKeySource;
       C:\Program Files\dotnet\sdk\9.0.302\Sdks\Microsoft.NET.Sdk\targets\Microsoft.NET.Sdk.targets(201,5): message :       Compile;
       C:\Program Files\dotnet\sdk\9.0.302\Sdks\Microsoft.NET.Sdk\targets\Microsoft.NET.Sdk.targets(201,5): message :       ExportWindowsMDFile;
       C:\Program Files\dotnet\sdk\9.0.302\Sdks\Microsoft.NET.Sdk\targets\Microsoft.NET.Sdk.targets(201,5): message :       UnmanagedUnregistration;
       C:\Program Files\dotnet\sdk\9.0.302\Sdks\Microsoft.NET.Sdk\targets\Microsoft.NET.Sdk.targets(201,5): message :       GenerateSerializationAssemblies;
       C:\Program Files\dotnet\sdk\9.0.302\Sdks\Microsoft.NET.Sdk\targets\Microsoft.NET.Sdk.targets(201,5): message :       CreateSatelliteAssemblies;
       C:\Program Files\dotnet\sdk\9.0.302\Sdks\Microsoft.NET.Sdk\targets\Microsoft.NET.Sdk.targets(201,5): message :       GenerateManifests;
       C:\Program Files\dotnet\sdk\9.0.302\Sdks\Microsoft.NET.Sdk\targets\Microsoft.NET.Sdk.targets(201,5): message :       GetTargetPath;
       C:\Program Files\dotnet\sdk\9.0.302\Sdks\Microsoft.NET.Sdk\targets\Microsoft.NET.Sdk.targets(201,5): message :       PrepareForRun;
       C:\Program Files\dotnet\sdk\9.0.302\Sdks\Microsoft.NET.Sdk\targets\Microsoft.NET.Sdk.targets(201,5): message :       UnmanagedRegistration;
       C:\Program Files\dotnet\sdk\9.0.302\Sdks\Microsoft.NET.Sdk\targets\Microsoft.NET.Sdk.targets(201,5): message :       IncrementalClean;
       C:\Program Files\dotnet\sdk\9.0.302\Sdks\Microsoft.NET.Sdk\targets\Microsoft.NET.Sdk.targets(201,5): message :       PostBuildEvent
       C:\Program Files\dotnet\sdk\9.0.302\Sdks\Microsoft.NET.Sdk\targets\Microsoft.NET.Sdk.targets(201,5): message :     ;
       C:\Program Files\dotnet\sdk\9.0.302\Sdks\Microsoft.NET.Sdk\targets\Microsoft.NET.Sdk.targets(201,5): message :       GenerateBuildDependencyFile;
       C:\Program Files\dotnet\sdk\9.0.302\Sdks\Microsoft.NET.Sdk\targets\Microsoft.NET.Sdk.targets(201,5): message :       GenerateBuildRuntimeConfigurationFiles
       C:\Program Files\dotnet\sdk\9.0.302\Sdks\Microsoft.NET.Sdk\targets\Microsoft.NET.Sdk.targets(201,5): message :     " (valeur précédente : "
       C:\Program Files\dotnet\sdk\9.0.302\Sdks\Microsoft.NET.Sdk\targets\Microsoft.NET.Sdk.targets(201,5): message :       BuildOnlySettings;
       C:\Program Files\dotnet\sdk\9.0.302\Sdks\Microsoft.NET.Sdk\targets\Microsoft.NET.Sdk.targets(201,5): message :       PrepareForBuild;
       C:\Program Files\dotnet\sdk\9.0.302\Sdks\Microsoft.NET.Sdk\targets\Microsoft.NET.Sdk.targets(201,5): message :       PreBuildEvent;
       C:\Program Files\dotnet\sdk\9.0.302\Sdks\Microsoft.NET.Sdk\targets\Microsoft.NET.Sdk.targets(201,5): message :       ResolveReferences;
       C:\Program Files\dotnet\sdk\9.0.302\Sdks\Microsoft.NET.Sdk\targets\Microsoft.NET.Sdk.targets(201,5): message :       PrepareResources;
       C:\Program Files\dotnet\sdk\9.0.302\Sdks\Microsoft.NET.Sdk\targets\Microsoft.NET.Sdk.targets(201,5): message :       ResolveKeySource;
       C:\Program Files\dotnet\sdk\9.0.302\Sdks\Microsoft.NET.Sdk\targets\Microsoft.NET.Sdk.targets(201,5): message :       Compile;
       C:\Program Files\dotnet\sdk\9.0.302\Sdks\Microsoft.NET.Sdk\targets\Microsoft.NET.Sdk.targets(201,5): message :       ExportWindowsMDFile;
       C:\Program Files\dotnet\sdk\9.0.302\Sdks\Microsoft.NET.Sdk\targets\Microsoft.NET.Sdk.targets(201,5): message :       UnmanagedUnregistration;
       C:\Program Files\dotnet\sdk\9.0.302\Sdks\Microsoft.NET.Sdk\targets\Microsoft.NET.Sdk.targets(201,5): message :       GenerateSerializationAssemblies;
       C:\Program Files\dotnet\sdk\9.0.302\Sdks\Microsoft.NET.Sdk\targets\Microsoft.NET.Sdk.targets(201,5): message :       CreateSatelliteAssemblies;
       C:\Program Files\dotnet\sdk\9.0.302\Sdks\Microsoft.NET.Sdk\targets\Microsoft.NET.Sdk.targets(201,5): message :       GenerateManifests;
       C:\Program Files\dotnet\sdk\9.0.302\Sdks\Microsoft.NET.Sdk\targets\Microsoft.NET.Sdk.targets(201,5): message :       GetTargetPath;
       C:\Program Files\dotnet\sdk\9.0.302\Sdks\Microsoft.NET.Sdk\targets\Microsoft.NET.Sdk.targets(201,5): message :       PrepareForRun;
       C:\Program Files\dotnet\sdk\9.0.302\Sdks\Microsoft.NET.Sdk\targets\Microsoft.NET.Sdk.targets(201,5): message :       UnmanagedRegistration;
       C:\Program Files\dotnet\sdk\9.0.302\Sdks\Microsoft.NET.Sdk\targets\Microsoft.NET.Sdk.targets(201,5): message :       IncrementalClean;
       C:\Program Files\dotnet\sdk\9.0.302\Sdks\Microsoft.NET.Sdk\targets\Microsoft.NET.Sdk.targets(201,5): message :       PostBuildEvent
       C:\Program Files\dotnet\sdk\9.0.302\Sdks\Microsoft.NET.Sdk\targets\Microsoft.NET.Sdk.targets(201,5): message :     ") à C:\Program Files\dotnet\sdk\9.0.302\Sdks\Microsoft.NET.Sdk\targets\Microsoft.NET.Sdk.targets (201,5)
       C:\Program Files\dotnet\sdk\9.0.302\Sdks\Microsoft.NET.Sdk\targets\Microsoft.NET.Sdk.targets(210,5): message : Réassignation de propriété : $(CoreCleanDependsOn)="
       C:\Program Files\dotnet\sdk\9.0.302\Sdks\Microsoft.NET.Sdk\targets\Microsoft.NET.Sdk.targets(210,5): message :       _SdkBeforeClean;
       C:\Program Files\dotnet\sdk\9.0.302\Sdks\Microsoft.NET.Sdk\targets\Microsoft.NET.Sdk.targets(210,5): message :       
       C:\Program Files\dotnet\sdk\9.0.302\Sdks\Microsoft.NET.Sdk\targets\Microsoft.NET.Sdk.targets(210,5): message :     " (valeur précédente : "") à C:\Program Files\dotnet\sdk\9.0.302\Sdks\Microsoft.NET.Sdk\targets\Microsoft.NET.Sdk.targets (210,5)
       C:\Program Files\dotnet\sdk\9.0.302\Sdks\Microsoft.NET.Sdk\targets\Microsoft.NET.Sdk.targets(217,5): message : Réassignation de propriété : $(RebuildDependsOn)="
       C:\Program Files\dotnet\sdk\9.0.302\Sdks\Microsoft.NET.Sdk\targets\Microsoft.NET.Sdk.targets(217,5): message :       _SdkBeforeRebuild;
       C:\Program Files\dotnet\sdk\9.0.302\Sdks\Microsoft.NET.Sdk\targets\Microsoft.NET.Sdk.targets(217,5): message :       
       C:\Program Files\dotnet\sdk\9.0.302\Sdks\Microsoft.NET.Sdk\targets\Microsoft.NET.Sdk.targets(217,5): message :       BeforeRebuild;
       C:\Program Files\dotnet\sdk\9.0.302\Sdks\Microsoft.NET.Sdk\targets\Microsoft.NET.Sdk.targets(217,5): message :       Clean;
       C:\Program Files\dotnet\sdk\9.0.302\Sdks\Microsoft.NET.Sdk\targets\Microsoft.NET.Sdk.targets(217,5): message :       Build;
       C:\Program Files\dotnet\sdk\9.0.302\Sdks\Microsoft.NET.Sdk\targets\Microsoft.NET.Sdk.targets(217,5): message :       AfterRebuild;
       C:\Program Files\dotnet\sdk\9.0.302\Sdks\Microsoft.NET.Sdk\targets\Microsoft.NET.Sdk.targets(217,5): message :     
       C:\Program Files\dotnet\sdk\9.0.302\Sdks\Microsoft.NET.Sdk\targets\Microsoft.NET.Sdk.targets(217,5): message :     " (valeur précédente : "
       C:\Program Files\dotnet\sdk\9.0.302\Sdks\Microsoft.NET.Sdk\targets\Microsoft.NET.Sdk.targets(217,5): message :       BeforeRebuild;
       C:\Program Files\dotnet\sdk\9.0.302\Sdks\Microsoft.NET.Sdk\targets\Microsoft.NET.Sdk.targets(217,5): message :       Clean;
       C:\Program Files\dotnet\sdk\9.0.302\Sdks\Microsoft.NET.Sdk\targets\Microsoft.NET.Sdk.targets(217,5): message :       Build;
       C:\Program Files\dotnet\sdk\9.0.302\Sdks\Microsoft.NET.Sdk\targets\Microsoft.NET.Sdk.targets(217,5): message :       AfterRebuild;
       C:\Program Files\dotnet\sdk\9.0.302\Sdks\Microsoft.NET.Sdk\targets\Microsoft.NET.Sdk.targets(217,5): message :     ") à C:\Program Files\dotnet\sdk\9.0.302\Sdks\Microsoft.NET.Sdk\targets\Microsoft.NET.Sdk.targets (217,5)
       C:\Program Files\dotnet\sdk\9.0.302\Sdks\Microsoft.NET.Sdk\targets\Microsoft.NET.Sdk.targets(784,5): message : Réassignation de propriété : $(CompileDependsOn)="
       C:\Program Files\dotnet\sdk\9.0.302\Sdks\Microsoft.NET.Sdk\targets\Microsoft.NET.Sdk.targets(784,5): message :       
       C:\Program Files\dotnet\sdk\9.0.302\Sdks\Microsoft.NET.Sdk\targets\Microsoft.NET.Sdk.targets(784,5): message :       ResolveReferences;
       C:\Program Files\dotnet\sdk\9.0.302\Sdks\Microsoft.NET.Sdk\targets\Microsoft.NET.Sdk.targets(784,5): message :       ResolveKeySource;
       C:\Program Files\dotnet\sdk\9.0.302\Sdks\Microsoft.NET.Sdk\targets\Microsoft.NET.Sdk.targets(784,5): message :       SetWin32ManifestProperties;
       C:\Program Files\dotnet\sdk\9.0.302\Sdks\Microsoft.NET.Sdk\targets\Microsoft.NET.Sdk.targets(784,5): message :       _SetPreferNativeArm64Win32ManifestProperties;
       C:\Program Files\dotnet\sdk\9.0.302\Sdks\Microsoft.NET.Sdk\targets\Microsoft.NET.Sdk.targets(784,5): message :       FindReferenceAssembliesForReferences;
       C:\Program Files\dotnet\sdk\9.0.302\Sdks\Microsoft.NET.Sdk\targets\Microsoft.NET.Sdk.targets(784,5): message :       _GenerateCompileInputs;
       C:\Program Files\dotnet\sdk\9.0.302\Sdks\Microsoft.NET.Sdk\targets\Microsoft.NET.Sdk.targets(784,5): message :       BeforeCompile;
       C:\Program Files\dotnet\sdk\9.0.302\Sdks\Microsoft.NET.Sdk\targets\Microsoft.NET.Sdk.targets(784,5): message :       _TimeStampBeforeCompile;
       C:\Program Files\dotnet\sdk\9.0.302\Sdks\Microsoft.NET.Sdk\targets\Microsoft.NET.Sdk.targets(784,5): message :       _GenerateCompileDependencyCache;
       C:\Program Files\dotnet\sdk\9.0.302\Sdks\Microsoft.NET.Sdk\targets\Microsoft.NET.Sdk.targets(784,5): message :       CoreCompile;
       C:\Program Files\dotnet\sdk\9.0.302\Sdks\Microsoft.NET.Sdk\targets\Microsoft.NET.Sdk.targets(784,5): message :       _TimeStampAfterCompile;
       C:\Program Files\dotnet\sdk\9.0.302\Sdks\Microsoft.NET.Sdk\targets\Microsoft.NET.Sdk.targets(784,5): message :       AfterCompile;
       C:\Program Files\dotnet\sdk\9.0.302\Sdks\Microsoft.NET.Sdk\targets\Microsoft.NET.Sdk.targets(784,5): message :     ;
       C:\Program Files\dotnet\sdk\9.0.302\Sdks\Microsoft.NET.Sdk\targets\Microsoft.NET.Sdk.targets(784,5): message :       _CreateAppHost;
       C:\Program Files\dotnet\sdk\9.0.302\Sdks\Microsoft.NET.Sdk\targets\Microsoft.NET.Sdk.targets(784,5): message :       _CreateComHost;
       C:\Program Files\dotnet\sdk\9.0.302\Sdks\Microsoft.NET.Sdk\targets\Microsoft.NET.Sdk.targets(784,5): message :       _GetIjwHostPaths;
       C:\Program Files\dotnet\sdk\9.0.302\Sdks\Microsoft.NET.Sdk\targets\Microsoft.NET.Sdk.targets(784,5): message :     " (valeur précédente : "
       C:\Program Files\dotnet\sdk\9.0.302\Sdks\Microsoft.NET.Sdk\targets\Microsoft.NET.Sdk.targets(784,5): message :       ResolveReferences;
       C:\Program Files\dotnet\sdk\9.0.302\Sdks\Microsoft.NET.Sdk\targets\Microsoft.NET.Sdk.targets(784,5): message :       ResolveKeySource;
       C:\Program Files\dotnet\sdk\9.0.302\Sdks\Microsoft.NET.Sdk\targets\Microsoft.NET.Sdk.targets(784,5): message :       SetWin32ManifestProperties;
       C:\Program Files\dotnet\sdk\9.0.302\Sdks\Microsoft.NET.Sdk\targets\Microsoft.NET.Sdk.targets(784,5): message :       _SetPreferNativeArm64Win32ManifestProperties;
       C:\Program Files\dotnet\sdk\9.0.302\Sdks\Microsoft.NET.Sdk\targets\Microsoft.NET.Sdk.targets(784,5): message :       FindReferenceAssembliesForReferences;
       C:\Program Files\dotnet\sdk\9.0.302\Sdks\Microsoft.NET.Sdk\targets\Microsoft.NET.Sdk.targets(784,5): message :       _GenerateCompileInputs;
       C:\Program Files\dotnet\sdk\9.0.302\Sdks\Microsoft.NET.Sdk\targets\Microsoft.NET.Sdk.targets(784,5): message :       BeforeCompile;
       C:\Program Files\dotnet\sdk\9.0.302\Sdks\Microsoft.NET.Sdk\targets\Microsoft.NET.Sdk.targets(784,5): message :       _TimeStampBeforeCompile;
       C:\Program Files\dotnet\sdk\9.0.302\Sdks\Microsoft.NET.Sdk\targets\Microsoft.NET.Sdk.targets(784,5): message :       _GenerateCompileDependencyCache;
       C:\Program Files\dotnet\sdk\9.0.302\Sdks\Microsoft.NET.Sdk\targets\Microsoft.NET.Sdk.targets(784,5): message :       CoreCompile;
       C:\Program Files\dotnet\sdk\9.0.302\Sdks\Microsoft.NET.Sdk\targets\Microsoft.NET.Sdk.targets(784,5): message :       _TimeStampAfterCompile;
       C:\Program Files\dotnet\sdk\9.0.302\Sdks\Microsoft.NET.Sdk\targets\Microsoft.NET.Sdk.targets(784,5): message :       AfterCompile;
       C:\Program Files\dotnet\sdk\9.0.302\Sdks\Microsoft.NET.Sdk\targets\Microsoft.NET.Sdk.targets(784,5): message :     ") à C:\Program Files\dotnet\sdk\9.0.302\Sdks\Microsoft.NET.Sdk\targets\Microsoft.NET.Sdk.targets (784,5)
       C:\Program Files\dotnet\sdk\9.0.302\Sdks\Microsoft.NET.Sdk\targets\Microsoft.NET.Sdk.targets(1184,5): message : Réassignation de propriété : $(CreateSatelliteAssembliesDependsOn)="
       C:\Program Files\dotnet\sdk\9.0.302\Sdks\Microsoft.NET.Sdk\targets\Microsoft.NET.Sdk.targets(1184,5): message :       
       C:\Program Files\dotnet\sdk\9.0.302\Sdks\Microsoft.NET.Sdk\targets\Microsoft.NET.Sdk.targets(1184,5): message :       ;
       C:\Program Files\dotnet\sdk\9.0.302\Sdks\Microsoft.NET.Sdk\targets\Microsoft.NET.Sdk.targets(1184,5): message :       _GenerateSatelliteAssemblyInputs;
       C:\Program Files\dotnet\sdk\9.0.302\Sdks\Microsoft.NET.Sdk\targets\Microsoft.NET.Sdk.targets(1184,5): message :       ComputeIntermediateSatelliteAssemblies;
       C:\Program Files\dotnet\sdk\9.0.302\Sdks\Microsoft.NET.Sdk\targets\Microsoft.NET.Sdk.targets(1184,5): message :       GenerateSatelliteAssemblies
       C:\Program Files\dotnet\sdk\9.0.302\Sdks\Microsoft.NET.Sdk\targets\Microsoft.NET.Sdk.targets(1184,5): message :     ;
       C:\Program Files\dotnet\sdk\9.0.302\Sdks\Microsoft.NET.Sdk\targets\Microsoft.NET.Sdk.targets(1184,5): message :       CoreGenerateSatelliteAssemblies
       C:\Program Files\dotnet\sdk\9.0.302\Sdks\Microsoft.NET.Sdk\targets\Microsoft.NET.Sdk.targets(1184,5): message :     " (valeur précédente : "
       C:\Program Files\dotnet\sdk\9.0.302\Sdks\Microsoft.NET.Sdk\targets\Microsoft.NET.Sdk.targets(1184,5): message :       ;
       C:\Program Files\dotnet\sdk\9.0.302\Sdks\Microsoft.NET.Sdk\targets\Microsoft.NET.Sdk.targets(1184,5): message :       _GenerateSatelliteAssemblyInputs;
       C:\Program Files\dotnet\sdk\9.0.302\Sdks\Microsoft.NET.Sdk\targets\Microsoft.NET.Sdk.targets(1184,5): message :       ComputeIntermediateSatelliteAssemblies;
       C:\Program Files\dotnet\sdk\9.0.302\Sdks\Microsoft.NET.Sdk\targets\Microsoft.NET.Sdk.targets(1184,5): message :       GenerateSatelliteAssemblies
       C:\Program Files\dotnet\sdk\9.0.302\Sdks\Microsoft.NET.Sdk\targets\Microsoft.NET.Sdk.targets(1184,5): message :     ") à C:\Program Files\dotnet\sdk\9.0.302\Sdks\Microsoft.NET.Sdk\targets\Microsoft.NET.Sdk.targets (1184,5)
       C:\Program Files\dotnet\sdk\9.0.302\Sdks\Microsoft.SourceLink.GitLab\build\Microsoft.SourceLink.GitLab.targets(12,5): message : Réassignation de propriété : $(SourceLinkUrlInitializerTargets)=";_InitializeGitHubSourceLinkUrl;_InitializeGitLabSourceLinkUrl" (valeur précédente : ";_InitializeGitHubSourceLinkUrl") à C:\Program Files\dotnet\sdk\9.0.302\Sdks\Microsoft.SourceLink.GitLab\build\Microsoft.SourceLink.GitLab.targets (12,5)
       C:\Program Files\dotnet\sdk\9.0.302\Sdks\Microsoft.SourceLink.GitLab\build\Microsoft.SourceLink.GitLab.targets(13,5): message : Réassignation de propriété : $(SourceControlManagerUrlTranslationTargets)=";TranslateGitHubUrlsInSourceControlInformation;TranslateGitLabUrlsInSourceControlInformation" (valeur précédente : ";TranslateGitHubUrlsInSourceControlInformation") à C:\Program Files\dotnet\sdk\9.0.302\Sdks\Microsoft.SourceLink.GitLab\build\Microsoft.SourceLink.GitLab.targets (13,5)
       C:\Program Files\dotnet\sdk\9.0.302\Sdks\Microsoft.SourceLink.AzureRepos.Git\build\Microsoft.SourceLink.AzureRepos.Git.targets(12,5): message : Réassignation de propriété : $(SourceLinkUrlInitializerTargets)=";_InitializeGitHubSourceLinkUrl;_InitializeGitLabSourceLinkUrl;_InitializeAzureReposGitSourceLinkUrl" (valeur précédente : ";_InitializeGitHubSourceLinkUrl;_InitializeGitLabSourceLinkUrl") à C:\Program Files\dotnet\sdk\9.0.302\Sdks\Microsoft.SourceLink.AzureRepos.Git\build\Microsoft.SourceLink.AzureRepos.Git.targets (12,5)
       C:\Program Files\dotnet\sdk\9.0.302\Sdks\Microsoft.SourceLink.AzureRepos.Git\build\Microsoft.SourceLink.AzureRepos.Git.targets(13,5): message : Réassignation de propriété : $(SourceControlManagerUrlTranslationTargets)=";TranslateGitHubUrlsInSourceControlInformation;TranslateGitLabUrlsInSourceControlInformation;TranslateAzureReposGitUrlsInSourceControlInformation" (valeur précédente : ";TranslateGitHubUrlsInSourceControlInformation;TranslateGitLabUrlsInSourceControlInformation") à C:\Program Files\dotnet\sdk\9.0.302\Sdks\Microsoft.SourceLink.AzureRepos.Git\build\Microsoft.SourceLink.AzureRepos.Git.targets (13,5)
       C:\Program Files\dotnet\sdk\9.0.302\Sdks\Microsoft.SourceLink.Bitbucket.Git\build\Microsoft.SourceLink.Bitbucket.Git.targets(12,5): message : Réassignation de propriété : $(SourceLinkUrlInitializerTargets)=";_InitializeGitHubSourceLinkUrl;_InitializeGitLabSourceLinkUrl;_InitializeAzureReposGitSourceLinkUrl;_InitializeBitbucketGitSourceLinkUrl" (valeur précédente : ";_InitializeGitHubSourceLinkUrl;_InitializeGitLabSourceLinkUrl;_InitializeAzureReposGitSourceLinkUrl") à C:\Program Files\dotnet\sdk\9.0.302\Sdks\Microsoft.SourceLink.Bitbucket.Git\build\Microsoft.SourceLink.Bitbucket.Git.targets (12,5)
       C:\Program Files\dotnet\sdk\9.0.302\Sdks\Microsoft.SourceLink.Bitbucket.Git\build\Microsoft.SourceLink.Bitbucket.Git.targets(13,5): message : Réassignation de propriété : $(SourceControlManagerUrlTranslationTargets)=";TranslateGitHubUrlsInSourceControlInformation;TranslateGitLabUrlsInSourceControlInformation;TranslateAzureReposGitUrlsInSourceControlInformation;TranslateBitbucketGitUrlsInSourceControlInformation" (valeur précédente : ";TranslateGitHubUrlsInSourceControlInformation;TranslateGitLabUrlsInSourceControlInformation;TranslateAzureReposGitUrlsInSourceControlInformation") à C:\Program Files\dotnet\sdk\9.0.302\Sdks\Microsoft.SourceLink.Bitbucket.Git\build\Microsoft.SourceLink.Bitbucket.Git.targets (13,5)
       C:\Program Files\dotnet\sdk\9.0.302\Sdks\Microsoft.NET.Sdk\targets\Microsoft.NET.DesignerSupport.targets(21,5): message : Réassignation de propriété : $(DesignerRuntimeImplementationProjectOutputGroupDependsOn)="
       C:\Program Files\dotnet\sdk\9.0.302\Sdks\Microsoft.NET.Sdk\targets\Microsoft.NET.DesignerSupport.targets(21,5): message :       
       C:\Program Files\dotnet\sdk\9.0.302\Sdks\Microsoft.NET.Sdk\targets\Microsoft.NET.DesignerSupport.targets(21,5): message :       ;
       C:\Program Files\dotnet\sdk\9.0.302\Sdks\Microsoft.NET.Sdk\targets\Microsoft.NET.DesignerSupport.targets(21,5): message :       
       C:\Program Files\dotnet\sdk\9.0.302\Sdks\Microsoft.NET.Sdk\targets\Microsoft.NET.DesignerSupport.targets(21,5): message :       ;
       C:\Program Files\dotnet\sdk\9.0.302\Sdks\Microsoft.NET.Sdk\targets\Microsoft.NET.DesignerSupport.targets(21,5): message :       BuildOnlySettings;
       C:\Program Files\dotnet\sdk\9.0.302\Sdks\Microsoft.NET.Sdk\targets\Microsoft.NET.DesignerSupport.targets(21,5): message :       PrepareForBuild;
       C:\Program Files\dotnet\sdk\9.0.302\Sdks\Microsoft.NET.Sdk\targets\Microsoft.NET.DesignerSupport.targets(21,5): message :       AssignTargetPaths;
       C:\Program Files\dotnet\sdk\9.0.302\Sdks\Microsoft.NET.Sdk\targets\Microsoft.NET.DesignerSupport.targets(21,5): message :       ResolveReferences
       C:\Program Files\dotnet\sdk\9.0.302\Sdks\Microsoft.NET.Sdk\targets\Microsoft.NET.DesignerSupport.targets(21,5): message :     
       C:\Program Files\dotnet\sdk\9.0.302\Sdks\Microsoft.NET.Sdk\targets\Microsoft.NET.DesignerSupport.targets(21,5): message :     ;
       C:\Program Files\dotnet\sdk\9.0.302\Sdks\Microsoft.NET.Sdk\targets\Microsoft.NET.DesignerSupport.targets(21,5): message :       _GenerateDesignerDepsFile;
       C:\Program Files\dotnet\sdk\9.0.302\Sdks\Microsoft.NET.Sdk\targets\Microsoft.NET.DesignerSupport.targets(21,5): message :       _GenerateDesignerRuntimeConfigFile;
       C:\Program Files\dotnet\sdk\9.0.302\Sdks\Microsoft.NET.Sdk\targets\Microsoft.NET.DesignerSupport.targets(21,5): message :       GetCopyToOutputDirectoryItems;
       C:\Program Files\dotnet\sdk\9.0.302\Sdks\Microsoft.NET.Sdk\targets\Microsoft.NET.DesignerSupport.targets(21,5): message :       _GatherDesignerShadowCopyFiles;
       C:\Program Files\dotnet\sdk\9.0.302\Sdks\Microsoft.NET.Sdk\targets\Microsoft.NET.DesignerSupport.targets(21,5): message :     " (valeur précédente : "
       C:\Program Files\dotnet\sdk\9.0.302\Sdks\Microsoft.NET.Sdk\targets\Microsoft.NET.DesignerSupport.targets(21,5): message :       ;
       C:\Program Files\dotnet\sdk\9.0.302\Sdks\Microsoft.NET.Sdk\targets\Microsoft.NET.DesignerSupport.targets(21,5): message :       
       C:\Program Files\dotnet\sdk\9.0.302\Sdks\Microsoft.NET.Sdk\targets\Microsoft.NET.DesignerSupport.targets(21,5): message :       ;
       C:\Program Files\dotnet\sdk\9.0.302\Sdks\Microsoft.NET.Sdk\targets\Microsoft.NET.DesignerSupport.targets(21,5): message :       BuildOnlySettings;
       C:\Program Files\dotnet\sdk\9.0.302\Sdks\Microsoft.NET.Sdk\targets\Microsoft.NET.DesignerSupport.targets(21,5): message :       PrepareForBuild;
       C:\Program Files\dotnet\sdk\9.0.302\Sdks\Microsoft.NET.Sdk\targets\Microsoft.NET.DesignerSupport.targets(21,5): message :       AssignTargetPaths;
       C:\Program Files\dotnet\sdk\9.0.302\Sdks\Microsoft.NET.Sdk\targets\Microsoft.NET.DesignerSupport.targets(21,5): message :       ResolveReferences
       C:\Program Files\dotnet\sdk\9.0.302\Sdks\Microsoft.NET.Sdk\targets\Microsoft.NET.DesignerSupport.targets(21,5): message :     
       C:\Program Files\dotnet\sdk\9.0.302\Sdks\Microsoft.NET.Sdk\targets\Microsoft.NET.DesignerSupport.targets(21,5): message :     ") à C:\Program Files\dotnet\sdk\9.0.302\Sdks\Microsoft.NET.Sdk\targets\Microsoft.NET.DesignerSupport.targets (21,5)
       C:\Program Files\dotnet\sdk\9.0.302\Sdks\Microsoft.NET.Sdk\targets\Microsoft.NET.PackTool.targets(68,5): message : Réassignation de propriété : $(_GenerateToolsSettingsFileCacheFile)="C:\Users\kerne\Music\Apps\DiversityPub\obj\Debug\net8.0\DiversityPub.toolssettingsinput.cache" (valeur précédente : "obj\Debug\net8.0\DiversityPub.toolssettingsinput.cache") à C:\Program Files\dotnet\sdk\9.0.302\Sdks\Microsoft.NET.Sdk\targets\Microsoft.NET.PackTool.targets (68,5)
       C:\Program Files\dotnet\sdk\9.0.302\Sdks\Microsoft.NET.Sdk\targets\Microsoft.NET.PackTool.targets(137,5): message : Réassignation de propriété : $(_ShimInputCacheFile)="C:\Users\kerne\Music\Apps\DiversityPub\obj\Debug\net8.0\DiversityPub.shiminput.cache" (valeur précédente : "obj\Debug\net8.0\DiversityPub.shiminput.cache") à C:\Program Files\dotnet\sdk\9.0.302\Sdks\Microsoft.NET.Sdk\targets\Microsoft.NET.PackTool.targets (137,5)
       C:\Program Files\dotnet\sdk\9.0.302\Sdks\Microsoft.NET.Sdk\targets\Microsoft.NET.PackTool.targets(139,5): message : Réassignation de propriété : $(_ShimCreatedSentinelFile)="C:\Users\kerne\Music\Apps\DiversityPub\obj\Debug\net8.0\DiversityPub.shimcreated.sentinel" (valeur précédente : "obj\Debug\net8.0\DiversityPub.shimcreated.sentinel") à C:\Program Files\dotnet\sdk\9.0.302\Sdks\Microsoft.NET.Sdk\targets\Microsoft.NET.PackTool.targets (139,5)
       C:\Program Files\dotnet\sdk\9.0.302\Sdks\Microsoft.NET.Sdk\targets\Microsoft.NET.Sdk.CSharp.targets(31,5): message : Réassignation de propriété : $(DefineConstants)="TRACE;DEBUG" (valeur précédente : "TRACE") à C:\Program Files\dotnet\sdk\9.0.302\Sdks\Microsoft.NET.Sdk\targets\Microsoft.NET.Sdk.CSharp.targets (31,5)
       C:\Program Files\dotnet\sdk\9.0.302\Sdks\Microsoft.NET.Sdk\targets\Microsoft.NET.Sdk.CSharp.targets(34,5): message : Réassignation de propriété : $(DefineConstants)="TRACE;DEBUG;NET;NET8_0;NETCOREAPP" (valeur précédente : "TRACE;DEBUG") à C:\Program Files\dotnet\sdk\9.0.302\Sdks\Microsoft.NET.Sdk\targets\Microsoft.NET.Sdk.CSharp.targets (34,5)
       C:\Program Files\dotnet\sdk\9.0.302\Sdks\Microsoft.NET.Sdk\targets\Microsoft.NET.Sdk.CSharp.targets(48,5): message : Réassignation de propriété : $(WarningsAsErrors)=";NU1605;SYSLIB0011" (valeur précédente : ";NU1605") à C:\Program Files\dotnet\sdk\9.0.302\Sdks\Microsoft.NET.Sdk\targets\Microsoft.NET.Sdk.CSharp.targets (48,5)
       C:\Program Files\dotnet\sdk\9.0.302\Sdks\NuGet.Build.Tasks.Pack\build\NuGet.Build.Tasks.Pack.targets(34,5): message : Réassignation de propriété : $(PackageDescription)="Package Description" (valeur précédente : "") à C:\Program Files\dotnet\sdk\9.0.302\Sdks\NuGet.Build.Tasks.Pack\build\NuGet.Build.Tasks.Pack.targets (34,5)
       C:\Program Files\dotnet\sdk\9.0.302\Sdks\NuGet.Build.Tasks.Pack\build\NuGet.Build.Tasks.Pack.targets(59,5): message : Réassignation de propriété : $(GenerateNuspecDependsOn)="Build;_LoadPackInputItems; _GetTargetFrameworksOutput; _WalkEachTargetPerFramework; _GetPackageFiles; " (valeur précédente : "_LoadPackInputItems; _GetTargetFrameworksOutput; _WalkEachTargetPerFramework; _GetPackageFiles; ") à C:\Program Files\dotnet\sdk\9.0.302\Sdks\NuGet.Build.Tasks.Pack\build\NuGet.Build.Tasks.Pack.targets (59,5)
       C:\Program Files\dotnet\sdk\9.0.302\Sdks\Microsoft.NET.Sdk\Sdk\Sdk.targets(60,5): message : Réassignation de propriété : $(_IsNotSetContainersTargetsDir)="true" (valeur précédente : "false") à C:\Program Files\dotnet\sdk\9.0.302\Sdks\Microsoft.NET.Sdk\Sdk\Sdk.targets (60,5)
       C:\Program Files\dotnet\sdk\9.0.302\Containers\build\Microsoft.NET.Build.Containers.targets(5,5): message : Réassignation de propriété : $(_IsSDKContainerAllowedVersion)="true" (valeur précédente : "false") à C:\Program Files\dotnet\sdk\9.0.302\Containers\build\Microsoft.NET.Build.Containers.targets (5,5)
       C:\Program Files\dotnet\sdk\9.0.302\Containers\build\Microsoft.NET.Build.Containers.targets(15,5): message : Réassignation de propriété : $(_ContainerIsTargetingNet8TFM)="true" (valeur précédente : "false") à C:\Program Files\dotnet\sdk\9.0.302\Containers\build\Microsoft.NET.Build.Containers.targets (15,5)
       C:\Program Files\dotnet\sdk\9.0.302\Sdks\Microsoft.NET.Sdk.StaticWebAssets\targets\Sdk.StaticWebAssets.CurrentVersion.targets(37,18): message : Propriété 'DOTNET_HOST_PATH' avec la valeur 'C:\Program Files\dotnet\dotnet.exe' développée à partir de l’environnement.
       C:\Program Files\dotnet\sdk\9.0.302\Sdks\Microsoft.NET.Sdk.StaticWebAssets\targets\Microsoft.NET.Sdk.StaticWebAssets.targets(286,5): message : Réassignation de propriété : $(PrepareForRunDependsOn)="StaticWebAssetsPrepareForRun;
       C:\Program Files\dotnet\sdk\9.0.302\Sdks\Microsoft.NET.Sdk.StaticWebAssets\targets\Microsoft.NET.Sdk.StaticWebAssets.targets(286,5): message :       CopyFilesToOutputDirectory
       C:\Program Files\dotnet\sdk\9.0.302\Sdks\Microsoft.NET.Sdk.StaticWebAssets\targets\Microsoft.NET.Sdk.StaticWebAssets.targets(286,5): message :     " (valeur précédente : "
       C:\Program Files\dotnet\sdk\9.0.302\Sdks\Microsoft.NET.Sdk.StaticWebAssets\targets\Microsoft.NET.Sdk.StaticWebAssets.targets(286,5): message :       CopyFilesToOutputDirectory
       C:\Program Files\dotnet\sdk\9.0.302\Sdks\Microsoft.NET.Sdk.StaticWebAssets\targets\Microsoft.NET.Sdk.StaticWebAssets.targets(286,5): message :     ") à C:\Program Files\dotnet\sdk\9.0.302\Sdks\Microsoft.NET.Sdk.StaticWebAssets\targets\Microsoft.NET.Sdk.StaticWebAssets.targets (286,5)
       C:\Program Files\dotnet\sdk\9.0.302\Sdks\Microsoft.NET.Sdk.StaticWebAssets\targets\Microsoft.NET.Sdk.StaticWebAssets.targets(323,5): message : Réassignation de propriété : $(GetCopyToOutputDirectoryItemsDependsOn)="
       C:\Program Files\dotnet\sdk\9.0.302\Sdks\Microsoft.NET.Sdk.StaticWebAssets\targets\Microsoft.NET.Sdk.StaticWebAssets.targets(323,5): message :       AssignTargetPaths;
       C:\Program Files\dotnet\sdk\9.0.302\Sdks\Microsoft.NET.Sdk.StaticWebAssets\targets\Microsoft.NET.Sdk.StaticWebAssets.targets(323,5): message :       
       C:\Program Files\dotnet\sdk\9.0.302\Sdks\Microsoft.NET.Sdk.StaticWebAssets\targets\Microsoft.NET.Sdk.StaticWebAssets.targets(323,5): message :       AssignProjectConfiguration;
       C:\Program Files\dotnet\sdk\9.0.302\Sdks\Microsoft.NET.Sdk.StaticWebAssets\targets\Microsoft.NET.Sdk.StaticWebAssets.targets(323,5): message :       _SplitProjectReferencesByFileExistence
       C:\Program Files\dotnet\sdk\9.0.302\Sdks\Microsoft.NET.Sdk.StaticWebAssets\targets\Microsoft.NET.Sdk.StaticWebAssets.targets(323,5): message :     ;
       C:\Program Files\dotnet\sdk\9.0.302\Sdks\Microsoft.NET.Sdk.StaticWebAssets\targets\Microsoft.NET.Sdk.StaticWebAssets.targets(323,5): message :       _GetProjectReferenceTargetFrameworkProperties;
       C:\Program Files\dotnet\sdk\9.0.302\Sdks\Microsoft.NET.Sdk.StaticWebAssets\targets\Microsoft.NET.Sdk.StaticWebAssets.targets(323,5): message :       _PopulateCommonStateForGetCopyToOutputDirectoryItems
       C:\Program Files\dotnet\sdk\9.0.302\Sdks\Microsoft.NET.Sdk.StaticWebAssets\targets\Microsoft.NET.Sdk.StaticWebAssets.targets(323,5): message :     ;AddStaticWebAssetsManifest;AddStaticWebAssetEndpointsBuildManifest" (valeur précédente : "
       C:\Program Files\dotnet\sdk\9.0.302\Sdks\Microsoft.NET.Sdk.StaticWebAssets\targets\Microsoft.NET.Sdk.StaticWebAssets.targets(323,5): message :       AssignTargetPaths;
       C:\Program Files\dotnet\sdk\9.0.302\Sdks\Microsoft.NET.Sdk.StaticWebAssets\targets\Microsoft.NET.Sdk.StaticWebAssets.targets(323,5): message :       
       C:\Program Files\dotnet\sdk\9.0.302\Sdks\Microsoft.NET.Sdk.StaticWebAssets\targets\Microsoft.NET.Sdk.StaticWebAssets.targets(323,5): message :       AssignProjectConfiguration;
       C:\Program Files\dotnet\sdk\9.0.302\Sdks\Microsoft.NET.Sdk.StaticWebAssets\targets\Microsoft.NET.Sdk.StaticWebAssets.targets(323,5): message :       _SplitProjectReferencesByFileExistence
       C:\Program Files\dotnet\sdk\9.0.302\Sdks\Microsoft.NET.Sdk.StaticWebAssets\targets\Microsoft.NET.Sdk.StaticWebAssets.targets(323,5): message :     ;
       C:\Program Files\dotnet\sdk\9.0.302\Sdks\Microsoft.NET.Sdk.StaticWebAssets\targets\Microsoft.NET.Sdk.StaticWebAssets.targets(323,5): message :       _GetProjectReferenceTargetFrameworkProperties;
       C:\Program Files\dotnet\sdk\9.0.302\Sdks\Microsoft.NET.Sdk.StaticWebAssets\targets\Microsoft.NET.Sdk.StaticWebAssets.targets(323,5): message :       _PopulateCommonStateForGetCopyToOutputDirectoryItems
       C:\Program Files\dotnet\sdk\9.0.302\Sdks\Microsoft.NET.Sdk.StaticWebAssets\targets\Microsoft.NET.Sdk.StaticWebAssets.targets(323,5): message :     ") à C:\Program Files\dotnet\sdk\9.0.302\Sdks\Microsoft.NET.Sdk.StaticWebAssets\targets\Microsoft.NET.Sdk.StaticWebAssets.targets (323,5)
       C:\Program Files\dotnet\sdk\9.0.302\Sdks\Microsoft.NET.Sdk.StaticWebAssets\targets\Microsoft.NET.Sdk.StaticWebAssets.Pack.targets(46,5): message : Réassignation de propriété : $(GenerateNuspecDependsOn)="
       C:\Program Files\dotnet\sdk\9.0.302\Sdks\Microsoft.NET.Sdk.StaticWebAssets\targets\Microsoft.NET.Sdk.StaticWebAssets.Pack.targets(46,5): message :       IncludeStaticWebAssetsPackItems;
       C:\Program Files\dotnet\sdk\9.0.302\Sdks\Microsoft.NET.Sdk.StaticWebAssets\targets\Microsoft.NET.Sdk.StaticWebAssets.Pack.targets(46,5): message :       Build;_LoadPackInputItems; _GetTargetFrameworksOutput; _WalkEachTargetPerFramework; _GetPackageFiles; ;
       C:\Program Files\dotnet\sdk\9.0.302\Sdks\Microsoft.NET.Sdk.StaticWebAssets\targets\Microsoft.NET.Sdk.StaticWebAssets.Pack.targets(46,5): message :     " (valeur précédente : "Build;_LoadPackInputItems; _GetTargetFrameworksOutput; _WalkEachTargetPerFramework; _GetPackageFiles; ") à C:\Program Files\dotnet\sdk\9.0.302\Sdks\Microsoft.NET.Sdk.StaticWebAssets\targets\Microsoft.NET.Sdk.StaticWebAssets.Pack.targets (46,5)
       C:\Program Files\dotnet\sdk\9.0.302\Sdks\Microsoft.NET.Sdk.StaticWebAssets\targets\Microsoft.NET.Sdk.StaticWebAssets.Pack.targets(55,5): message : Réassignation de propriété : $(IncludeStaticWebAssetsPackItemsDependsOn)="
       C:\Program Files\dotnet\sdk\9.0.302\Sdks\Microsoft.NET.Sdk.StaticWebAssets\targets\Microsoft.NET.Sdk.StaticWebAssets.Pack.targets(55,5): message :       Build;
       C:\Program Files\dotnet\sdk\9.0.302\Sdks\Microsoft.NET.Sdk.StaticWebAssets\targets\Microsoft.NET.Sdk.StaticWebAssets.Pack.targets(55,5): message :       ResolveStaticWebAssetsConfiguration;LoadStaticWebAssetsBuildManifest
       C:\Program Files\dotnet\sdk\9.0.302\Sdks\Microsoft.NET.Sdk.StaticWebAssets\targets\Microsoft.NET.Sdk.StaticWebAssets.Pack.targets(55,5): message :     ;
       C:\Program Files\dotnet\sdk\9.0.302\Sdks\Microsoft.NET.Sdk.StaticWebAssets\targets\Microsoft.NET.Sdk.StaticWebAssets.Pack.targets(55,5): message :     " (valeur précédente : "
       C:\Program Files\dotnet\sdk\9.0.302\Sdks\Microsoft.NET.Sdk.StaticWebAssets\targets\Microsoft.NET.Sdk.StaticWebAssets.Pack.targets(55,5): message :       ResolveStaticWebAssetsConfiguration;LoadStaticWebAssetsBuildManifest
       C:\Program Files\dotnet\sdk\9.0.302\Sdks\Microsoft.NET.Sdk.StaticWebAssets\targets\Microsoft.NET.Sdk.StaticWebAssets.Pack.targets(55,5): message :     ") à C:\Program Files\dotnet\sdk\9.0.302\Sdks\Microsoft.NET.Sdk.StaticWebAssets\targets\Microsoft.NET.Sdk.StaticWebAssets.Pack.targets (55,5)
       C:\Program Files\dotnet\sdk\9.0.302\Sdks\Microsoft.NET.Sdk.StaticWebAssets\targets\Microsoft.NET.Sdk.StaticWebAssets.ScopedCss.targets(55,3): message : Réassignation de propriété : $(ResolveStaticWebAssetsInputsDependsOn)="
       C:\Program Files\dotnet\sdk\9.0.302\Sdks\Microsoft.NET.Sdk.StaticWebAssets\targets\Microsoft.NET.Sdk.StaticWebAssets.ScopedCss.targets(55,3): message :     
       C:\Program Files\dotnet\sdk\9.0.302\Sdks\Microsoft.NET.Sdk.StaticWebAssets\targets\Microsoft.NET.Sdk.StaticWebAssets.ScopedCss.targets(55,3): message :       ResolveCoreStaticWebAssets;
       C:\Program Files\dotnet\sdk\9.0.302\Sdks\Microsoft.NET.Sdk.StaticWebAssets\targets\Microsoft.NET.Sdk.StaticWebAssets.ScopedCss.targets(55,3): message :       GenerateComputedBuildStaticWebAssets;
       C:\Program Files\dotnet\sdk\9.0.302\Sdks\Microsoft.NET.Sdk.StaticWebAssets\targets\Microsoft.NET.Sdk.StaticWebAssets.ScopedCss.targets(55,3): message :       
       C:\Program Files\dotnet\sdk\9.0.302\Sdks\Microsoft.NET.Sdk.StaticWebAssets\targets\Microsoft.NET.Sdk.StaticWebAssets.ScopedCss.targets(55,3): message :     ;
       C:\Program Files\dotnet\sdk\9.0.302\Sdks\Microsoft.NET.Sdk.StaticWebAssets\targets\Microsoft.NET.Sdk.StaticWebAssets.ScopedCss.targets(55,3): message :     ResolveScopedCssAssets;
       C:\Program Files\dotnet\sdk\9.0.302\Sdks\Microsoft.NET.Sdk.StaticWebAssets\targets\Microsoft.NET.Sdk.StaticWebAssets.ScopedCss.targets(55,3): message :   " (valeur précédente : "
       C:\Program Files\dotnet\sdk\9.0.302\Sdks\Microsoft.NET.Sdk.StaticWebAssets\targets\Microsoft.NET.Sdk.StaticWebAssets.ScopedCss.targets(55,3): message :       ResolveCoreStaticWebAssets;
       C:\Program Files\dotnet\sdk\9.0.302\Sdks\Microsoft.NET.Sdk.StaticWebAssets\targets\Microsoft.NET.Sdk.StaticWebAssets.ScopedCss.targets(55,3): message :       GenerateComputedBuildStaticWebAssets;
       C:\Program Files\dotnet\sdk\9.0.302\Sdks\Microsoft.NET.Sdk.StaticWebAssets\targets\Microsoft.NET.Sdk.StaticWebAssets.ScopedCss.targets(55,3): message :       
       C:\Program Files\dotnet\sdk\9.0.302\Sdks\Microsoft.NET.Sdk.StaticWebAssets\targets\Microsoft.NET.Sdk.StaticWebAssets.ScopedCss.targets(55,3): message :     ") à C:\Program Files\dotnet\sdk\9.0.302\Sdks\Microsoft.NET.Sdk.StaticWebAssets\targets\Microsoft.NET.Sdk.StaticWebAssets.ScopedCss.targets (55,3)
       C:\Program Files\dotnet\sdk\9.0.302\Sdks\Microsoft.NET.Sdk.StaticWebAssets\targets\Microsoft.NET.Sdk.StaticWebAssets.ScopedCss.targets(88,3): message : Réassignation de propriété : $(GenerateComputedBuildStaticWebAssetsDependsOn)="
       C:\Program Files\dotnet\sdk\9.0.302\Sdks\Microsoft.NET.Sdk.StaticWebAssets\targets\Microsoft.NET.Sdk.StaticWebAssets.ScopedCss.targets(88,3): message :     ResolveCoreStaticWebAssets;;
       C:\Program Files\dotnet\sdk\9.0.302\Sdks\Microsoft.NET.Sdk.StaticWebAssets\targets\Microsoft.NET.Sdk.StaticWebAssets.ScopedCss.targets(88,3): message :     BundleScopedCssFiles;
       C:\Program Files\dotnet\sdk\9.0.302\Sdks\Microsoft.NET.Sdk.StaticWebAssets\targets\Microsoft.NET.Sdk.StaticWebAssets.ScopedCss.targets(88,3): message :   " (valeur précédente : "ResolveCoreStaticWebAssets;") à C:\Program Files\dotnet\sdk\9.0.302\Sdks\Microsoft.NET.Sdk.StaticWebAssets\targets\Microsoft.NET.Sdk.StaticWebAssets.ScopedCss.targets (88,3)
       C:\Program Files\dotnet\sdk\9.0.302\Sdks\Microsoft.NET.Sdk.StaticWebAssets\targets\Microsoft.NET.Sdk.StaticWebAssets.JSModules.targets(37,5): message : Réassignation de propriété : $(ResolveCoreStaticWebAssetsDependsOn)="
       C:\Program Files\dotnet\sdk\9.0.302\Sdks\Microsoft.NET.Sdk.StaticWebAssets\targets\Microsoft.NET.Sdk.StaticWebAssets.JSModules.targets(37,5): message :       
       C:\Program Files\dotnet\sdk\9.0.302\Sdks\Microsoft.NET.Sdk.StaticWebAssets\targets\Microsoft.NET.Sdk.StaticWebAssets.JSModules.targets(37,5): message :       UpdateExistingPackageStaticWebAssets;
       C:\Program Files\dotnet\sdk\9.0.302\Sdks\Microsoft.NET.Sdk.StaticWebAssets\targets\Microsoft.NET.Sdk.StaticWebAssets.JSModules.targets(37,5): message :       ResolveProjectStaticWebAssets;
       C:\Program Files\dotnet\sdk\9.0.302\Sdks\Microsoft.NET.Sdk.StaticWebAssets\targets\Microsoft.NET.Sdk.StaticWebAssets.JSModules.targets(37,5): message :       ResolveEmbeddedProjectsStaticWebAssets;
       C:\Program Files\dotnet\sdk\9.0.302\Sdks\Microsoft.NET.Sdk.StaticWebAssets\targets\Microsoft.NET.Sdk.StaticWebAssets.JSModules.targets(37,5): message :       ResolveReferencedProjectsStaticWebAssets;
       C:\Program Files\dotnet\sdk\9.0.302\Sdks\Microsoft.NET.Sdk.StaticWebAssets\targets\Microsoft.NET.Sdk.StaticWebAssets.JSModules.targets(37,5): message :       ;
       C:\Program Files\dotnet\sdk\9.0.302\Sdks\Microsoft.NET.Sdk.StaticWebAssets\targets\Microsoft.NET.Sdk.StaticWebAssets.JSModules.targets(37,5): message :     ;
       C:\Program Files\dotnet\sdk\9.0.302\Sdks\Microsoft.NET.Sdk.StaticWebAssets\targets\Microsoft.NET.Sdk.StaticWebAssets.JSModules.targets(37,5): message :       ResolveJsInitializerModuleStaticWebAssets;
       C:\Program Files\dotnet\sdk\9.0.302\Sdks\Microsoft.NET.Sdk.StaticWebAssets\targets\Microsoft.NET.Sdk.StaticWebAssets.JSModules.targets(37,5): message :     " (valeur précédente : "
       C:\Program Files\dotnet\sdk\9.0.302\Sdks\Microsoft.NET.Sdk.StaticWebAssets\targets\Microsoft.NET.Sdk.StaticWebAssets.JSModules.targets(37,5): message :       UpdateExistingPackageStaticWebAssets;
       C:\Program Files\dotnet\sdk\9.0.302\Sdks\Microsoft.NET.Sdk.StaticWebAssets\targets\Microsoft.NET.Sdk.StaticWebAssets.JSModules.targets(37,5): message :       ResolveProjectStaticWebAssets;
       C:\Program Files\dotnet\sdk\9.0.302\Sdks\Microsoft.NET.Sdk.StaticWebAssets\targets\Microsoft.NET.Sdk.StaticWebAssets.JSModules.targets(37,5): message :       ResolveEmbeddedProjectsStaticWebAssets;
       C:\Program Files\dotnet\sdk\9.0.302\Sdks\Microsoft.NET.Sdk.StaticWebAssets\targets\Microsoft.NET.Sdk.StaticWebAssets.JSModules.targets(37,5): message :       ResolveReferencedProjectsStaticWebAssets;
       C:\Program Files\dotnet\sdk\9.0.302\Sdks\Microsoft.NET.Sdk.StaticWebAssets\targets\Microsoft.NET.Sdk.StaticWebAssets.JSModules.targets(37,5): message :       ;
       C:\Program Files\dotnet\sdk\9.0.302\Sdks\Microsoft.NET.Sdk.StaticWebAssets\targets\Microsoft.NET.Sdk.StaticWebAssets.JSModules.targets(37,5): message :     ") à C:\Program Files\dotnet\sdk\9.0.302\Sdks\Microsoft.NET.Sdk.StaticWebAssets\targets\Microsoft.NET.Sdk.StaticWebAssets.JSModules.targets (37,5)
       C:\Program Files\dotnet\sdk\9.0.302\Sdks\Microsoft.NET.Sdk.StaticWebAssets\targets\Microsoft.NET.Sdk.StaticWebAssets.JSModules.targets(42,5): message : Réassignation de propriété : $(ResolveCoreStaticWebAssetsDependsOn)="
       C:\Program Files\dotnet\sdk\9.0.302\Sdks\Microsoft.NET.Sdk.StaticWebAssets\targets\Microsoft.NET.Sdk.StaticWebAssets.JSModules.targets(42,5): message :       
       C:\Program Files\dotnet\sdk\9.0.302\Sdks\Microsoft.NET.Sdk.StaticWebAssets\targets\Microsoft.NET.Sdk.StaticWebAssets.JSModules.targets(42,5): message :       
       C:\Program Files\dotnet\sdk\9.0.302\Sdks\Microsoft.NET.Sdk.StaticWebAssets\targets\Microsoft.NET.Sdk.StaticWebAssets.JSModules.targets(42,5): message :       UpdateExistingPackageStaticWebAssets;
       C:\Program Files\dotnet\sdk\9.0.302\Sdks\Microsoft.NET.Sdk.StaticWebAssets\targets\Microsoft.NET.Sdk.StaticWebAssets.JSModules.targets(42,5): message :       ResolveProjectStaticWebAssets;
       C:\Program Files\dotnet\sdk\9.0.302\Sdks\Microsoft.NET.Sdk.StaticWebAssets\targets\Microsoft.NET.Sdk.StaticWebAssets.JSModules.targets(42,5): message :       ResolveEmbeddedProjectsStaticWebAssets;
       C:\Program Files\dotnet\sdk\9.0.302\Sdks\Microsoft.NET.Sdk.StaticWebAssets\targets\Microsoft.NET.Sdk.StaticWebAssets.JSModules.targets(42,5): message :       ResolveReferencedProjectsStaticWebAssets;
       C:\Program Files\dotnet\sdk\9.0.302\Sdks\Microsoft.NET.Sdk.StaticWebAssets\targets\Microsoft.NET.Sdk.StaticWebAssets.JSModules.targets(42,5): message :       ;
       C:\Program Files\dotnet\sdk\9.0.302\Sdks\Microsoft.NET.Sdk.StaticWebAssets\targets\Microsoft.NET.Sdk.StaticWebAssets.JSModules.targets(42,5): message :     ;
       C:\Program Files\dotnet\sdk\9.0.302\Sdks\Microsoft.NET.Sdk.StaticWebAssets\targets\Microsoft.NET.Sdk.StaticWebAssets.JSModules.targets(42,5): message :       ResolveJsInitializerModuleStaticWebAssets;
       C:\Program Files\dotnet\sdk\9.0.302\Sdks\Microsoft.NET.Sdk.StaticWebAssets\targets\Microsoft.NET.Sdk.StaticWebAssets.JSModules.targets(42,5): message :     ;
       C:\Program Files\dotnet\sdk\9.0.302\Sdks\Microsoft.NET.Sdk.StaticWebAssets\targets\Microsoft.NET.Sdk.StaticWebAssets.JSModules.targets(42,5): message :       ResolveJSModuleStaticWebAssets;
       C:\Program Files\dotnet\sdk\9.0.302\Sdks\Microsoft.NET.Sdk.StaticWebAssets\targets\Microsoft.NET.Sdk.StaticWebAssets.JSModules.targets(42,5): message :     " (valeur précédente : "
       C:\Program Files\dotnet\sdk\9.0.302\Sdks\Microsoft.NET.Sdk.StaticWebAssets\targets\Microsoft.NET.Sdk.StaticWebAssets.JSModules.targets(42,5): message :       
       C:\Program Files\dotnet\sdk\9.0.302\Sdks\Microsoft.NET.Sdk.StaticWebAssets\targets\Microsoft.NET.Sdk.StaticWebAssets.JSModules.targets(42,5): message :       UpdateExistingPackageStaticWebAssets;
       C:\Program Files\dotnet\sdk\9.0.302\Sdks\Microsoft.NET.Sdk.StaticWebAssets\targets\Microsoft.NET.Sdk.StaticWebAssets.JSModules.targets(42,5): message :       ResolveProjectStaticWebAssets;
       C:\Program Files\dotnet\sdk\9.0.302\Sdks\Microsoft.NET.Sdk.StaticWebAssets\targets\Microsoft.NET.Sdk.StaticWebAssets.JSModules.targets(42,5): message :       ResolveEmbeddedProjectsStaticWebAssets;
       C:\Program Files\dotnet\sdk\9.0.302\Sdks\Microsoft.NET.Sdk.StaticWebAssets\targets\Microsoft.NET.Sdk.StaticWebAssets.JSModules.targets(42,5): message :       ResolveReferencedProjectsStaticWebAssets;
       C:\Program Files\dotnet\sdk\9.0.302\Sdks\Microsoft.NET.Sdk.StaticWebAssets\targets\Microsoft.NET.Sdk.StaticWebAssets.JSModules.targets(42,5): message :       ;
       C:\Program Files\dotnet\sdk\9.0.302\Sdks\Microsoft.NET.Sdk.StaticWebAssets\targets\Microsoft.NET.Sdk.StaticWebAssets.JSModules.targets(42,5): message :     ;
       C:\Program Files\dotnet\sdk\9.0.302\Sdks\Microsoft.NET.Sdk.StaticWebAssets\targets\Microsoft.NET.Sdk.StaticWebAssets.JSModules.targets(42,5): message :       ResolveJsInitializerModuleStaticWebAssets;
       C:\Program Files\dotnet\sdk\9.0.302\Sdks\Microsoft.NET.Sdk.StaticWebAssets\targets\Microsoft.NET.Sdk.StaticWebAssets.JSModules.targets(42,5): message :     ") à C:\Program Files\dotnet\sdk\9.0.302\Sdks\Microsoft.NET.Sdk.StaticWebAssets\targets\Microsoft.NET.Sdk.StaticWebAssets.JSModules.targets (42,5)
       C:\Program Files\dotnet\sdk\9.0.302\Sdks\Microsoft.NET.Sdk.StaticWebAssets\targets\Microsoft.NET.Sdk.StaticWebAssets.JSModules.targets(57,5): message : Réassignation de propriété : $(ResolveStaticWebAssetsInputsDependsOn)="
       C:\Program Files\dotnet\sdk\9.0.302\Sdks\Microsoft.NET.Sdk.StaticWebAssets\targets\Microsoft.NET.Sdk.StaticWebAssets.JSModules.targets(57,5): message :       ResolveJSModuleManifestBuildStaticWebAssets;
       C:\Program Files\dotnet\sdk\9.0.302\Sdks\Microsoft.NET.Sdk.StaticWebAssets\targets\Microsoft.NET.Sdk.StaticWebAssets.JSModules.targets(57,5): message :       
       C:\Program Files\dotnet\sdk\9.0.302\Sdks\Microsoft.NET.Sdk.StaticWebAssets\targets\Microsoft.NET.Sdk.StaticWebAssets.JSModules.targets(57,5): message :     
       C:\Program Files\dotnet\sdk\9.0.302\Sdks\Microsoft.NET.Sdk.StaticWebAssets\targets\Microsoft.NET.Sdk.StaticWebAssets.JSModules.targets(57,5): message :       ResolveCoreStaticWebAssets;
       C:\Program Files\dotnet\sdk\9.0.302\Sdks\Microsoft.NET.Sdk.StaticWebAssets\targets\Microsoft.NET.Sdk.StaticWebAssets.JSModules.targets(57,5): message :       GenerateComputedBuildStaticWebAssets;
       C:\Program Files\dotnet\sdk\9.0.302\Sdks\Microsoft.NET.Sdk.StaticWebAssets\targets\Microsoft.NET.Sdk.StaticWebAssets.JSModules.targets(57,5): message :       
       C:\Program Files\dotnet\sdk\9.0.302\Sdks\Microsoft.NET.Sdk.StaticWebAssets\targets\Microsoft.NET.Sdk.StaticWebAssets.JSModules.targets(57,5): message :     ;
       C:\Program Files\dotnet\sdk\9.0.302\Sdks\Microsoft.NET.Sdk.StaticWebAssets\targets\Microsoft.NET.Sdk.StaticWebAssets.JSModules.targets(57,5): message :     ResolveScopedCssAssets;
       C:\Program Files\dotnet\sdk\9.0.302\Sdks\Microsoft.NET.Sdk.StaticWebAssets\targets\Microsoft.NET.Sdk.StaticWebAssets.JSModules.targets(57,5): message :   
       C:\Program Files\dotnet\sdk\9.0.302\Sdks\Microsoft.NET.Sdk.StaticWebAssets\targets\Microsoft.NET.Sdk.StaticWebAssets.JSModules.targets(57,5): message :     " (valeur précédente : "
       C:\Program Files\dotnet\sdk\9.0.302\Sdks\Microsoft.NET.Sdk.StaticWebAssets\targets\Microsoft.NET.Sdk.StaticWebAssets.JSModules.targets(57,5): message :     
       C:\Program Files\dotnet\sdk\9.0.302\Sdks\Microsoft.NET.Sdk.StaticWebAssets\targets\Microsoft.NET.Sdk.StaticWebAssets.JSModules.targets(57,5): message :       ResolveCoreStaticWebAssets;
       C:\Program Files\dotnet\sdk\9.0.302\Sdks\Microsoft.NET.Sdk.StaticWebAssets\targets\Microsoft.NET.Sdk.StaticWebAssets.JSModules.targets(57,5): message :       GenerateComputedBuildStaticWebAssets;
       C:\Program Files\dotnet\sdk\9.0.302\Sdks\Microsoft.NET.Sdk.StaticWebAssets\targets\Microsoft.NET.Sdk.StaticWebAssets.JSModules.targets(57,5): message :       
       C:\Program Files\dotnet\sdk\9.0.302\Sdks\Microsoft.NET.Sdk.StaticWebAssets\targets\Microsoft.NET.Sdk.StaticWebAssets.JSModules.targets(57,5): message :     ;
       C:\Program Files\dotnet\sdk\9.0.302\Sdks\Microsoft.NET.Sdk.StaticWebAssets\targets\Microsoft.NET.Sdk.StaticWebAssets.JSModules.targets(57,5): message :     ResolveScopedCssAssets;
       C:\Program Files\dotnet\sdk\9.0.302\Sdks\Microsoft.NET.Sdk.StaticWebAssets\targets\Microsoft.NET.Sdk.StaticWebAssets.JSModules.targets(57,5): message :   ") à C:\Program Files\dotnet\sdk\9.0.302\Sdks\Microsoft.NET.Sdk.StaticWebAssets\targets\Microsoft.NET.Sdk.StaticWebAssets.JSModules.targets (57,5)
       C:\Program Files\dotnet\sdk\9.0.302\Sdks\Microsoft.NET.Sdk.StaticWebAssets\targets\Microsoft.NET.Sdk.StaticWebAssets.JSModules.targets(76,5): message : Réassignation de propriété : $(ResolvePublishStaticWebAssetsDependsOn)="
       C:\Program Files\dotnet\sdk\9.0.302\Sdks\Microsoft.NET.Sdk.StaticWebAssets\targets\Microsoft.NET.Sdk.StaticWebAssets.JSModules.targets(76,5): message :       ResolveJSModuleManifestPublishStaticWebAssets;
       C:\Program Files\dotnet\sdk\9.0.302\Sdks\Microsoft.NET.Sdk.StaticWebAssets\targets\Microsoft.NET.Sdk.StaticWebAssets.JSModules.targets(76,5): message :       
       C:\Program Files\dotnet\sdk\9.0.302\Sdks\Microsoft.NET.Sdk.StaticWebAssets\targets\Microsoft.NET.Sdk.StaticWebAssets.JSModules.targets(76,5): message :       ResolveCorePublishStaticWebAssets;
       C:\Program Files\dotnet\sdk\9.0.302\Sdks\Microsoft.NET.Sdk.StaticWebAssets\targets\Microsoft.NET.Sdk.StaticWebAssets.JSModules.targets(76,5): message :       GenerateComputedPublishStaticWebAssets;
       C:\Program Files\dotnet\sdk\9.0.302\Sdks\Microsoft.NET.Sdk.StaticWebAssets\targets\Microsoft.NET.Sdk.StaticWebAssets.JSModules.targets(76,5): message :       ;
       C:\Program Files\dotnet\sdk\9.0.302\Sdks\Microsoft.NET.Sdk.StaticWebAssets\targets\Microsoft.NET.Sdk.StaticWebAssets.JSModules.targets(76,5): message :     
       C:\Program Files\dotnet\sdk\9.0.302\Sdks\Microsoft.NET.Sdk.StaticWebAssets\targets\Microsoft.NET.Sdk.StaticWebAssets.JSModules.targets(76,5): message :     " (valeur précédente : "
       C:\Program Files\dotnet\sdk\9.0.302\Sdks\Microsoft.NET.Sdk.StaticWebAssets\targets\Microsoft.NET.Sdk.StaticWebAssets.JSModules.targets(76,5): message :       ResolveCorePublishStaticWebAssets;
       C:\Program Files\dotnet\sdk\9.0.302\Sdks\Microsoft.NET.Sdk.StaticWebAssets\targets\Microsoft.NET.Sdk.StaticWebAssets.JSModules.targets(76,5): message :       GenerateComputedPublishStaticWebAssets;
       C:\Program Files\dotnet\sdk\9.0.302\Sdks\Microsoft.NET.Sdk.StaticWebAssets\targets\Microsoft.NET.Sdk.StaticWebAssets.JSModules.targets(76,5): message :       ;
       C:\Program Files\dotnet\sdk\9.0.302\Sdks\Microsoft.NET.Sdk.StaticWebAssets\targets\Microsoft.NET.Sdk.StaticWebAssets.JSModules.targets(76,5): message :     ") à C:\Program Files\dotnet\sdk\9.0.302\Sdks\Microsoft.NET.Sdk.StaticWebAssets\targets\Microsoft.NET.Sdk.StaticWebAssets.JSModules.targets (76,5)
       C:\Program Files\dotnet\sdk\9.0.302\Sdks\Microsoft.NET.Sdk.StaticWebAssets\targets\Microsoft.NET.Sdk.StaticWebAssets.Compression.targets(179,5): message : Réassignation de propriété : $(ResolveBuildRelatedStaticWebAssetsDependsOn)="
       C:\Program Files\dotnet\sdk\9.0.302\Sdks\Microsoft.NET.Sdk.StaticWebAssets\targets\Microsoft.NET.Sdk.StaticWebAssets.Compression.targets(179,5): message :       ResolveBuildCompressedStaticWebAssets;
       C:\Program Files\dotnet\sdk\9.0.302\Sdks\Microsoft.NET.Sdk.StaticWebAssets\targets\Microsoft.NET.Sdk.StaticWebAssets.Compression.targets(179,5): message :       
       C:\Program Files\dotnet\sdk\9.0.302\Sdks\Microsoft.NET.Sdk.StaticWebAssets\targets\Microsoft.NET.Sdk.StaticWebAssets.Compression.targets(179,5): message :       ResolveStaticWebAssetsInputs;
       C:\Program Files\dotnet\sdk\9.0.302\Sdks\Microsoft.NET.Sdk.StaticWebAssets\targets\Microsoft.NET.Sdk.StaticWebAssets.Compression.targets(179,5): message :       
       C:\Program Files\dotnet\sdk\9.0.302\Sdks\Microsoft.NET.Sdk.StaticWebAssets\targets\Microsoft.NET.Sdk.StaticWebAssets.Compression.targets(179,5): message :     
       C:\Program Files\dotnet\sdk\9.0.302\Sdks\Microsoft.NET.Sdk.StaticWebAssets\targets\Microsoft.NET.Sdk.StaticWebAssets.Compression.targets(179,5): message :     " (valeur précédente : "
       C:\Program Files\dotnet\sdk\9.0.302\Sdks\Microsoft.NET.Sdk.StaticWebAssets\targets\Microsoft.NET.Sdk.StaticWebAssets.Compression.targets(179,5): message :       ResolveStaticWebAssetsInputs;
       C:\Program Files\dotnet\sdk\9.0.302\Sdks\Microsoft.NET.Sdk.StaticWebAssets\targets\Microsoft.NET.Sdk.StaticWebAssets.Compression.targets(179,5): message :       
       C:\Program Files\dotnet\sdk\9.0.302\Sdks\Microsoft.NET.Sdk.StaticWebAssets\targets\Microsoft.NET.Sdk.StaticWebAssets.Compression.targets(179,5): message :     ") à C:\Program Files\dotnet\sdk\9.0.302\Sdks\Microsoft.NET.Sdk.StaticWebAssets\targets\Microsoft.NET.Sdk.StaticWebAssets.Compression.targets (179,5)
       C:\Program Files\dotnet\sdk\9.0.302\Sdks\Microsoft.NET.Sdk.StaticWebAssets\targets\Microsoft.NET.Sdk.StaticWebAssets.Compression.targets(198,5): message : Réassignation de propriété : $(ResolvePublishRelatedStaticWebAssetsDependsOn)="
       C:\Program Files\dotnet\sdk\9.0.302\Sdks\Microsoft.NET.Sdk.StaticWebAssets\targets\Microsoft.NET.Sdk.StaticWebAssets.Compression.targets(198,5): message :       ResolvePublishCompressedStaticWebAssets;
       C:\Program Files\dotnet\sdk\9.0.302\Sdks\Microsoft.NET.Sdk.StaticWebAssets\targets\Microsoft.NET.Sdk.StaticWebAssets.Compression.targets(198,5): message :       
       C:\Program Files\dotnet\sdk\9.0.302\Sdks\Microsoft.NET.Sdk.StaticWebAssets\targets\Microsoft.NET.Sdk.StaticWebAssets.Compression.targets(198,5): message :     " (valeur précédente : "") à C:\Program Files\dotnet\sdk\9.0.302\Sdks\Microsoft.NET.Sdk.StaticWebAssets\targets\Microsoft.NET.Sdk.StaticWebAssets.Compression.targets (198,5)
       C:\Program Files\dotnet\sdk\9.0.302\Sdks\Microsoft.NET.Sdk.Razor\targets\Sdk.Razor.CurrentVersion.targets(205,5): message : Réassignation de propriété : $(DebugSymbolsProjectOutputGroupDependsOn)="
       C:\Program Files\dotnet\sdk\9.0.302\Sdks\Microsoft.NET.Sdk.Razor\targets\Sdk.Razor.CurrentVersion.targets(205,5): message :       ;
       C:\Program Files\dotnet\sdk\9.0.302\Sdks\Microsoft.NET.Sdk.Razor\targets\Sdk.Razor.CurrentVersion.targets(205,5): message :       _RazorAddDebugSymbolsProjectOutputGroupOutput
       C:\Program Files\dotnet\sdk\9.0.302\Sdks\Microsoft.NET.Sdk.Razor\targets\Sdk.Razor.CurrentVersion.targets(205,5): message :     " (valeur précédente : "") à C:\Program Files\dotnet\sdk\9.0.302\Sdks\Microsoft.NET.Sdk.Razor\targets\Sdk.Razor.CurrentVersion.targets (205,5)
       C:\Program Files\dotnet\sdk\9.0.302\Sdks\Microsoft.NET.Sdk.Razor\targets\Sdk.Razor.CurrentVersion.targets(210,5): message : Réassignation de propriété : $(PrepareForBuildDependsOn)="
       C:\Program Files\dotnet\sdk\9.0.302\Sdks\Microsoft.NET.Sdk.Razor\targets\Sdk.Razor.CurrentVersion.targets(210,5): message :       ;GetFrameworkPaths;GetReferenceAssemblyPaths;AssignLinkMetadata;
       C:\Program Files\dotnet\sdk\9.0.302\Sdks\Microsoft.NET.Sdk.Razor\targets\Sdk.Razor.CurrentVersion.targets(210,5): message :       ResolveRazorGenerateInputs
       C:\Program Files\dotnet\sdk\9.0.302\Sdks\Microsoft.NET.Sdk.Razor\targets\Sdk.Razor.CurrentVersion.targets(210,5): message :     " (valeur précédente : ";GetFrameworkPaths;GetReferenceAssemblyPaths;AssignLinkMetadata") à C:\Program Files\dotnet\sdk\9.0.302\Sdks\Microsoft.NET.Sdk.Razor\targets\Sdk.Razor.CurrentVersion.targets (210,5)
       C:\Program Files\dotnet\sdk\9.0.302\Sdks\Microsoft.NET.Sdk.Razor\targets\Sdk.Razor.CurrentVersion.targets(215,5): message : Réassignation de propriété : $(GenerateNuspecDependsOn)="
       C:\Program Files\dotnet\sdk\9.0.302\Sdks\Microsoft.NET.Sdk.Razor\targets\Sdk.Razor.CurrentVersion.targets(215,5): message :       ResolveRazorGenerateInputs;
       C:\Program Files\dotnet\sdk\9.0.302\Sdks\Microsoft.NET.Sdk.Razor\targets\Sdk.Razor.CurrentVersion.targets(215,5): message :       
       C:\Program Files\dotnet\sdk\9.0.302\Sdks\Microsoft.NET.Sdk.Razor\targets\Sdk.Razor.CurrentVersion.targets(215,5): message :       IncludeStaticWebAssetsPackItems;
       C:\Program Files\dotnet\sdk\9.0.302\Sdks\Microsoft.NET.Sdk.Razor\targets\Sdk.Razor.CurrentVersion.targets(215,5): message :       Build;_LoadPackInputItems; _GetTargetFrameworksOutput; _WalkEachTargetPerFramework; _GetPackageFiles; ;
       C:\Program Files\dotnet\sdk\9.0.302\Sdks\Microsoft.NET.Sdk.Razor\targets\Sdk.Razor.CurrentVersion.targets(215,5): message :     
       C:\Program Files\dotnet\sdk\9.0.302\Sdks\Microsoft.NET.Sdk.Razor\targets\Sdk.Razor.CurrentVersion.targets(215,5): message :     " (valeur précédente : "
       C:\Program Files\dotnet\sdk\9.0.302\Sdks\Microsoft.NET.Sdk.Razor\targets\Sdk.Razor.CurrentVersion.targets(215,5): message :       IncludeStaticWebAssetsPackItems;
       C:\Program Files\dotnet\sdk\9.0.302\Sdks\Microsoft.NET.Sdk.Razor\targets\Sdk.Razor.CurrentVersion.targets(215,5): message :       Build;_LoadPackInputItems; _GetTargetFrameworksOutput; _WalkEachTargetPerFramework; _GetPackageFiles; ;
       C:\Program Files\dotnet\sdk\9.0.302\Sdks\Microsoft.NET.Sdk.Razor\targets\Sdk.Razor.CurrentVersion.targets(215,5): message :     ") à C:\Program Files\dotnet\sdk\9.0.302\Sdks\Microsoft.NET.Sdk.Razor\targets\Sdk.Razor.CurrentVersion.targets (215,5)
       C:\Program Files\dotnet\sdk\9.0.302\Sdks\Microsoft.NET.Sdk.Razor\targets\Sdk.Razor.CurrentVersion.targets(220,5): message : Réassignation de propriété : $(PrepareForRunDependsOn)="
       C:\Program Files\dotnet\sdk\9.0.302\Sdks\Microsoft.NET.Sdk.Razor\targets\Sdk.Razor.CurrentVersion.targets(220,5): message :       _RazorPrepareForRun;
       C:\Program Files\dotnet\sdk\9.0.302\Sdks\Microsoft.NET.Sdk.Razor\targets\Sdk.Razor.CurrentVersion.targets(220,5): message :       StaticWebAssetsPrepareForRun;
       C:\Program Files\dotnet\sdk\9.0.302\Sdks\Microsoft.NET.Sdk.Razor\targets\Sdk.Razor.CurrentVersion.targets(220,5): message :       CopyFilesToOutputDirectory
       C:\Program Files\dotnet\sdk\9.0.302\Sdks\Microsoft.NET.Sdk.Razor\targets\Sdk.Razor.CurrentVersion.targets(220,5): message :     
       C:\Program Files\dotnet\sdk\9.0.302\Sdks\Microsoft.NET.Sdk.Razor\targets\Sdk.Razor.CurrentVersion.targets(220,5): message :     " (valeur précédente : "StaticWebAssetsPrepareForRun;
       C:\Program Files\dotnet\sdk\9.0.302\Sdks\Microsoft.NET.Sdk.Razor\targets\Sdk.Razor.CurrentVersion.targets(220,5): message :       CopyFilesToOutputDirectory
       C:\Program Files\dotnet\sdk\9.0.302\Sdks\Microsoft.NET.Sdk.Razor\targets\Sdk.Razor.CurrentVersion.targets(220,5): message :     ") à C:\Program Files\dotnet\sdk\9.0.302\Sdks\Microsoft.NET.Sdk.Razor\targets\Sdk.Razor.CurrentVersion.targets (220,5)
       C:\Program Files\dotnet\sdk\9.0.302\Sdks\Microsoft.NET.Sdk.Razor\targets\Sdk.Razor.CurrentVersion.targets(311,5): message : Réassignation de propriété : $(UseRazorBuildServer)="true" (valeur précédente : "") à C:\Program Files\dotnet\sdk\9.0.302\Sdks\Microsoft.NET.Sdk.Razor\targets\Sdk.Razor.CurrentVersion.targets (311,5)
       C:\Program Files\dotnet\sdk\9.0.302\Sdks\Microsoft.NET.Sdk.Razor\targets\Sdk.Razor.CurrentVersion.targets(317,5): message : Réassignation de propriété : $(_RazorDebugSymbolsProduced)="true" (valeur précédente : "false") à C:\Program Files\dotnet\sdk\9.0.302\Sdks\Microsoft.NET.Sdk.Razor\targets\Sdk.Razor.CurrentVersion.targets (317,5)
       C:\Program Files\dotnet\sdk\9.0.302\Sdks\Microsoft.NET.Sdk.Razor\targets\Microsoft.NET.Sdk.Razor.GenerateAssemblyInfo.targets(36,5): message : Réassignation de propriété : $(GenerateRazorTargetAssemblyInfoDependsOn)="
       C:\Program Files\dotnet\sdk\9.0.302\Sdks\Microsoft.NET.Sdk.Razor\targets\Microsoft.NET.Sdk.Razor.GenerateAssemblyInfo.targets(36,5): message :       _ResolveMvcAssemblyAttributes;
       C:\Program Files\dotnet\sdk\9.0.302\Sdks\Microsoft.NET.Sdk.Razor\targets\Microsoft.NET.Sdk.Razor.GenerateAssemblyInfo.targets(36,5): message :       
       C:\Program Files\dotnet\sdk\9.0.302\Sdks\Microsoft.NET.Sdk.Razor\targets\Microsoft.NET.Sdk.Razor.GenerateAssemblyInfo.targets(36,5): message :       GetRazorTargetAssemblyAttributes;
       C:\Program Files\dotnet\sdk\9.0.302\Sdks\Microsoft.NET.Sdk.Razor\targets\Microsoft.NET.Sdk.Razor.GenerateAssemblyInfo.targets(36,5): message :       _CreateRazorTargetAssemblyInfoInputsCacheFile;
       C:\Program Files\dotnet\sdk\9.0.302\Sdks\Microsoft.NET.Sdk.Razor\targets\Microsoft.NET.Sdk.Razor.GenerateAssemblyInfo.targets(36,5): message :       CoreGenerateRazorTargetAssemblyInfo
       C:\Program Files\dotnet\sdk\9.0.302\Sdks\Microsoft.NET.Sdk.Razor\targets\Microsoft.NET.Sdk.Razor.GenerateAssemblyInfo.targets(36,5): message :     
       C:\Program Files\dotnet\sdk\9.0.302\Sdks\Microsoft.NET.Sdk.Razor\targets\Microsoft.NET.Sdk.Razor.GenerateAssemblyInfo.targets(36,5): message :     " (valeur précédente : "
       C:\Program Files\dotnet\sdk\9.0.302\Sdks\Microsoft.NET.Sdk.Razor\targets\Microsoft.NET.Sdk.Razor.GenerateAssemblyInfo.targets(36,5): message :       GetRazorTargetAssemblyAttributes;
       C:\Program Files\dotnet\sdk\9.0.302\Sdks\Microsoft.NET.Sdk.Razor\targets\Microsoft.NET.Sdk.Razor.GenerateAssemblyInfo.targets(36,5): message :       _CreateRazorTargetAssemblyInfoInputsCacheFile;
       C:\Program Files\dotnet\sdk\9.0.302\Sdks\Microsoft.NET.Sdk.Razor\targets\Microsoft.NET.Sdk.Razor.GenerateAssemblyInfo.targets(36,5): message :       CoreGenerateRazorTargetAssemblyInfo
       C:\Program Files\dotnet\sdk\9.0.302\Sdks\Microsoft.NET.Sdk.Razor\targets\Microsoft.NET.Sdk.Razor.GenerateAssemblyInfo.targets(36,5): message :     ") à C:\Program Files\dotnet\sdk\9.0.302\Sdks\Microsoft.NET.Sdk.Razor\targets\Microsoft.NET.Sdk.Razor.GenerateAssemblyInfo.targets (36,5)
       C:\Program Files\dotnet\sdk\9.0.302\Sdks\Microsoft.NET.Sdk.Razor\targets\Microsoft.NET.Sdk.Razor.GenerateAssemblyInfo.targets(181,5): message : Réassignation de propriété : $(CoreCompileDependsOn)="
       C:\Program Files\dotnet\sdk\9.0.302\Sdks\Microsoft.NET.Sdk.Razor\targets\Microsoft.NET.Sdk.Razor.GenerateAssemblyInfo.targets(181,5): message :       ;_ComputeNonExistentFileProperty;ResolveCodeAnalysisRuleSet;
       C:\Program Files\dotnet\sdk\9.0.302\Sdks\Microsoft.NET.Sdk.Razor\targets\Microsoft.NET.Sdk.Razor.GenerateAssemblyInfo.targets(181,5): message :       _GenerateRazorAssemblyInfo
       C:\Program Files\dotnet\sdk\9.0.302\Sdks\Microsoft.NET.Sdk.Razor\targets\Microsoft.NET.Sdk.Razor.GenerateAssemblyInfo.targets(181,5): message :     " (valeur précédente : ";_ComputeNonExistentFileProperty;ResolveCodeAnalysisRuleSet") à C:\Program Files\dotnet\sdk\9.0.302\Sdks\Microsoft.NET.Sdk.Razor\targets\Microsoft.NET.Sdk.Razor.GenerateAssemblyInfo.targets (181,5)
       C:\Program Files\dotnet\sdk\9.0.302\Sdks\Microsoft.NET.Sdk.Razor\targets\Microsoft.NET.Sdk.Razor.GenerateAssemblyInfo.targets(189,5): message : Réassignation de propriété : $(_GenerateRazorAssemblyInfoDependsOn)="
       C:\Program Files\dotnet\sdk\9.0.302\Sdks\Microsoft.NET.Sdk.Razor\targets\Microsoft.NET.Sdk.Razor.GenerateAssemblyInfo.targets(189,5): message :       _ResolveMvcAssemblyAttributes;
       C:\Program Files\dotnet\sdk\9.0.302\Sdks\Microsoft.NET.Sdk.Razor\targets\Microsoft.NET.Sdk.Razor.GenerateAssemblyInfo.targets(189,5): message :       RazorGetAssemblyAttributes;PrepareForBuild;_CoreGenerateRazorAssemblyInfo;
       C:\Program Files\dotnet\sdk\9.0.302\Sdks\Microsoft.NET.Sdk.Razor\targets\Microsoft.NET.Sdk.Razor.GenerateAssemblyInfo.targets(189,5): message :     " (valeur précédente : "RazorGetAssemblyAttributes;PrepareForBuild;_CoreGenerateRazorAssemblyInfo") à C:\Program Files\dotnet\sdk\9.0.302\Sdks\Microsoft.NET.Sdk.Razor\targets\Microsoft.NET.Sdk.Razor.GenerateAssemblyInfo.targets (189,5)
       C:\Program Files\dotnet\sdk\9.0.302\Sdks\Microsoft.NET.Sdk.Razor\targets\Microsoft.NET.Sdk.Razor.MvcApplicationPartsDiscovery.targets(22,5): message : Réassignation de propriété : $(CoreCompileDependsOn)="
       C:\Program Files\dotnet\sdk\9.0.302\Sdks\Microsoft.NET.Sdk.Razor\targets\Microsoft.NET.Sdk.Razor.MvcApplicationPartsDiscovery.targets(22,5): message :       _DiscoverMvcApplicationParts;
       C:\Program Files\dotnet\sdk\9.0.302\Sdks\Microsoft.NET.Sdk.Razor\targets\Microsoft.NET.Sdk.Razor.MvcApplicationPartsDiscovery.targets(22,5): message :       
       C:\Program Files\dotnet\sdk\9.0.302\Sdks\Microsoft.NET.Sdk.Razor\targets\Microsoft.NET.Sdk.Razor.MvcApplicationPartsDiscovery.targets(22,5): message :       ;_ComputeNonExistentFileProperty;ResolveCodeAnalysisRuleSet;
       C:\Program Files\dotnet\sdk\9.0.302\Sdks\Microsoft.NET.Sdk.Razor\targets\Microsoft.NET.Sdk.Razor.MvcApplicationPartsDiscovery.targets(22,5): message :       _GenerateRazorAssemblyInfo
       C:\Program Files\dotnet\sdk\9.0.302\Sdks\Microsoft.NET.Sdk.Razor\targets\Microsoft.NET.Sdk.Razor.MvcApplicationPartsDiscovery.targets(22,5): message :     ;
       C:\Program Files\dotnet\sdk\9.0.302\Sdks\Microsoft.NET.Sdk.Razor\targets\Microsoft.NET.Sdk.Razor.MvcApplicationPartsDiscovery.targets(22,5): message :     " (valeur précédente : "
       C:\Program Files\dotnet\sdk\9.0.302\Sdks\Microsoft.NET.Sdk.Razor\targets\Microsoft.NET.Sdk.Razor.MvcApplicationPartsDiscovery.targets(22,5): message :       ;_ComputeNonExistentFileProperty;ResolveCodeAnalysisRuleSet;
       C:\Program Files\dotnet\sdk\9.0.302\Sdks\Microsoft.NET.Sdk.Razor\targets\Microsoft.NET.Sdk.Razor.MvcApplicationPartsDiscovery.targets(22,5): message :       _GenerateRazorAssemblyInfo
       C:\Program Files\dotnet\sdk\9.0.302\Sdks\Microsoft.NET.Sdk.Razor\targets\Microsoft.NET.Sdk.Razor.MvcApplicationPartsDiscovery.targets(22,5): message :     ") à C:\Program Files\dotnet\sdk\9.0.302\Sdks\Microsoft.NET.Sdk.Razor\targets\Microsoft.NET.Sdk.Razor.MvcApplicationPartsDiscovery.targets (22,5)
       C:\Program Files\dotnet\sdk\9.0.302\Sdks\Microsoft.NET.Sdk.Razor\targets\Sdk.Razor.CurrentVersion.targets(791,5): message : Réassignation de propriété : $(RazorDesignTimeTargets)="C:\Program Files\dotnet\sdk\9.0.302\Sdks\Microsoft.NET.Sdk.Razor\targets\Microsoft.NET.Sdk.Razor.DesignTime.targets" (valeur précédente : "C:\Program Files\dotnet\sdk\9.0.302\\Microsoft\VisualStudio\Razor\Microsoft.NET.Sdk.Razor.DesignTime.targets") à C:\Program Files\dotnet\sdk\9.0.302\Sdks\Microsoft.NET.Sdk.Razor\targets\Sdk.Razor.CurrentVersion.targets (791,5)
       C:\Program Files\dotnet\sdk\9.0.302\Sdks\Microsoft.NET.Sdk.Web.ProjectSystem\targets\Microsoft.NET.Sdk.Web.ProjectSystem.targets(21,5): message : Réassignation de propriété : $(RunWorkingDirectory)="C:\Users\kerne\Music\Apps\DiversityPub" (valeur précédente : "") à C:\Program Files\dotnet\sdk\9.0.302\Sdks\Microsoft.NET.Sdk.Web.ProjectSystem\targets\Microsoft.NET.Sdk.Web.ProjectSystem.targets (21,5)
       C:\Program Files\dotnet\sdk\9.0.302\Sdks\Microsoft.NET.Sdk.Publish\targets\Microsoft.NET.Sdk.Publish.targets(60,5): message : Réassignation de propriété : $(PublishProfileImported)="true" (valeur précédente : "false") à C:\Program Files\dotnet\sdk\9.0.302\Sdks\Microsoft.NET.Sdk.Publish\targets\Microsoft.NET.Sdk.Publish.targets (60,5)
       C:\Program Files\dotnet\sdk\9.0.302\Sdks\Microsoft.NET.Sdk.Publish\targets\Microsoft.NET.Sdk.Publish.targets(81,5): message : Réassignation de propriété : $(PublishConfiguration)="Debug" (valeur précédente : "") à C:\Program Files\dotnet\sdk\9.0.302\Sdks\Microsoft.NET.Sdk.Publish\targets\Microsoft.NET.Sdk.Publish.targets (81,5)
       C:\Program Files\dotnet\sdk\9.0.302\Sdks\Microsoft.NET.Sdk.Publish\targets\Microsoft.NET.Sdk.Publish.targets(87,5): message : Réassignation de propriété : $(BaseIntermediateOutputPath)="C:\Users\kerne\Music\Apps\DiversityPub\obj\" (valeur précédente : "obj\") à C:\Program Files\dotnet\sdk\9.0.302\Sdks\Microsoft.NET.Sdk.Publish\targets\Microsoft.NET.Sdk.Publish.targets (87,5)
   1:2>Exécution de la tâche "MSBuild" terminée -- ÉCHEC.
   1:2>Génération de la cible "Build" terminée dans le projet "DiversityPub.sln" -- ÉCHEC.
   1:2>Génération du projet "C:\Users\kerne\Music\Apps\DiversityPub\DiversityPub.sln" terminée (cibles par défaut) -- ÉCHEC.
     0>Remplacement de la cible "ResolveFrameworkReferences" du projet "C:\Program Files\dotnet\sdk\9.0.302\Microsoft.Common.CurrentVersion.targets" par la cible "ResolveFrameworkReferences" du projet "C:\Program Files\dotnet\sdk\9.0.302\Sdks\Microsoft.NET.Sdk\targets\Microsoft.NET.Sdk.FrameworkReferenceResolution.targets".
       Remplacement de la cible "Run" du projet "C:\Program Files\dotnet\sdk\9.0.302\Microsoft.Common.CurrentVersion.targets" par la cible "Run" du projet "C:\Program Files\dotnet\sdk\9.0.302\Sdks\Microsoft.NET.Sdk\targets\Microsoft.NET.Sdk.targets".
       Remplacement de la cible "GenerateSupportedTargetFrameworkAlias" du projet "C:\Program Files\dotnet\sdk\9.0.302\Microsoft.Common.CurrentVersion.targets" par la cible "GenerateSupportedTargetFrameworkAlias" du projet "C:\Program Files\dotnet\sdk\9.0.302\Sdks\Microsoft.NET.Sdk\targets\Microsoft.NET.Sdk.targets".
       Remplacement de la cible "GetReferenceAssemblyPaths" du projet "C:\Program Files\dotnet\sdk\9.0.302\Microsoft.Common.CurrentVersion.targets" par la cible "GetReferenceAssemblyPaths" du projet "C:\Program Files\dotnet\sdk\9.0.302\Sdks\Microsoft.NET.Sdk\targets\Microsoft.NET.DisableStandardFrameworkResolution.targets".
       Remplacement de la cible "GetFrameworkPaths" du projet "C:\Program Files\dotnet\sdk\9.0.302\Microsoft.Common.CurrentVersion.targets" par la cible "GetFrameworkPaths" du projet "C:\Program Files\dotnet\sdk\9.0.302\Sdks\Microsoft.NET.Sdk\targets\Microsoft.NET.DisableStandardFrameworkResolution.targets".
       Remplacement de la cible "DesignerRuntimeImplementationProjectOutputGroup" du projet "C:\Program Files\dotnet\sdk\9.0.302\Microsoft.Common.CurrentVersion.targets" par la cible "DesignerRuntimeImplementationProjectOutputGroup" du projet "C:\Program Files\dotnet\sdk\9.0.302\Sdks\Microsoft.NET.Sdk\targets\Microsoft.NET.DesignerSupport.targets".
       Remplacement de la cible "Publish" du projet "C:\Program Files\dotnet\sdk\9.0.302\Microsoft.Common.CurrentVersion.targets" par la cible "Publish" du projet "C:\Program Files\dotnet\sdk\9.0.302\Sdks\Microsoft.NET.Sdk\targets\Microsoft.NET.Publish.targets".
       Remplacement de la cible "ResolveReadyToRunCompilers" du projet "C:\Program Files\dotnet\sdk\9.0.302\Sdks\Microsoft.NET.Sdk\targets\Microsoft.NET.CrossGen.targets" par la cible "ResolveReadyToRunCompilers" du projet "C:\Program Files\dotnet\sdk\9.0.302\Sdks\Microsoft.NET.Sdk\targets\Microsoft.NET.Publish.targets".
       Remplacement de la cible "GetCopyToPublishDirectoryItems" du projet "C:\Program Files\dotnet\sdk\9.0.302\Microsoft.Common.CurrentVersion.targets" par la cible "GetCopyToPublishDirectoryItems" du projet "C:\Program Files\dotnet\sdk\9.0.302\Sdks\Microsoft.NET.Sdk\targets\Microsoft.NET.Publish.targets".
       Remplacement de la cible "BeforePublish" du projet "C:\Program Files\dotnet\sdk\9.0.302\Microsoft.Common.CurrentVersion.targets" par la cible "BeforePublish" du projet "C:\Program Files\dotnet\sdk\9.0.302\Sdks\Microsoft.NET.Sdk.Publish\targets\Microsoft.NET.Sdk.Publish.targets".
       Remplacement de la cible "AfterPublish" du projet "C:\Program Files\dotnet\sdk\9.0.302\Microsoft.Common.CurrentVersion.targets" par la cible "AfterPublish" du projet "C:\Program Files\dotnet\sdk\9.0.302\Sdks\Microsoft.NET.Sdk.Publish\targets\Microsoft.NET.Sdk.Publish.targets".
       La cible "ResolveNuGetPackageAssets" répertoriée dans un attribut AfterTargets à "C:\Users\kerne\.nuget\packages\system.text.json\7.0.3\buildTransitive\net6.0\System.Text.Json.targets (11,11)" n'existe pas dans le projet et sera ignorée.
       La cible "ResolveNuGetPackageAssets" répertoriée dans un attribut AfterTargets à "C:\Users\kerne\.nuget\packages\system.text.json\7.0.3\buildTransitive\net6.0\System.Text.Json.targets (23,11)" n'existe pas dans le projet et sera ignorée.
       La cible "ResolveNuGetPackageAssets" répertoriée dans un attribut AfterTargets à "C:\Users\kerne\.nuget\packages\microsoft.extensions.options\8.0.2\buildTransitive\net6.0\Microsoft.Extensions.Options.targets (11,11)" n'existe pas dans le projet et sera ignorée.
       La cible "ResolveNuGetPackageAssets" répertoriée dans un attribut AfterTargets à "C:\Users\kerne\.nuget\packages\microsoft.extensions.options\8.0.2\buildTransitive\net6.0\Microsoft.Extensions.Options.targets (23,11)" n'existe pas dans le projet et sera ignorée.
       La cible "ResolveNuGetPackageAssets" répertoriée dans un attribut AfterTargets à "C:\Users\kerne\.nuget\packages\microsoft.extensions.logging.abstractions\8.0.2\buildTransitive\net6.0\Microsoft.Extensions.Logging.Abstractions.targets (11,11)" n'existe pas dans le projet et sera ignorée.
       La cible "ResolveNuGetPackageAssets" répertoriée dans un attribut AfterTargets à "C:\Users\kerne\.nuget\packages\microsoft.extensions.logging.abstractions\8.0.2\buildTransitive\net6.0\Microsoft.Extensions.Logging.Abstractions.targets (23,11)" n'existe pas dans le projet et sera ignorée.
       La cible "CollectUpToDateCheckInputDesignTime" répertoriée dans un attribut BeforeTargets à "C:\Program Files\dotnet\sdk\9.0.302\Sdks\Microsoft.NET.Sdk.StaticWebAssets\targets\Microsoft.NET.Sdk.StaticWebAssets.ScopedCss.targets (171,5)" n'existe pas dans le projet et sera ignorée.
       La cible "CollectUpToDateCheckBuiltDesignTime" répertoriée dans un attribut BeforeTargets à "C:\Program Files\dotnet\sdk\9.0.302\Sdks\Microsoft.NET.Sdk.StaticWebAssets\targets\Microsoft.NET.Sdk.StaticWebAssets.ScopedCss.targets (171,5)" n'existe pas dans le projet et sera ignorée.
       La cible "RazorGenerateComponentDeclaration" répertoriée dans un attribut AfterTargets à "C:\Program Files\dotnet\sdk\9.0.302\Sdks\Microsoft.NET.Sdk.Razor\targets\Microsoft.NET.Sdk.Razor.DesignTime.targets (55,53)" n'existe pas dans le projet et sera ignorée.

ÉCHEC de la build.
    0 Avertissement(s)
    0 Erreur(s)

Temps écoulé 00:00:02.84

Des mises à jour de la charge de travail sont disponibles. Exécutez `dotnet workload list` pour plus d’informations.
